Archive member included to satisfy reference by file (symbol)

C:\tmp\idpa\atmel\dma_debug\dma_debug\ArduinoCore\Debug\libArduinoCore.a(abi.o)
                              Sketch.o (__cxa_pure_virtual)
C:\tmp\idpa\atmel\dma_debug\dma_debug\ArduinoCore\Debug\libArduinoCore.a(cortex_handlers.o)
                              (Reset_Handler)
C:\tmp\idpa\atmel\dma_debug\dma_debug\ArduinoCore\Debug\libArduinoCore.a(delay.o)
                              Sketch.o (micros)
C:\tmp\idpa\atmel\dma_debug\dma_debug\ArduinoCore\Debug\libArduinoCore.a(hooks.o)
                              C:\tmp\idpa\atmel\dma_debug\dma_debug\ArduinoCore\Debug\libArduinoCore.a(delay.o) (yield)
C:\tmp\idpa\atmel\dma_debug\dma_debug\ArduinoCore\Debug\libArduinoCore.a(main.o)
                              c:/program files (x86)/atmel/studio/7.0/toolchain/arm/arm-gnu-toolchain/bin/../lib/gcc/arm-none-eabi/5.3.1/../../../../arm-none-eabi/lib/armv6-m/crt0.o (main)
C:\tmp\idpa\atmel\dma_debug\dma_debug\ArduinoCore\Debug\libArduinoCore.a(Print.o)
                              Sketch.o (Print::print(char const*))
C:\tmp\idpa\atmel\dma_debug\dma_debug\ArduinoCore\Debug\libArduinoCore.a(Reset.o)
                              C:\tmp\idpa\atmel\dma_debug\dma_debug\ArduinoCore\Debug\libArduinoCore.a(delay.o) (tickReset)
C:\tmp\idpa\atmel\dma_debug\dma_debug\ArduinoCore\Debug\libArduinoCore.a(startup.o)
                              C:\tmp\idpa\atmel\dma_debug\dma_debug\ArduinoCore\Debug\libArduinoCore.a(cortex_handlers.o) (SystemInit)
C:\tmp\idpa\atmel\dma_debug\dma_debug\ArduinoCore\Debug\libArduinoCore.a(CDC.o)
                              Sketch.o (Serial_::begin(unsigned long))
C:\tmp\idpa\atmel\dma_debug\dma_debug\ArduinoCore\Debug\libArduinoCore.a(USBCore.o)
                              C:\tmp\idpa\atmel\dma_debug\dma_debug\ArduinoCore\Debug\libArduinoCore.a(main.o) (USBDeviceClass::init())
C:\tmp\idpa\atmel\dma_debug\dma_debug\ArduinoCore\Debug\libArduinoCore.a(wiring.o)
                              C:\tmp\idpa\atmel\dma_debug\dma_debug\ArduinoCore\Debug\libArduinoCore.a(main.o) (init)
C:\tmp\idpa\atmel\dma_debug\dma_debug\ArduinoCore\Debug\libArduinoCore.a(wiring_analog.o)
                              Sketch.o (analogWriteResolution)
C:\tmp\idpa\atmel\dma_debug\dma_debug\ArduinoCore\Debug\libArduinoCore.a(wiring_digital.o)
                              Sketch.o (pinMode)
C:\tmp\idpa\atmel\dma_debug\dma_debug\ArduinoCore\Debug\libArduinoCore.a(wiring_private.o)
                              C:\tmp\idpa\atmel\dma_debug\dma_debug\ArduinoCore\Debug\libArduinoCore.a(wiring_analog.o) (pinPeripheral)
C:\tmp\idpa\atmel\dma_debug\dma_debug\ArduinoCore\Debug\libArduinoCore.a(arduinoFFT.o)
                              Sketch.o (arduinoFFT::arduinoFFT())
C:\tmp\idpa\atmel\dma_debug\dma_debug\ArduinoCore\Debug\libArduinoCore.a(colorutils.o)
                              Sketch.o (fill_solid(CRGB*, int, CRGB const&))
C:\tmp\idpa\atmel\dma_debug\dma_debug\ArduinoCore\Debug\libArduinoCore.a(FastLED.o)
                              Sketch.o (CFastLED::addLeds(CLEDController*, CRGB*, int, int))
C:\tmp\idpa\atmel\dma_debug\dma_debug\ArduinoCore\Debug\libArduinoCore.a(hsv2rgb.o)
                              Sketch.o (hsv2rgb_rainbow(CHSV const&, CRGB&))
C:\tmp\idpa\atmel\dma_debug\dma_debug\ArduinoCore\Debug\libArduinoCore.a(power_mgt.o)
                              Sketch.o (calculate_max_brightness_for_power_mW(unsigned char, unsigned long))
C:\tmp\idpa\atmel\dma_debug\dma_debug\ArduinoCore\Debug\libArduinoCore.a(variant.o)
                              C:\tmp\idpa\atmel\dma_debug\dma_debug\ArduinoCore\Debug\libArduinoCore.a(wiring_analog.o) (g_apTCInstances)
C:\tmp\idpa\atmel\dma_debug\dma_debug\ArduinoCore\Debug\libArduinoCore.a(new.o)
                              C:\tmp\idpa\atmel\dma_debug\dma_debug\ArduinoCore\Debug\libArduinoCore.a(USBCore.o) (operator new(unsigned int))
C:\tmp\idpa\atmel\dma_debug\dma_debug\ArduinoCore\Debug\libArduinoCore.a(SERCOM.o)
                              C:\tmp\idpa\atmel\dma_debug\dma_debug\ArduinoCore\Debug\libArduinoCore.a(variant.o) (SERCOM::SERCOM(Sercom*))
C:\tmp\idpa\atmel\dma_debug\dma_debug\ArduinoCore\Debug\libArduinoCore.a(Uart.o)
                              C:\tmp\idpa\atmel\dma_debug\dma_debug\ArduinoCore\Debug\libArduinoCore.a(variant.o) (Uart::Uart(SERCOM*, unsigned char, unsigned char, SercomRXPad, SercomUartTXPad))
C:\tmp\idpa\atmel\dma_debug\dma_debug\ArduinoCore\Debug\libArduinoCore.a(PluggableUSB.o)
                              C:\tmp\idpa\atmel\dma_debug\dma_debug\ArduinoCore\Debug\libArduinoCore.a(USBCore.o) (PluggableUSB_::getInterface(unsigned char*))
C:\tmp\idpa\atmel\dma_debug\dma_debug\ArduinoCore\Debug\libArduinoCore.a(RingBuffer.o)
                              C:\tmp\idpa\atmel\dma_debug\dma_debug\ArduinoCore\Debug\libArduinoCore.a(Uart.o) (RingBuffer::RingBuffer())
[...]
Memory Configuration

Name             Origin             Length             Attributes
FLASH            0x00000000         0x00040000         xr
RAM              0x20000000         0x00008000         xrw
*default*        0x00000000         0xffffffff

Linker script and memory map

LOAD c:/program files (x86)/atmel/studio/7.0/toolchain/arm/arm-gnu-toolchain/bin/../lib/gcc/arm-none-eabi/5.3.1/armv6-m/crti.o
LOAD c:/program files (x86)/atmel/studio/7.0/toolchain/arm/arm-gnu-toolchain/bin/../lib/gcc/arm-none-eabi/5.3.1/armv6-m/crtbegin.o
LOAD c:/program files (x86)/atmel/studio/7.0/toolchain/arm/arm-gnu-toolchain/bin/../lib/gcc/arm-none-eabi/5.3.1/../../../../arm-none-eabi/lib/armv6-m/crt0.o
LOAD Sketch.o
START GROUP
LOAD C:\tmp\idpa\atmel\dma_debug\dma_debug\ArduinoCore\Debug\libArduinoCore.a
END GROUP
LOAD c:/program files (x86)/atmel/studio/7.0/toolchain/arm/arm-gnu-toolchain/bin/../lib/gcc/arm-none-eabi/5.3.1/../../../../arm-none-eabi/lib/armv6-m\libstdc++_nano.a
LOAD c:/program files (x86)/atmel/studio/7.0/toolchain/arm/arm-gnu-toolchain/bin/../lib/gcc/arm-none-eabi/5.3.1/../../../../arm-none-eabi/lib/armv6-m\libm.a
START GROUP
LOAD c:/program files (x86)/atmel/studio/7.0/toolchain/arm/arm-gnu-toolchain/bin/../lib/gcc/arm-none-eabi/5.3.1/armv6-m\libgcc.a
LOAD c:/program files (x86)/atmel/studio/7.0/toolchain/arm/arm-gnu-toolchain/bin/../lib/gcc/arm-none-eabi/5.3.1/../../../../arm-none-eabi/lib/armv6-m\libc_nano.a
END GROUP
START GROUP
LOAD c:/program files (x86)/atmel/studio/7.0/toolchain/arm/arm-gnu-toolchain/bin/../lib/gcc/arm-none-eabi/5.3.1/armv6-m\libgcc.a
LOAD c:/program files (x86)/atmel/studio/7.0/toolchain/arm/arm-gnu-toolchain/bin/../lib/gcc/arm-none-eabi/5.3.1/../../../../arm-none-eabi/lib/armv6-m\libc_nano.a
LOAD c:/program files (x86)/atmel/studio/7.0/toolchain/arm/arm-gnu-toolchain/bin/../lib/gcc/arm-none-eabi/5.3.1/../../../../arm-none-eabi/lib/armv6-m\libnosys.a
END GROUP
START GROUP
LOAD c:/program files (x86)/atmel/studio/7.0/toolchain/arm/arm-gnu-toolchain/bin/../lib/gcc/arm-none-eabi/5.3.1/armv6-m\libgcc.a
LOAD c:/program files (x86)/atmel/studio/7.0/toolchain/arm/arm-gnu-toolchain/bin/../lib/gcc/arm-none-eabi/5.3.1/../../../../arm-none-eabi/lib/armv6-m\libc_nano.a
LOAD c:/program files (x86)/atmel/studio/7.0/toolchain/arm/arm-gnu-toolchain/bin/../lib/gcc/arm-none-eabi/5.3.1/../../../../arm-none-eabi/lib/armv6-m\libnosys.a
END GROUP
LOAD c:/program files (x86)/atmel/studio/7.0/toolchain/arm/arm-gnu-toolchain/bin/../lib/gcc/arm-none-eabi/5.3.1/armv6-m/crtend.o
LOAD c:/program files (x86)/atmel/studio/7.0/toolchain/arm/arm-gnu-toolchain/bin/../lib/gcc/arm-none-eabi/5.3.1/armv6-m/crtn.o

.text           0x00000000     0x8740
                0x00000000                __text_start__ = .
 *(.isr_vector)
 .isr_vector    0x00000000       0xb4 C:\tmp\idpa\atmel\dma_debug\dma_debug\ArduinoCore\Debug\libArduinoCore.a(cortex_handlers.o)
                0x00000000                exception_table
 *(.text*)
 .text          0x000000b4       0x60 c:/program files (x86)/atmel/studio/7.0/toolchain/arm/arm-gnu-toolchain/bin/../lib/gcc/arm-none-eabi/5.3.1/armv6-m/crtbegin.o
 .text._ZN14CLEDController4sizeEv
                0x00000114        0x4 Sketch.o
                0x00000114                CLEDController::size()
 .text._ZNK14CLEDController17getMaxRefreshRateEv
                0x00000118        0x4 Sketch.o
                0x00000118                CLEDController::getMaxRefreshRate() const
 .text._ZN3Pin6selectEv
                0x0000011c        0xc Sketch.o
                0x0000011c                Pin::select()
 .text._ZN3Pin7releaseEv
                0x00000128        0xc Sketch.o
                0x00000128                Pin::release()
 .text._ZN20AVRSoftwareSPIOutputILh6ELh9ELh4EE9writeByteEh.constprop.14
                0x00000134       0xe0 Sketch.o
 .text._ZN16APA102ControllerILh6ELh9EL6EOrder136ELh4EE4initEv
                0x00000214       0xa8 Sketch.o
                0x00000214                APA102Controller<(unsigned char)6, (unsigned char)9, (EOrder)136, (unsigned char)4>::init()
 .text._ZN14CLEDController9clearLedsEi
                0x000002bc      0x144 Sketch.o
                0x000002bc                CLEDController::clearLeds(int)
 .text._ZN19CPixelLEDControllerIL6EOrder136ELi1ELm4294967295EE4showEPK4CRGBiS2_
                0x00000400      0x120 Sketch.o
                0x00000400                CPixelLEDController<(EOrder)136, 1, 4294967295ul>::show(CRGB const*, int, CRGB)
 .text._ZN19CPixelLEDControllerIL6EOrder136ELi1ELm4294967295EE9showColorERK4CRGBiS2_
                0x00000520      0x120 Sketch.o
                0x00000520                CPixelLEDController<(EOrder)136, 1, 4294967295ul>::showColor(CRGB const&, int, CRGB)
 .text.HardFault_HandlerC
                0x00000640       0x64 Sketch.o
                0x00000640                HardFault_HandlerC
 .text.HardFault_Handler
                0x000006a4       0x1c Sketch.o
                0x000006a4                HardFault_Handler
 .text.DMAC_Handler
                0x000006c0       0x50 Sketch.o
                0x000006c0                DMAC_Handler
 .text.setup    0x00000710      0x1a0 Sketch.o
                0x00000710                setup
 .text.loop     0x000008b0      0x2bc Sketch.o
                0x000008b0                loop
 .text._ZN20AVRSoftwareSPIOutputILh6ELh9ELh4EE9writeByteEh
                0x00000b6c      0x138 Sketch.o
                0x00000b6c                AVRSoftwareSPIOutput<(unsigned char)6, (unsigned char)9, (unsigned char)4>::writeByte(unsigned char)
 .text._ZN16APA102ControllerILh6ELh9EL6EOrder136ELh4EE10showPixelsER15PixelControllerILS0_136ELi1ELm4294967295EE
                0x00000ca4      0x59c Sketch.o
                0x00000ca4                APA102Controller<(unsigned char)6, (unsigned char)9, (EOrder)136, (unsigned char)4>::showPixels(PixelController<(EOrder)136, 1, 4294967295ul>&)
 .text.startup._GLOBAL__sub_I_fft
                0x00001240       0x24 Sketch.o
 .text.__cxa_pure_virtual
                0x00001264        0x4 C:\tmp\idpa\atmel\dma_debug\dma_debug\ArduinoCore\Debug\libArduinoCore.a(abi.o)
                0x00001264                __cxa_pure_virtual
 .text.Dummy_Handler
                0x00001268        0x4 C:\tmp\idpa\atmel\dma_debug\dma_debug\ArduinoCore\Debug\libArduinoCore.a(cortex_handlers.o)
                0x00001268                AC_Handler
                0x00001268                PendSV_Handler
                0x00001268                NMI_Handler
                0x00001268                TC7_Handler
                0x00001268                SERCOM1_Handler
                0x00001268                ADC_Handler
                0x00001268                TCC1_Handler
                0x00001268                SERCOM2_Handler
                0x00001268                TCC0_Handler
                0x00001268                RTC_Handler
                0x00001268                EIC_Handler
                0x00001268                TC6_Handler
                0x00001268                WDT_Handler
                0x00001268                TC4_Handler
                0x00001268                TC3_Handler
                0x00001268                Dummy_Handler
                0x00001268                PM_Handler
                0x00001268                SVC_Handler
                0x00001268                TCC2_Handler
                0x00001268                EVSYS_Handler
                0x00001268                SERCOM3_Handler
                0x00001268                SERCOM4_Handler
                0x00001268                I2S_Handler
                0x00001268                NVMCTRL_Handler
                0x00001268                DAC_Handler
                0x00001268                PTC_Handler
                0x00001268                SYSCTRL_Handler
 .text.USB_Handler
                0x0000126c       0x14 C:\tmp\idpa\atmel\dma_debug\dma_debug\ArduinoCore\Debug\libArduinoCore.a(cortex_handlers.o)
                0x0000126c                USB_Handler
 .text.Reset_Handler
                0x00001280       0x60 C:\tmp\idpa\atmel\dma_debug\dma_debug\ArduinoCore\Debug\libArduinoCore.a(cortex_handlers.o)
                0x00001280                Reset_Handler
 .text.SysTick_Handler
                0x000012e0       0x10 C:\tmp\idpa\atmel\dma_debug\dma_debug\ArduinoCore\Debug\libArduinoCore.a(cortex_handlers.o)
                0x000012e0                SysTick_Handler
 .text.USB_SetHandler
                0x000012f0        0xc C:\tmp\idpa\atmel\dma_debug\dma_debug\ArduinoCore\Debug\libArduinoCore.a(cortex_handlers.o)
                0x000012f0                USB_SetHandler
 .text.millis   0x000012fc        0xc C:\tmp\idpa\atmel\dma_debug\dma_debug\ArduinoCore\Debug\libArduinoCore.a(delay.o)
                0x000012fc                millis
 .text.micros   0x00001308       0x6c C:\tmp\idpa\atmel\dma_debug\dma_debug\ArduinoCore\Debug\libArduinoCore.a(delay.o)
                0x00001308                micros
 .text.delay    0x00001374       0x1c C:\tmp\idpa\atmel\dma_debug\dma_debug\ArduinoCore\Debug\libArduinoCore.a(delay.o)
                0x00001374                delay
 .text.SysTick_DefaultHandler
                0x00001390       0x14 C:\tmp\idpa\atmel\dma_debug\dma_debug\ArduinoCore\Debug\libArduinoCore.a(delay.o)
                0x00001390                SysTick_DefaultHandler
 .text.__empty  0x000013a4        0x4 C:\tmp\idpa\atmel\dma_debug\dma_debug\ArduinoCore\Debug\libArduinoCore.a(hooks.o)
                0x000013a4                yield
 .text.__false  0x000013a8        0x4 C:\tmp\idpa\atmel\dma_debug\dma_debug\ArduinoCore\Debug\libArduinoCore.a(hooks.o)
                0x000013a8                sysTickHook
 .text._Z11initVariantv
                0x000013ac        0x4 C:\tmp\idpa\atmel\dma_debug\dma_debug\ArduinoCore\Debug\libArduinoCore.a(main.o)
                0x000013ac                initVariant()
 .text.startup.main
                0x000013b0       0x44 C:\tmp\idpa\atmel\dma_debug\dma_debug\ArduinoCore\Debug\libArduinoCore.a(main.o)
                0x000013b0                main
 .text._ZN5Print5writeEPKhj
                0x000013f4       0x28 C:\tmp\idpa\atmel\dma_debug\dma_debug\ArduinoCore\Debug\libArduinoCore.a(Print.o)
                0x000013f4                Print::write(unsigned char const*, unsigned int)
 .text._ZN5Print5printEPKc
                0x0000141c       0x20 C:\tmp\idpa\atmel\dma_debug\dma_debug\ArduinoCore\Debug\libArduinoCore.a(Print.o)
                0x0000141c                Print::print(char const*)
 .text._ZN5Print7printlnEPKc
                0x0000143c       0x34 C:\tmp\idpa\atmel\dma_debug\dma_debug\ArduinoCore\Debug\libArduinoCore.a(Print.o)
                0x0000143c                Print::println(char const*)
 .text._ZN5Print7printlnEmi
                0x00001470       0x94 C:\tmp\idpa\atmel\dma_debug\dma_debug\ArduinoCore\Debug\libArduinoCore.a(Print.o)
                0x00001470                Print::println(unsigned long, int)
 .text._ZN5Print10printFloatEdh
                0x00001504      0x224 C:\tmp\idpa\atmel\dma_debug\dma_debug\ArduinoCore\Debug\libArduinoCore.a(Print.o)
                0x00001504                Print::printFloat(double, unsigned char)
 .text._ZN5Print5printEdi
                0x00001728       0x18 C:\tmp\idpa\atmel\dma_debug\dma_debug\ArduinoCore\Debug\libArduinoCore.a(Print.o)
                0x00001728                Print::print(double, int)
 .text.initiateReset
                0x00001740        0xc C:\tmp\idpa\atmel\dma_debug\dma_debug\ArduinoCore\Debug\libArduinoCore.a(Reset.o)
                0x00001740                initiateReset
 .text.cancelReset
                0x0000174c       0x10 C:\tmp\idpa\atmel\dma_debug\dma_debug\ArduinoCore\Debug\libArduinoCore.a(Reset.o)
                0x0000174c                cancelReset
 .text.tickReset
                0x0000175c       0x74 C:\tmp\idpa\atmel\dma_debug\dma_debug\ArduinoCore\Debug\libArduinoCore.a(Reset.o)
                0x0000175c                tickReset
 .text.SystemInit
                0x000017d0      0x188 C:\tmp\idpa\atmel\dma_debug\dma_debug\ArduinoCore\Debug\libArduinoCore.a(startup.o)
                0x000017d0                SystemInit
 .text._ZN7Serial_17availableForWriteEv
                0x00001958        0x4 C:\tmp\idpa\atmel\dma_debug\dma_debug\ArduinoCore\Debug\libArduinoCore.a(CDC.o)
                0x00001958                Serial_::availableForWrite()
 .text._ZN7Serial_9availableEv
                0x0000195c        0xc C:\tmp\idpa\atmel\dma_debug\dma_debug\ArduinoCore\Debug\libArduinoCore.a(CDC.o)
                0x0000195c                Serial_::available()
 .text._ZN7Serial_5flushEv
                0x00001968        0xc C:\tmp\idpa\atmel\dma_debug\dma_debug\ArduinoCore\Debug\libArduinoCore.a(CDC.o)
                0x00001968                Serial_::flush()
 .text._ZN7Serial_5writeEPKhj
                0x00001974       0x1c C:\tmp\idpa\atmel\dma_debug\dma_debug\ArduinoCore\Debug\libArduinoCore.a(CDC.o)
                0x00001974                Serial_::write(unsigned char const*, unsigned int)
 .text._ZN7Serial_4readEv
                0x00001990       0x24 C:\tmp\idpa\atmel\dma_debug\dma_debug\ArduinoCore\Debug\libArduinoCore.a(CDC.o)
                0x00001990                Serial_::read()
 .text._ZN7Serial_5writeEh
                0x000019b4       0x3c C:\tmp\idpa\atmel\dma_debug\dma_debug\ArduinoCore\Debug\libArduinoCore.a(CDC.o)
                0x000019b4                Serial_::write(unsigned char)
 .text._ZN7Serial_4peekEv
                0x000019f0       0x34 C:\tmp\idpa\atmel\dma_debug\dma_debug\ArduinoCore\Debug\libArduinoCore.a(CDC.o)
                0x000019f0                Serial_::peek()
 .text._Z16CDC_GetInterfacePh
                0x00001a24       0x1c C:\tmp\idpa\atmel\dma_debug\dma_debug\ArduinoCore\Debug\libArduinoCore.a(CDC.o)
                0x00001a24                CDC_GetInterface(unsigned char*)
 .text._Z9CDC_SetupR8USBSetup
                0x00001a40       0x7c C:\tmp\idpa\atmel\dma_debug\dma_debug\ArduinoCore\Debug\libArduinoCore.a(CDC.o)
                0x00001a40                CDC_Setup(USBSetup&)
 .text._ZN7Serial_5beginEm
                0x00001abc        0x4 C:\tmp\idpa\atmel\dma_debug\dma_debug\ArduinoCore\Debug\libArduinoCore.a(CDC.o)
                0x00001abc                Serial_::begin(unsigned long)
 .text.startup._GLOBAL__sub_I__Z17_CDC_GetInterfacev
                0x00001ac0       0x28 C:\tmp\idpa\atmel\dma_debug\dma_debug\ArduinoCore\Debug\libArduinoCore.a(CDC.o)
 .text._ZN26DoubleBufferedEPOutHandler4recvEPvm
                0x00001ae8      0x168 C:\tmp\idpa\atmel\dma_debug\dma_debug\ArduinoCore\Debug\libArduinoCore.a(USBCore.o)
                0x00001ae8                DoubleBufferedEPOutHandler::recv(void*, unsigned long)
 .text._ZN26DoubleBufferedEPOutHandler14handleEndpointEv
                0x00001c50       0xfc C:\tmp\idpa\atmel\dma_debug\dma_debug\ArduinoCore\Debug\libArduinoCore.a(USBCore.o)
                0x00001c50                DoubleBufferedEPOutHandler::handleEndpoint()
 .text._ZNK26DoubleBufferedEPOutHandler9availableEv
                0x00001d4c       0x50 C:\tmp\idpa\atmel\dma_debug\dma_debug\ArduinoCore\Debug\libArduinoCore.a(USBCore.o)
                0x00001d4c                DoubleBufferedEPOutHandler::available() const
 .text._ZN14USBDeviceClass20sendStringDescriptorEPKhh
                0x00001d9c      0x110 C:\tmp\idpa\atmel\dma_debug\dma_debug\ArduinoCore\Debug\libArduinoCore.a(USBCore.o)
                0x00001d9c                USBDeviceClass::sendStringDescriptor(unsigned char const*, unsigned char)
 .text._ZN14USBDeviceClass17sendConfigurationEm
                0x00001eac      0x144 C:\tmp\idpa\atmel\dma_debug\dma_debug\ArduinoCore\Debug\libArduinoCore.a(USBCore.o)
                0x00001eac                USBDeviceClass::sendConfiguration(unsigned long)
 .text._ZN14USBDeviceClass14sendDescriptorER8USBSetup
                0x00001ff0      0x13c C:\tmp\idpa\atmel\dma_debug\dma_debug\ArduinoCore\Debug\libArduinoCore.a(USBCore.o)
                0x00001ff0                USBDeviceClass::sendDescriptor(USBSetup&)
 .text._ZN14USBDeviceClass4initEv
                0x0000212c      0x168 C:\tmp\idpa\atmel\dma_debug\dma_debug\ArduinoCore\Debug\libArduinoCore.a(USBCore.o)
                0x0000212c                USBDeviceClass::init()
 .text._ZN14USBDeviceClass6attachEv
                0x00002294       0x34 C:\tmp\idpa\atmel\dma_debug\dma_debug\ArduinoCore\Debug\libArduinoCore.a(USBCore.o)
                0x00002294                USBDeviceClass::attach()
 .text._ZN14USBDeviceClass13initEndpointsEv
                0x000022c8      0x1dc C:\tmp\idpa\atmel\dma_debug\dma_debug\ArduinoCore\Debug\libArduinoCore.a(USBCore.o)
                0x000022c8                USBDeviceClass::initEndpoints()
 .text._ZN14USBDeviceClass5flushEm
                0x000024a4       0xa8 C:\tmp\idpa\atmel\dma_debug\dma_debug\ArduinoCore\Debug\libArduinoCore.a(USBCore.o)
                0x000024a4                USBDeviceClass::flush(unsigned long)
 .text._ZN14USBDeviceClass11recvControlEPvm
                0x0000254c       0xdc C:\tmp\idpa\atmel\dma_debug\dma_debug\ArduinoCore\Debug\libArduinoCore.a(USBCore.o)
                0x0000254c                USBDeviceClass::recvControl(void*, unsigned long)
 .text._ZN14USBDeviceClass9availableEm
                0x00002628       0x88 C:\tmp\idpa\atmel\dma_debug\dma_debug\ArduinoCore\Debug\libArduinoCore.a(USBCore.o)
                0x00002628                USBDeviceClass::available(unsigned long)
 .text._ZN14USBDeviceClass4recvEm
                0x000026b0      0x2d8 C:\tmp\idpa\atmel\dma_debug\dma_debug\ArduinoCore\Debug\libArduinoCore.a(USBCore.o)
                0x000026b0                USBDeviceClass::recv(unsigned long)
 .text._ZN14USBDeviceClass4sendEmPKvm
                0x00002988      0x144 C:\tmp\idpa\atmel\dma_debug\dma_debug\ArduinoCore\Debug\libArduinoCore.a(USBCore.o)
                0x00002988                USBDeviceClass::send(unsigned long, void const*, unsigned long)
 .text._ZN14USBDeviceClass11sendControlEPKvm
                0x00002acc       0x6c C:\tmp\idpa\atmel\dma_debug\dma_debug\ArduinoCore\Debug\libArduinoCore.a(USBCore.o)
                0x00002acc                USBDeviceClass::sendControl(void const*, unsigned long)
 .text._ZN14USBDeviceClass19handleStandardSetupER8USBSetup
                0x00002b38      0x17c C:\tmp\idpa\atmel\dma_debug\dma_debug\ArduinoCore\Debug\libArduinoCore.a(USBCore.o)
                0x00002b38                USBDeviceClass::handleStandardSetup(USBSetup&)
 .text._ZN14USBDeviceClass10ISRHandlerEv.part.10
                0x00002cb4      0x34c C:\tmp\idpa\atmel\dma_debug\dma_debug\ArduinoCore\Debug\libArduinoCore.a(USBCore.o)
 .text.UDD_Handler
                0x00003000       0x1c C:\tmp\idpa\atmel\dma_debug\dma_debug\ArduinoCore\Debug\libArduinoCore.a(USBCore.o)
                0x00003000                UDD_Handler
 .text.startup._GLOBAL__sub_I__ZN20USBDevice_SAMD21G18x5resetEv
                0x0000301c       0x10 C:\tmp\idpa\atmel\dma_debug\dma_debug\ArduinoCore\Debug\libArduinoCore.a(USBCore.o)
 .text.init     0x0000302c       0xfc C:\tmp\idpa\atmel\dma_debug\dma_debug\ArduinoCore\Debug\libArduinoCore.a(wiring.o)
                0x0000302c                init
 .text.analogWriteResolution
                0x00003128        0xc C:\tmp\idpa\atmel\dma_debug\dma_debug\ArduinoCore\Debug\libArduinoCore.a(wiring_analog.o)
                0x00003128                analogWriteResolution
 .text.analogReference
                0x00003134       0x8c C:\tmp\idpa\atmel\dma_debug\dma_debug\ArduinoCore\Debug\libArduinoCore.a(wiring_analog.o)
                0x00003134                analogReference
 .text.analogRead
                0x000031c0      0x108 C:\tmp\idpa\atmel\dma_debug\dma_debug\ArduinoCore\Debug\libArduinoCore.a(wiring_analog.o)
                0x000031c0                analogRead
 .text.pinMode  0x000032c8       0xa0 C:\tmp\idpa\atmel\dma_debug\dma_debug\ArduinoCore\Debug\libArduinoCore.a(wiring_digital.o)
                0x000032c8                pinMode
 .text.digitalWrite
                0x00003368       0x5c C:\tmp\idpa\atmel\dma_debug\dma_debug\ArduinoCore\Debug\libArduinoCore.a(wiring_digital.o)
                0x00003368                digitalWrite
 .text.pinPeripheral
                0x000033c4       0xa4 C:\tmp\idpa\atmel\dma_debug\dma_debug\ArduinoCore\Debug\libArduinoCore.a(wiring_private.o)
                0x000033c4                pinPeripheral
 .text._ZN10arduinoFFTC2Ev
                0x00003468        0x4 C:\tmp\idpa\atmel\dma_debug\dma_debug\ArduinoCore\Debug\libArduinoCore.a(arduinoFFT.o)
                0x00003468                arduinoFFT::arduinoFFT()
                0x00003468                arduinoFFT::arduinoFFT()
 .text._ZN10arduinoFFTD2Ev
                0x0000346c        0x4 C:\tmp\idpa\atmel\dma_debug\dma_debug\ArduinoCore\Debug\libArduinoCore.a(arduinoFFT.o)
                0x0000346c                arduinoFFT::~arduinoFFT()
                0x0000346c                arduinoFFT::~arduinoFFT()
 .text._ZN10arduinoFFT7ComputeEPdS0_thh
                0x00003470      0x2f8 C:\tmp\idpa\atmel\dma_debug\dma_debug\ArduinoCore\Debug\libArduinoCore.a(arduinoFFT.o)
                0x00003470                arduinoFFT::Compute(double*, double*, unsigned short, unsigned char, unsigned char)
 .text._ZN10arduinoFFT7ComputeEPdS0_th
                0x00003768       0x2c C:\tmp\idpa\atmel\dma_debug\dma_debug\ArduinoCore\Debug\libArduinoCore.a(arduinoFFT.o)
                0x00003768                arduinoFFT::Compute(double*, double*, unsigned short, unsigned char)
 .text._ZN10arduinoFFT18ComplexToMagnitudeEPdS0_t
                0x00003794       0x68 C:\tmp\idpa\atmel\dma_debug\dma_debug\ArduinoCore\Debug\libArduinoCore.a(arduinoFFT.o)
                0x00003794                arduinoFFT::ComplexToMagnitude(double*, double*, unsigned short)
 .text._ZN10arduinoFFT9WindowingEPdthh
                0x000037fc      0x2dc C:\tmp\idpa\atmel\dma_debug\dma_debug\ArduinoCore\Debug\libArduinoCore.a(arduinoFFT.o)
                0x000037fc                arduinoFFT::Windowing(double*, unsigned short, unsigned char, unsigned char)
 .text._ZN10arduinoFFT9MajorPeakEPdtd
                0x00003ad8      0x138 C:\tmp\idpa\atmel\dma_debug\dma_debug\ArduinoCore\Debug\libArduinoCore.a(arduinoFFT.o)
                0x00003ad8                arduinoFFT::MajorPeak(double*, unsigned short, double)
 .text._Z10fill_solidP4CRGBiRKS_
                0x00003c10       0x20 C:\tmp\idpa\atmel\dma_debug\dma_debug\ArduinoCore\Debug\libArduinoCore.a(colorutils.o)
                0x00003c10                fill_solid(CRGB*, int, CRGB const&)
 .text._ZN8CFastLED7addLedsEP14CLEDControllerP4CRGBii
                0x00003c30       0x58 C:\tmp\idpa\atmel\dma_debug\dma_debug\ArduinoCore\Debug\libArduinoCore.a(FastLED.o)
                0x00003c30                CFastLED::addLeds(CLEDController*, CRGB*, int, int)
 .text._ZN8CFastLED4showEh
                0x00003c88      0x118 C:\tmp\idpa\atmel\dma_debug\dma_debug\ArduinoCore\Debug\libArduinoCore.a(FastLED.o)
                0x00003c88                CFastLED::show(unsigned char)
 .text.startup._GLOBAL__sub_I_pSmartMatrix
                0x00003da0       0x18 C:\tmp\idpa\atmel\dma_debug\dma_debug\ArduinoCore\Debug\libArduinoCore.a(FastLED.o)
 .text._Z15hsv2rgb_rainbowRK4CHSVR4CRGB
                0x00003db8      0x14c C:\tmp\idpa\atmel\dma_debug\dma_debug\ArduinoCore\Debug\libArduinoCore.a(hsv2rgb.o)
                0x00003db8                hsv2rgb_rainbow(CHSV const&, CRGB&)
 .text._Z37calculate_max_brightness_for_power_mWhm
                0x00003f04       0xf4 C:\tmp\idpa\atmel\dma_debug\dma_debug\ArduinoCore\Debug\libArduinoCore.a(power_mgt.o)
                0x00003f04                calculate_max_brightness_for_power_mW(unsigned char, unsigned long)
 .text._ZN4UartD2Ev
                0x00003ff8        0x4 C:\tmp\idpa\atmel\dma_debug\dma_debug\ArduinoCore\Debug\libArduinoCore.a(variant.o)
                0x00003ff8                Uart::~Uart()
                0x00003ff8                Uart::~Uart()
 .text.SERCOM0_Handler
                0x00003ffc       0x10 C:\tmp\idpa\atmel\dma_debug\dma_debug\ArduinoCore\Debug\libArduinoCore.a(variant.o)
                0x00003ffc                SERCOM0_Handler
 .text.SERCOM5_Handler
                0x0000400c       0x10 C:\tmp\idpa\atmel\dma_debug\dma_debug\ArduinoCore\Debug\libArduinoCore.a(variant.o)
                0x0000400c                SERCOM5_Handler
 .text._ZN4UartD0Ev
                0x0000401c        0xc C:\tmp\idpa\atmel\dma_debug\dma_debug\ArduinoCore\Debug\libArduinoCore.a(variant.o)
                0x0000401c                Uart::~Uart()
 .text.startup._GLOBAL__sub_I_g_APinDescription
                0x00004028       0xd0 C:\tmp\idpa\atmel\dma_debug\dma_debug\ArduinoCore\Debug\libArduinoCore.a(variant.o)
 .text._Znwj    0x000040f8        0x8 C:\tmp\idpa\atmel\dma_debug\dma_debug\ArduinoCore\Debug\libArduinoCore.a(new.o)
                0x000040f8                operator new(unsigned int)
 .text._ZdlPv   0x00004100        0x8 C:\tmp\idpa\atmel\dma_debug\dma_debug\ArduinoCore\Debug\libArduinoCore.a(new.o)
                0x00004100                operator delete(void*)
 .text._ZN6SERCOMC2EP6Sercom
                0x00004108        0x4 C:\tmp\idpa\atmel\dma_debug\dma_debug\ArduinoCore\Debug\libArduinoCore.a(SERCOM.o)
                0x00004108                SERCOM::SERCOM(Sercom*)
                0x00004108                SERCOM::SERCOM(Sercom*)
 .text._ZN6SERCOM9initFrameE18SercomUartCharSize15SercomDataOrder16SercomParityMode19SercomNumberStopBit
                0x0000410c       0x40 C:\tmp\idpa\atmel\dma_debug\dma_debug\ArduinoCore\Debug\libArduinoCore.a(SERCOM.o)
                0x0000410c                SERCOM::initFrame(SercomUartCharSize, SercomDataOrder, SercomParityMode, SercomNumberStopBit)
 .text._ZN6SERCOM8initPadsE15SercomUartTXPad11SercomRXPad
                0x0000414c       0x28 C:\tmp\idpa\atmel\dma_debug\dma_debug\ArduinoCore\Debug\libArduinoCore.a(SERCOM.o)
                0x0000414c                SERCOM::initPads(SercomUartTXPad, SercomRXPad)
 .text._ZN6SERCOM9resetUARTEv
                0x00004174       0x1c C:\tmp\idpa\atmel\dma_debug\dma_debug\ArduinoCore\Debug\libArduinoCore.a(SERCOM.o)
                0x00004174                SERCOM::resetUART()
 .text._ZN6SERCOM10enableUARTEv
                0x00004190       0x14 C:\tmp\idpa\atmel\dma_debug\dma_debug\ArduinoCore\Debug\libArduinoCore.a(SERCOM.o)
                0x00004190                SERCOM::enableUART()
 .text._ZN6SERCOM9flushUARTEv
                0x000041a4       0x10 C:\tmp\idpa\atmel\dma_debug\dma_debug\ArduinoCore\Debug\libArduinoCore.a(SERCOM.o)
                0x000041a4                SERCOM::flushUART()
 .text._ZN6SERCOM15clearStatusUARTEv
                0x000041b4        0x8 C:\tmp\idpa\atmel\dma_debug\dma_debug\ArduinoCore\Debug\libArduinoCore.a(SERCOM.o)
                0x000041b4                SERCOM::clearStatusUART()
 .text._ZN6SERCOM17availableDataUARTEv
                0x000041bc        0xc C:\tmp\idpa\atmel\dma_debug\dma_debug\ArduinoCore\Debug\libArduinoCore.a(SERCOM.o)
                0x000041bc                SERCOM::availableDataUART()
 .text._ZN6SERCOM11isUARTErrorEv
                0x000041c8        0x8 C:\tmp\idpa\atmel\dma_debug\dma_debug\ArduinoCore\Debug\libArduinoCore.a(SERCOM.o)
                0x000041c8                SERCOM::isUARTError()
 .text._ZN6SERCOM20acknowledgeUARTErrorEv
                0x000041d0       0x10 C:\tmp\idpa\atmel\dma_debug\dma_debug\ArduinoCore\Debug\libArduinoCore.a(SERCOM.o)
                0x000041d0                SERCOM::acknowledgeUARTError()
 .text._ZN6SERCOM12readDataUARTEv
                0x000041e0        0x8 C:\tmp\idpa\atmel\dma_debug\dma_debug\ArduinoCore\Debug\libArduinoCore.a(SERCOM.o)
                0x000041e0                SERCOM::readDataUART()
 .text._ZN6SERCOM13writeDataUARTEh
                0x000041e8       0x10 C:\tmp\idpa\atmel\dma_debug\dma_debug\ArduinoCore\Debug\libArduinoCore.a(SERCOM.o)
                0x000041e8                SERCOM::writeDataUART(unsigned char)
 .text._ZN6SERCOM13initClockNVICEv
                0x000041f8       0xf4 C:\tmp\idpa\atmel\dma_debug\dma_debug\ArduinoCore\Debug\libArduinoCore.a(SERCOM.o)
                0x000041f8                SERCOM::initClockNVIC()
 .text._ZN6SERCOM8initUARTE14SercomUartMode20SercomUartSampleRatem
                0x000042ec       0x80 C:\tmp\idpa\atmel\dma_debug\dma_debug\ArduinoCore\Debug\libArduinoCore.a(SERCOM.o)
                0x000042ec                SERCOM::initUART(SercomUartMode, SercomUartSampleRate, unsigned long)
 .text._ZN4UartcvbEv
                0x0000436c        0x4 C:\tmp\idpa\atmel\dma_debug\dma_debug\ArduinoCore\Debug\libArduinoCore.a(Uart.o)
                0x0000436c                Uart::operator bool()
 .text._ZN4Uart5beginEmt
                0x00004370       0xbc C:\tmp\idpa\atmel\dma_debug\dma_debug\ArduinoCore\Debug\libArduinoCore.a(Uart.o)
                0x00004370                Uart::begin(unsigned long, unsigned short)
 .text._ZN4Uart3endEv
                0x0000442c       0x14 C:\tmp\idpa\atmel\dma_debug\dma_debug\ArduinoCore\Debug\libArduinoCore.a(Uart.o)
                0x0000442c                Uart::end()
 .text._ZN4Uart5flushEv
                0x00004440        0xc C:\tmp\idpa\atmel\dma_debug\dma_debug\ArduinoCore\Debug\libArduinoCore.a(Uart.o)
                0x00004440                Uart::flush()
 .text._ZN4Uart9availableEv
                0x0000444c        0xc C:\tmp\idpa\atmel\dma_debug\dma_debug\ArduinoCore\Debug\libArduinoCore.a(Uart.o)
                0x0000444c                Uart::available()
 .text._ZN4Uart4peekEv
                0x00004458        0xc C:\tmp\idpa\atmel\dma_debug\dma_debug\ArduinoCore\Debug\libArduinoCore.a(Uart.o)
                0x00004458                Uart::peek()
 .text._ZN4Uart4readEv
                0x00004464        0xc C:\tmp\idpa\atmel\dma_debug\dma_debug\ArduinoCore\Debug\libArduinoCore.a(Uart.o)
                0x00004464                Uart::read()
 .text._ZN4Uart5writeEh
                0x00004470        0xc C:\tmp\idpa\atmel\dma_debug\dma_debug\ArduinoCore\Debug\libArduinoCore.a(Uart.o)
                0x00004470                Uart::write(unsigned char)
 .text._ZN4Uart5beginEm
                0x0000447c       0x84 C:\tmp\idpa\atmel\dma_debug\dma_debug\ArduinoCore\Debug\libArduinoCore.a(Uart.o)
                0x0000447c                Uart::begin(unsigned long)
 .text._ZN4UartC2EP6SERCOMhh11SercomRXPad15SercomUartTXPad
                0x00004500       0x54 C:\tmp\idpa\atmel\dma_debug\dma_debug\ArduinoCore\Debug\libArduinoCore.a(Uart.o)
                0x00004500                Uart::Uart(SERCOM*, unsigned char, unsigned char, SercomRXPad, SercomUartTXPad)
                0x00004500                Uart::Uart(SERCOM*, unsigned char, unsigned char, SercomRXPad, SercomUartTXPad)
 .text._ZN4Uart10IrqHandlerEv
                0x00004554       0x38 C:\tmp\idpa\atmel\dma_debug\dma_debug\ArduinoCore\Debug\libArduinoCore.a(Uart.o)
                0x00004554                Uart::IrqHandler()
 .text._ZN18PluggableUSBModule12getShortNameEPc
                0x0000458c        0xc C:\tmp\idpa\atmel\dma_debug\dma_debug\ArduinoCore\Debug\libArduinoCore.a(PluggableUSB.o)
                0x0000458c                PluggableUSBModule::getShortName(char*)
 .text._ZN13PluggableUSB_12getInterfaceEPh
                0x00004598       0x34 C:\tmp\idpa\atmel\dma_debug\dma_debug\ArduinoCore\Debug\libArduinoCore.a(PluggableUSB.o)
                0x00004598                PluggableUSB_::getInterface(unsigned char*)
 .text._ZN13PluggableUSB_13getDescriptorER8USBSetup
                0x000045cc       0x28 C:\tmp\idpa\atmel\dma_debug\dma_debug\ArduinoCore\Debug\libArduinoCore.a(PluggableUSB.o)
                0x000045cc                PluggableUSB_::getDescriptor(USBSetup&)
 .text._ZN13PluggableUSB_12getShortNameEPc
                0x000045f4       0x40 C:\tmp\idpa\atmel\dma_debug\dma_debug\ArduinoCore\Debug\libArduinoCore.a(PluggableUSB.o)
                0x000045f4                PluggableUSB_::getShortName(char*)
 .text._ZN13PluggableUSB_5setupER8USBSetup
                0x00004634       0x28 C:\tmp\idpa\atmel\dma_debug\dma_debug\ArduinoCore\Debug\libArduinoCore.a(PluggableUSB.o)
                0x00004634                PluggableUSB_::setup(USBSetup&)
 .text._Z12PluggableUSBv
                0x0000465c       0x24 C:\tmp\idpa\atmel\dma_debug\dma_debug\ArduinoCore\Debug\libArduinoCore.a(PluggableUSB.o)
                0x0000465c                PluggableUSB()
 .text._ZN10RingBufferC2Ev
                0x00004680       0x1c C:\tmp\idpa\atmel\dma_debug\dma_debug\ArduinoCore\Debug\libArduinoCore.a(RingBuffer.o)
                0x00004680                RingBuffer::RingBuffer()
                0x00004680                RingBuffer::RingBuffer()
 .text._ZN10RingBuffer10store_charEh
                0x0000469c       0x20 C:\tmp\idpa\atmel\dma_debug\dma_debug\ArduinoCore\Debug\libArduinoCore.a(RingBuffer.o)
                0x0000469c                RingBuffer::store_char(unsigned char)
 .text._ZN10RingBuffer5clearEv
                0x000046bc        0xc C:\tmp\idpa\atmel\dma_debug\dma_debug\ArduinoCore\Debug\libArduinoCore.a(RingBuffer.o)
                0x000046bc                RingBuffer::clear()
 .text._ZN10RingBuffer9read_charEv
                0x000046c8       0x28 C:\tmp\idpa\atmel\dma_debug\dma_debug\ArduinoCore\Debug\libArduinoCore.a(RingBuffer.o)
                0x000046c8                RingBuffer::read_char()
 .text._ZN10RingBuffer9availableEv
                0x000046f0       0x10 C:\tmp\idpa\atmel\dma_debug\dma_debug\ArduinoCore\Debug\libArduinoCore.a(RingBuffer.o)
                0x000046f0                RingBuffer::available()
 .text._ZN10RingBuffer4peekEv
                0x00004700       0x18 C:\tmp\idpa\atmel\dma_debug\dma_debug\ArduinoCore\Debug\libArduinoCore.a(RingBuffer.o)
                0x00004700                RingBuffer::peek()
 .text.__aeabi_atexit
                0x00004718        0xe c:/program files (x86)/atmel/studio/7.0/toolchain/arm/arm-gnu-toolchain/bin/../lib/gcc/arm-none-eabi/5.3.1/../../../../arm-none-eabi/lib/armv6-m\libstdc++_nano.a(atexit_arm.o)
                0x00004718                __aeabi_atexit
 *fill*         0x00004726        0x2 
 .text.cos      0x00004728       0x8c c:/program files (x86)/atmel/studio/7.0/toolchain/arm/arm-gnu-toolchain/bin/../lib/gcc/arm-none-eabi/5.3.1/../../../../arm-none-eabi/lib/armv6-m\libm.a(lib_a-s_cos.o)
                0x00004728                cos
 .text.sqrt     0x000047b4       0xc0 c:/program files (x86)/atmel/studio/7.0/toolchain/arm/arm-gnu-toolchain/bin/../lib/gcc/arm-none-eabi/5.3.1/../../../../arm-none-eabi/lib/armv6-m\libm.a(lib_a-w_sqrt.o)
                0x000047b4                sqrt
 .text.__ieee754_rem_pio2
                0x00004874      0x40c c:/program files (x86)/atmel/studio/7.0/toolchain/arm/arm-gnu-toolchain/bin/../lib/gcc/arm-none-eabi/5.3.1/../../../../arm-none-eabi/lib/armv6-m\libm.a(lib_a-e_rem_pio2.o)
                0x00004874                __ieee754_rem_pio2
 .text.__ieee754_sqrt
                0x00004c80      0x1ec c:/program files (x86)/atmel/studio/7.0/toolchain/arm/arm-gnu-toolchain/bin/../lib/gcc/arm-none-eabi/5.3.1/../../../../arm-none-eabi/lib/armv6-m\libm.a(lib_a-e_sqrt.o)
                0x00004c80                __ieee754_sqrt
 .text.__kernel_cos
                0x00004e6c      0x234 c:/program files (x86)/atmel/studio/7.0/toolchain/arm/arm-gnu-toolchain/bin/../lib/gcc/arm-none-eabi/5.3.1/../../../../arm-none-eabi/lib/armv6-m\libm.a(lib_a-k_cos.o)
                0x00004e6c                __kernel_cos
 .text.__kernel_rem_pio2
                0x000050a0      0x898 c:/program files (x86)/atmel/studio/7.0/toolchain/arm/arm-gnu-toolchain/bin/../lib/gcc/arm-none-eabi/5.3.1/../../../../arm-none-eabi/lib/armv6-m\libm.a(lib_a-k_rem_pio2.o)
                0x000050a0                __kernel_rem_pio2
 .text.__kernel_sin
                0x00005938      0x160 c:/program files (x86)/atmel/studio/7.0/toolchain/arm/arm-gnu-toolchain/bin/../lib/gcc/arm-none-eabi/5.3.1/../../../../arm-none-eabi/lib/armv6-m\libm.a(lib_a-k_sin.o)
                0x00005938                __kernel_sin
 .text.fabs     0x00005a98        0x8 c:/program files (x86)/atmel/studio/7.0/toolchain/arm/arm-gnu-toolchain/bin/../lib/gcc/arm-none-eabi/5.3.1/../../../../arm-none-eabi/lib/armv6-m\libm.a(lib_a-s_fabs.o)
                0x00005a98                fabs
 .text.floor    0x00005aa0      0x130 c:/program files (x86)/atmel/studio/7.0/toolchain/arm/arm-gnu-toolchain/bin/../lib/gcc/arm-none-eabi/5.3.1/../../../../arm-none-eabi/lib/armv6-m\libm.a(lib_a-s_floor.o)
                0x00005aa0                floor
 .text.matherr  0x00005bd0        0x4 c:/program files (x86)/atmel/studio/7.0/toolchain/arm/arm-gnu-toolchain/bin/../lib/gcc/arm-none-eabi/5.3.1/../../../../arm-none-eabi/lib/armv6-m\libm.a(lib_a-s_matherr.o)
                0x00005bd0                matherr
 .text.scalbn   0x00005bd4       0xd0 c:/program files (x86)/atmel/studio/7.0/toolchain/arm/arm-gnu-toolchain/bin/../lib/gcc/arm-none-eabi/5.3.1/../../../../arm-none-eabi/lib/armv6-m\libm.a(lib_a-s_scalbn.o)
                0x00005bd4                scalbn
 .text.copysign
                0x00005ca4       0x10 c:/program files (x86)/atmel/studio/7.0/toolchain/arm/arm-gnu-toolchain/bin/../lib/gcc/arm-none-eabi/5.3.1/../../../../arm-none-eabi/lib/armv6-m\libm.a(lib_a-s_copysign.o)
                0x00005ca4                copysign
 .text          0x00005cb4      0x114 c:/program files (x86)/atmel/studio/7.0/toolchain/arm/arm-gnu-toolchain/bin/../lib/gcc/arm-none-eabi/5.3.1/armv6-m\libgcc.a(_udivsi3.o)
                0x00005cb4                __aeabi_uidiv
                0x00005cb4                __udivsi3
                0x00005dc0                __aeabi_uidivmod
 .text          0x00005dc8      0x1d4 c:/program files (x86)/atmel/studio/7.0/toolchain/arm/arm-gnu-toolchain/bin/../lib/gcc/arm-none-eabi/5.3.1/armv6-m\libgcc.a(_divsi3.o)
                0x00005dc8                __divsi3
                0x00005dc8                __aeabi_idiv
                0x00005f94                __aeabi_idivmod
 .text          0x00005f9c        0x4 c:/program files (x86)/atmel/studio/7.0/toolchain/arm/arm-gnu-toolchain/bin/../lib/gcc/arm-none-eabi/5.3.1/armv6-m\libgcc.a(_dvmd_tls.o)
                0x00005f9c                __aeabi_idiv0
                0x00005f9c                __aeabi_ldiv0
 .text          0x00005fa0       0x7c c:/program files (x86)/atmel/studio/7.0/toolchain/arm/arm-gnu-toolchain/bin/../lib/gcc/arm-none-eabi/5.3.1/armv6-m\libgcc.a(_arm_cmpdf2.o)
                0x00005fa0                __aeabi_cdrcmple
                0x00005fb0                __aeabi_cdcmple
                0x00005fb0                __aeabi_cdcmpeq
                0x00005fc0                __aeabi_dcmpeq
                0x00005fcc                __aeabi_dcmplt
                0x00005fe0                __aeabi_dcmple
                0x00005ff4                __aeabi_dcmpgt
                0x00006008                __aeabi_dcmpge
 .text          0x0000601c       0x3c c:/program files (x86)/atmel/studio/7.0/toolchain/arm/arm-gnu-toolchain/bin/../lib/gcc/arm-none-eabi/5.3.1/armv6-m\libgcc.a(_fixunsdfsi.o)
                0x0000601c                __aeabi_d2uiz
                0x0000601c                __fixunsdfsi
 .text          0x00006058      0x658 c:/program files (x86)/atmel/studio/7.0/toolchain/arm/arm-gnu-toolchain/bin/../lib/gcc/arm-none-eabi/5.3.1/armv6-m\libgcc.a(adddf3.o)
                0x00006058                __aeabi_dadd
 .text          0x000066b0      0x62c c:/program files (x86)/atmel/studio/7.0/toolchain/arm/arm-gnu-toolchain/bin/../lib/gcc/arm-none-eabi/5.3.1/armv6-m\libgcc.a(divdf3.o)
                0x000066b0                __aeabi_ddiv
 .text          0x00006cdc       0x80 c:/program files (x86)/atmel/studio/7.0/toolchain/arm/arm-gnu-toolchain/bin/../lib/gcc/arm-none-eabi/5.3.1/armv6-m\libgcc.a(eqdf2.o)
                0x00006cdc                __nedf2
                0x00006cdc                __eqdf2
 .text          0x00006d5c       0xc8 c:/program files (x86)/atmel/studio/7.0/toolchain/arm/arm-gnu-toolchain/bin/../lib/gcc/arm-none-eabi/5.3.1/armv6-m\libgcc.a(gedf2.o)
                0x00006d5c                __gedf2
                0x00006d5c                __gtdf2
 .text          0x00006e24       0xd4 c:/program files (x86)/atmel/studio/7.0/toolchain/arm/arm-gnu-toolchain/bin/../lib/gcc/arm-none-eabi/5.3.1/armv6-m\libgcc.a(ledf2.o)
                0x00006e24                __ledf2
                0x00006e24                __ltdf2
 .text          0x00006ef8      0x4f4 c:/program files (x86)/atmel/studio/7.0/toolchain/arm/arm-gnu-toolchain/bin/../lib/gcc/arm-none-eabi/5.3.1/armv6-m\libgcc.a(muldf3.o)
                0x00006ef8                __aeabi_dmul
 .text          0x000073ec      0x6a8 c:/program files (x86)/atmel/studio/7.0/toolchain/arm/arm-gnu-toolchain/bin/../lib/gcc/arm-none-eabi/5.3.1/armv6-m\libgcc.a(subdf3.o)
                0x000073ec                __aeabi_dsub
 .text          0x00007a94       0x40 c:/program files (x86)/atmel/studio/7.0/toolchain/arm/arm-gnu-toolchain/bin/../lib/gcc/arm-none-eabi/5.3.1/armv6-m\libgcc.a(unorddf2.o)
                0x00007a94                __aeabi_dcmpun
 .text          0x00007ad4       0x6c c:/program files (x86)/atmel/studio/7.0/toolchain/arm/arm-gnu-toolchain/bin/../lib/gcc/arm-none-eabi/5.3.1/armv6-m\libgcc.a(fixdfsi.o)
                0x00007ad4                __aeabi_d2iz
 .text          0x00007b40       0x84 c:/program files (x86)/atmel/studio/7.0/toolchain/arm/arm-gnu-toolchain/bin/../lib/gcc/arm-none-eabi/5.3.1/armv6-m\libgcc.a(floatsidf.o)
                0x00007b40                __aeabi_i2d
 .text          0x00007bc4       0x70 c:/program files (x86)/atmel/studio/7.0/toolchain/arm/arm-gnu-toolchain/bin/../lib/gcc/arm-none-eabi/5.3.1/armv6-m\libgcc.a(floatunsidf.o)
                0x00007bc4                __aeabi_ui2d
 .text          0x00007c34       0x3c c:/program files (x86)/atmel/studio/7.0/toolchain/arm/arm-gnu-toolchain/bin/../lib/gcc/arm-none-eabi/5.3.1/armv6-m\libgcc.a(_clzsi2.o)
                0x00007c34                __clzsi2
 .text.__cxa_atexit
                0x00007c70       0x1c c:/program files (x86)/atmel/studio/7.0/toolchain/arm/arm-gnu-toolchain/bin/../lib/gcc/arm-none-eabi/5.3.1/../../../../arm-none-eabi/lib/armv6-m\libc_nano.a(lib_a-cxa_atexit.o)
                0x00007c70                __cxa_atexit
 .text.__errno  0x00007c8c        0xc c:/program files (x86)/atmel/studio/7.0/toolchain/arm/arm-gnu-toolchain/bin/../lib/gcc/arm-none-eabi/5.3.1/../../../../arm-none-eabi/lib/armv6-m\libc_nano.a(lib_a-errno.o)
                0x00007c8c                __errno
 .text.__libc_init_array
                0x00007c98       0x4c c:/program files (x86)/atmel/studio/7.0/toolchain/arm/arm-gnu-toolchain/bin/../lib/gcc/arm-none-eabi/5.3.1/../../../../arm-none-eabi/lib/armv6-m\libc_nano.a(lib_a-init.o)
                0x00007c98                __libc_init_array
 .text.malloc   0x00007ce4       0x14 c:/program files (x86)/atmel/studio/7.0/toolchain/arm/arm-gnu-toolchain/bin/../lib/gcc/arm-none-eabi/5.3.1/../../../../arm-none-eabi/lib/armv6-m\libc_nano.a(lib_a-malloc.o)
                0x00007ce4                malloc
 .text.free     0x00007cf8       0x14 c:/program files (x86)/atmel/studio/7.0/toolchain/arm/arm-gnu-toolchain/bin/../lib/gcc/arm-none-eabi/5.3.1/../../../../arm-none-eabi/lib/armv6-m\libc_nano.a(lib_a-malloc.o)
                0x00007cf8                free
 .text.memcpy   0x00007d0c       0x12 c:/program files (x86)/atmel/studio/7.0/toolchain/arm/arm-gnu-toolchain/bin/../lib/gcc/arm-none-eabi/5.3.1/../../../../arm-none-eabi/lib/armv6-m\libc_nano.a(lib_a-memcpy-stub.o)
                0x00007d0c                memcpy
 .text.memset   0x00007d1e       0x10 c:/program files (x86)/atmel/studio/7.0/toolchain/arm/arm-gnu-toolchain/bin/../lib/gcc/arm-none-eabi/5.3.1/../../../../arm-none-eabi/lib/armv6-m\libc_nano.a(lib_a-memset.o)
                0x00007d1e                memset
 *fill*         0x00007d2e        0x2 
 .text._free_r  0x00007d30       0x8c c:/program files (x86)/atmel/studio/7.0/toolchain/arm/arm-gnu-toolchain/bin/../lib/gcc/arm-none-eabi/5.3.1/../../../../arm-none-eabi/lib/armv6-m\libc_nano.a(lib_a-nano-freer.o)
                0x00007d30                _free_r
 .text._malloc_r
                0x00007dbc       0xac c:/program files (x86)/atmel/studio/7.0/toolchain/arm/arm-gnu-toolchain/bin/../lib/gcc/arm-none-eabi/5.3.1/../../../../arm-none-eabi/lib/armv6-m\libc_nano.a(lib_a-nano-mallocr.o)
                0x00007dbc                _malloc_r
 .text._sbrk_r  0x00007e68       0x24 c:/program files (x86)/atmel/studio/7.0/toolchain/arm/arm-gnu-toolchain/bin/../lib/gcc/arm-none-eabi/5.3.1/../../../../arm-none-eabi/lib/armv6-m\libc_nano.a(lib_a-sbrkr.o)
                0x00007e68                _sbrk_r
 .text          0x00007e8c        0xe c:/program files (x86)/atmel/studio/7.0/toolchain/arm/arm-gnu-toolchain/bin/../lib/gcc/arm-none-eabi/5.3.1/../../../../arm-none-eabi/lib/armv6-m\libc_nano.a(lib_a-strlen.o)
                0x00007e8c                strlen
 *fill*         0x00007e9a        0x2 
 .text._sbrk    0x00007e9c       0x1c c:/program files (x86)/atmel/studio/7.0/toolchain/arm/arm-gnu-toolchain/bin/../lib/gcc/arm-none-eabi/5.3.1/../../../../arm-none-eabi/lib/armv6-m\libnosys.a(sbrk.o)
                0x00007e9c                _sbrk
 *(.init)
 .init          0x00007eb8        0x4 c:/program files (x86)/atmel/studio/7.0/toolchain/arm/arm-gnu-toolchain/bin/../lib/gcc/arm-none-eabi/5.3.1/armv6-m/crti.o
                0x00007eb8                _init
 .init          0x00007ebc        0x8 c:/program files (x86)/atmel/studio/7.0/toolchain/arm/arm-gnu-toolchain/bin/../lib/gcc/arm-none-eabi/5.3.1/armv6-m/crtn.o
 *(.fini)
 .fini          0x00007ec4        0x4 c:/program files (x86)/atmel/studio/7.0/toolchain/arm/arm-gnu-toolchain/bin/../lib/gcc/arm-none-eabi/5.3.1/armv6-m/crti.o
                0x00007ec4                _fini
 .fini          0x00007ec8        0x8 c:/program files (x86)/atmel/studio/7.0/toolchain/arm/arm-gnu-toolchain/bin/../lib/gcc/arm-none-eabi/5.3.1/armv6-m/crtn.o
 *crtbegin.o(.ctors)
 *crtbegin?.o(.ctors)
 *(EXCLUDE_FILE(*crtend.o *crtend?.o) .ctors)
 *(SORT(.ctors.*))
 *(.ctors)
 *crtbegin.o(.dtors)
 *crtbegin?.o(.dtors)
 *(EXCLUDE_FILE(*crtend.o *crtend?.o) .dtors)
 *(SORT(.dtors.*))
 *(.dtors)
 *(.rodata*)
 .rodata._ZTV14CLEDController
                0x00007ed0       0x20 Sketch.o
                0x00007ed0                vtable for CLEDController
 .rodata._ZTV16APA102ControllerILh6ELh9EL6EOrder136ELh4EE
                0x00007ef0       0x24 Sketch.o
                0x00007ef0                vtable for APA102Controller<(unsigned char)6, (unsigned char)9, (EOrder)136, (unsigned char)4>
 .rodata.str1.4
                0x00007f14       0x24 Sketch.o
 .rodata.str1.4
                0x00007f38       0x14 C:\tmp\idpa\atmel\dma_debug\dma_debug\ArduinoCore\Debug\libArduinoCore.a(Print.o)
 .rodata._ZTV7Serial_
                0x00007f4c       0x24 C:\tmp\idpa\atmel\dma_debug\dma_debug\ArduinoCore\Debug\libArduinoCore.a(CDC.o)
                0x00007f4c                vtable for Serial_
 .rodata._ZN14USBDeviceClass19handleStandardSetupER8USBSetup
                0x00007f70       0x30 C:\tmp\idpa\atmel\dma_debug\dma_debug\ArduinoCore\Debug\libArduinoCore.a(USBCore.o)
 .rodata._ZTV26DoubleBufferedEPOutHandler
                0x00007fa0       0x14 C:\tmp\idpa\atmel\dma_debug\dma_debug\ArduinoCore\Debug\libArduinoCore.a(USBCore.o)
                0x00007fa0                vtable for DoubleBufferedEPOutHandler
 .rodata._ZL14STRING_PRODUCT
                0x00007fb4        0xb C:\tmp\idpa\atmel\dma_debug\dma_debug\ArduinoCore\Debug\libArduinoCore.a(USBCore.o)
 *fill*         0x00007fbf        0x1 
 .rodata._ZL15STRING_LANGUAGE
                0x00007fc0        0x4 C:\tmp\idpa\atmel\dma_debug\dma_debug\ArduinoCore\Debug\libArduinoCore.a(USBCore.o)
 .rodata._ZL21USB_DeviceDescriptorB
                0x00007fc4       0x12 C:\tmp\idpa\atmel\dma_debug\dma_debug\ArduinoCore\Debug\libArduinoCore.a(USBCore.o)
 *fill*         0x00007fd6        0x2 
 .rodata._ZL19STRING_MANUFACTURER
                0x00007fd8        0x9 C:\tmp\idpa\atmel\dma_debug\dma_debug\ArduinoCore\Debug\libArduinoCore.a(USBCore.o)
 *fill*         0x00007fe1        0x3 
 .rodata.analogReference
                0x00007fe4       0x18 C:\tmp\idpa\atmel\dma_debug\dma_debug\ArduinoCore\Debug\libArduinoCore.a(wiring_analog.o)
 .rodata.pinPeripheral
                0x00007ffc       0x34 C:\tmp\idpa\atmel\dma_debug\dma_debug\ArduinoCore\Debug\libArduinoCore.a(wiring_private.o)
 .rodata._ZN10arduinoFFT9WindowingEPdthh
                0x00008030       0x1c C:\tmp\idpa\atmel\dma_debug\dma_debug\ArduinoCore\Debug\libArduinoCore.a(arduinoFFT.o)
 .rodata.g_APinDescription
                0x0000804c      0x450 C:\tmp\idpa\atmel\dma_debug\dma_debug\ArduinoCore\Debug\libArduinoCore.a(variant.o)
                0x0000804c                g_APinDescription
 .rodata._ZTV4Uart
                0x0000849c       0x38 C:\tmp\idpa\atmel\dma_debug\dma_debug\ArduinoCore\Debug\libArduinoCore.a(Uart.o)
                0x0000849c                vtable for Uart
 .rodata.str1.4
                0x000084d4        0x8 c:/program files (x86)/atmel/studio/7.0/toolchain/arm/arm-gnu-toolchain/bin/../lib/gcc/arm-none-eabi/5.3.1/../../../../arm-none-eabi/lib/armv6-m\libm.a(lib_a-w_sqrt.o)
                                  0x5 (size before relaxing)
 .rodata.npio2_hw
                0x000084dc       0x80 c:/program files (x86)/atmel/studio/7.0/toolchain/arm/arm-gnu-toolchain/bin/../lib/gcc/arm-none-eabi/5.3.1/../../../../arm-none-eabi/lib/armv6-m\libm.a(lib_a-e_rem_pio2.o)
 .rodata.two_over_pi
                0x0000855c      0x108 c:/program files (x86)/atmel/studio/7.0/toolchain/arm/arm-gnu-toolchain/bin/../lib/gcc/arm-none-eabi/5.3.1/../../../../arm-none-eabi/lib/armv6-m\libm.a(lib_a-e_rem_pio2.o)
 .rodata.init_jk
                0x00008664       0x10 c:/program files (x86)/atmel/studio/7.0/toolchain/arm/arm-gnu-toolchain/bin/../lib/gcc/arm-none-eabi/5.3.1/../../../../arm-none-eabi/lib/armv6-m\libm.a(lib_a-k_rem_pio2.o)
 *fill*         0x00008674        0x4 
 .rodata.PIo2   0x00008678       0x40 c:/program files (x86)/atmel/studio/7.0/toolchain/arm/arm-gnu-toolchain/bin/../lib/gcc/arm-none-eabi/5.3.1/../../../../arm-none-eabi/lib/armv6-m\libm.a(lib_a-k_rem_pio2.o)
 .rodata        0x000086b8       0x40 c:/program files (x86)/atmel/studio/7.0/toolchain/arm/arm-gnu-toolchain/bin/../lib/gcc/arm-none-eabi/5.3.1/armv6-m\libgcc.a(divdf3.o)
 .rodata        0x000086f8       0x40 c:/program files (x86)/atmel/studio/7.0/toolchain/arm/arm-gnu-toolchain/bin/../lib/gcc/arm-none-eabi/5.3.1/armv6-m\libgcc.a(muldf3.o)
 .rodata.str1.1
                0x00008738        0x2 c:/program files (x86)/atmel/studio/7.0/toolchain/arm/arm-gnu-toolchain/bin/../lib/gcc/arm-none-eabi/5.3.1/../../../../arm-none-eabi/lib/armv6-m\libc_nano.a(lib_a-impure.o)
 *(.eh_frame*)
 *fill*         0x0000873a        0x2 
 .eh_frame      0x0000873c        0x0 c:/program files (x86)/atmel/studio/7.0/toolchain/arm/arm-gnu-toolchain/bin/../lib/gcc/arm-none-eabi/5.3.1/armv6-m/crtbegin.o
 .eh_frame      0x0000873c        0x4 c:/program files (x86)/atmel/studio/7.0/toolchain/arm/arm-gnu-toolchain/bin/../lib/gcc/arm-none-eabi/5.3.1/armv6-m/crtend.o

.glue_7         0x00008740        0x0
 .glue_7        0x00008740        0x0 linker stubs

.glue_7t        0x00008740        0x0
 .glue_7t       0x00008740        0x0 linker stubs

.vfp11_veneer   0x00008740        0x0
 .vfp11_veneer  0x00008740        0x0 linker stubs

.v4_bx          0x00008740        0x0
 .v4_bx         0x00008740        0x0 linker stubs

.iplt           0x00008740        0x0
 .iplt          0x00008740        0x0 c:/program files (x86)/atmel/studio/7.0/toolchain/arm/arm-gnu-toolchain/bin/../lib/gcc/arm-none-eabi/5.3.1/armv6-m/crtbegin.o

.rel.dyn        0x00008740        0x0
 .rel.iplt      0x00008740        0x0 c:/program files (x86)/atmel/studio/7.0/toolchain/arm/arm-gnu-toolchain/bin/../lib/gcc/arm-none-eabi/5.3.1/armv6-m/crtbegin.o

.ARM.extab
 *(.ARM.extab* .gnu.linkonce.armextab.*)
                0x00008740                __exidx_start = .

.ARM.exidx
 *(.ARM.exidx* .gnu.linkonce.armexidx.*)
                0x00008740                __exidx_end = .
                0x00008740                __etext = .

.data           0x20000000      0x120 load address 0x00008740
                0x20000000                __data_start__ = .
 *(vtable)
 *(.data*)
 .data          0x20000000        0x4 c:/program files (x86)/atmel/studio/7.0/toolchain/arm/arm-gnu-toolchain/bin/../lib/gcc/arm-none-eabi/5.3.1/armv6-m/crtbegin.o
                0x20000000                __dso_handle
 .data._ZL5ticks
                0x20000004        0x4 C:\tmp\idpa\atmel\dma_debug\dma_debug\ArduinoCore\Debug\libArduinoCore.a(Reset.o)
 .data._ZL12_usbLineInfo
                0x20000008        0x8 C:\tmp\idpa\atmel\dma_debug\dma_debug\ArduinoCore\Debug\libArduinoCore.a(CDC.o)
 .data._ZL10breakValue
                0x20000010        0x4 C:\tmp\idpa\atmel\dma_debug\dma_debug\ArduinoCore\Debug\libArduinoCore.a(CDC.o)
 .data._ZL13_cdcInterface
                0x20000014       0x42 C:\tmp\idpa\atmel\dma_debug\dma_debug\ArduinoCore\Debug\libArduinoCore.a(CDC.o)
 *fill*         0x20000056        0x2 
 .data._serialPeek
                0x20000058        0x4 C:\tmp\idpa\atmel\dma_debug\dma_debug\ArduinoCore\Debug\libArduinoCore.a(CDC.o)
                0x20000058                _serialPeek
 .data.EndPoints
                0x2000005c       0x28 C:\tmp\idpa\atmel\dma_debug\dma_debug\ArduinoCore\Debug\libArduinoCore.a(USBCore.o)
                0x2000005c                EndPoints
 .data.SystemCoreClock
                0x20000084        0x4 C:\tmp\idpa\atmel\dma_debug\dma_debug\ArduinoCore\Debug\libArduinoCore.a(wiring.o)
                0x20000084                SystemCoreClock
 .data._ADCResolution
                0x20000088        0x4 C:\tmp\idpa\atmel\dma_debug\dma_debug\ArduinoCore\Debug\libArduinoCore.a(wiring_analog.o)
 .data._writeResolution
                0x2000008c        0x4 C:\tmp\idpa\atmel\dma_debug\dma_debug\ArduinoCore\Debug\libArduinoCore.a(wiring_analog.o)
 .data._readResolution
                0x20000090        0x4 C:\tmp\idpa\atmel\dma_debug\dma_debug\ArduinoCore\Debug\libArduinoCore.a(wiring_analog.o)
 .data.__fdlib_version
                0x20000094        0x1 c:/program files (x86)/atmel/studio/7.0/toolchain/arm/arm-gnu-toolchain/bin/../lib/gcc/arm-none-eabi/5.3.1/../../../../arm-none-eabi/lib/armv6-m\libm.a(lib_a-s_lib_ver.o)
                0x20000094                __fdlib_version
 *fill*         0x20000095        0x3 
 .data.impure_data
                0x20000098       0x60 c:/program files (x86)/atmel/studio/7.0/toolchain/arm/arm-gnu-toolchain/bin/../lib/gcc/arm-none-eabi/5.3.1/../../../../arm-none-eabi/lib/armv6-m\libc_nano.a(lib_a-impure.o)
 .data._impure_ptr
                0x200000f8        0x4 c:/program files (x86)/atmel/studio/7.0/toolchain/arm/arm-gnu-toolchain/bin/../lib/gcc/arm-none-eabi/5.3.1/../../../../arm-none-eabi/lib/armv6-m\libc_nano.a(lib_a-impure.o)
                0x200000f8                _impure_ptr
                0x200000fc                . = ALIGN (0x4)
                0x200000fc                PROVIDE (__preinit_array_start, .)
 *(.preinit_array)
                0x200000fc                PROVIDE (__preinit_array_end, .)
                0x200000fc                . = ALIGN (0x4)
                0x200000fc                PROVIDE (__init_array_start, .)
 *(SORT(.init_array.*))
 *(.init_array)
 .init_array    0x200000fc        0x4 c:/program files (x86)/atmel/studio/7.0/toolchain/arm/arm-gnu-toolchain/bin/../lib/gcc/arm-none-eabi/5.3.1/armv6-m/crtbegin.o
 .init_array    0x20000100        0x4 Sketch.o
 .init_array    0x20000104        0x4 C:\tmp\idpa\atmel\dma_debug\dma_debug\ArduinoCore\Debug\libArduinoCore.a(CDC.o)
 .init_array    0x20000108        0x4 C:\tmp\idpa\atmel\dma_debug\dma_debug\ArduinoCore\Debug\libArduinoCore.a(USBCore.o)
 .init_array    0x2000010c        0x4 C:\tmp\idpa\atmel\dma_debug\dma_debug\ArduinoCore\Debug\libArduinoCore.a(FastLED.o)
 .init_array    0x20000110        0x4 C:\tmp\idpa\atmel\dma_debug\dma_debug\ArduinoCore\Debug\libArduinoCore.a(variant.o)
                0x20000114                PROVIDE (__init_array_end, .)
                0x20000114                . = ALIGN (0x4)
                [!provide]                PROVIDE (__fini_array_start, .)
 *(SORT(.fini_array.*))
 *(.fini_array)
 .fini_array    0x20000114        0x4 c:/program files (x86)/atmel/studio/7.0/toolchain/arm/arm-gnu-toolchain/bin/../lib/gcc/arm-none-eabi/5.3.1/armv6-m/crtbegin.o
                [!provide]                PROVIDE (__fini_array_end, .)
 *(.jcr*)
 .jcr           0x20000118        0x0 c:/program files (x86)/atmel/studio/7.0/toolchain/arm/arm-gnu-toolchain/bin/../lib/gcc/arm-none-eabi/5.3.1/armv6-m/crtbegin.o
 .jcr           0x20000118        0x4 c:/program files (x86)/atmel/studio/7.0/toolchain/arm/arm-gnu-toolchain/bin/../lib/gcc/arm-none-eabi/5.3.1/armv6-m/crtend.o
                0x20000120                . = ALIGN (0x10)
 *fill*         0x2000011c        0x4 
                0x20000120                __data_end__ = .

.igot.plt       0x20000120        0x0 load address 0x00008860
 .igot.plt      0x20000120        0x0 c:/program files (x86)/atmel/studio/7.0/toolchain/arm/arm-gnu-toolchain/bin/../lib/gcc/arm-none-eabi/5.3.1/armv6-m/crtbegin.o

.bss            0x20000120      0xc94 load address 0x00008860
                0x20000120                . = ALIGN (0x4)
                0x20000120                __bss_start__ = .
 *(.bss*)
 .bss           0x20000120       0x1c c:/program files (x86)/atmel/studio/7.0/toolchain/arm/arm-gnu-toolchain/bin/../lib/gcc/arm-none-eabi/5.3.1/armv6-m/crtbegin.o
 .bss._ZZN15PixelControllerIL6EOrder136ELi1ELm4294967295EE21init_binary_ditheringEvE1R
                0x2000013c        0x1 Sketch.o
                0x2000013c                PixelController<(EOrder)136, 1, 4294967295ul>::init_binary_dithering()::R
 *fill*         0x2000013d        0x3 
 .bss._ZN7FastPinILh9EE7sInPortE
                0x20000140        0x4 Sketch.o
                0x20000140                FastPin<(unsigned char)9>::sInPort
 .bss._ZN7FastPinILh9EE5sPortE
                0x20000144        0x4 Sketch.o
                0x20000144                FastPin<(unsigned char)9>::sPort
 .bss._ZN7FastPinILh9EE8sPinMaskE
                0x20000148        0x4 Sketch.o
                0x20000148                FastPin<(unsigned char)9>::sPinMask
 .bss._ZN7FastPinILh6EE7sInPortE
                0x2000014c        0x4 Sketch.o
                0x2000014c                FastPin<(unsigned char)6>::sInPort
 .bss._ZN7FastPinILh6EE5sPortE
                0x20000150        0x4 Sketch.o
                0x20000150                FastPin<(unsigned char)6>::sPort
 .bss._ZN7FastPinILh6EE8sPinMaskE
                0x20000154        0x4 Sketch.o
                0x20000154                FastPin<(unsigned char)6>::sPinMask
 .bss._ZGVZN8CFastLED7addLedsIL12ESPIChipsets7ELh6ELh9EL6EOrder136EEER14CLEDControllerP4CRGBiiE1c_4
                0x20000158        0x4 Sketch.o
                0x20000158                guard variable for CLEDController& CFastLED::addLeds<(ESPIChipsets)7, (unsigned char)6, (unsigned char)9, (EOrder)136>(CRGB*, int, int)::c
 .bss._ZZN8CFastLED7addLedsIL12ESPIChipsets7ELh6ELh9EL6EOrder136EEER14CLEDControllerP4CRGBiiE1c_4
                0x2000015c       0x1c Sketch.o
                0x2000015c                CLEDController& CFastLED::addLeds<(ESPIChipsets)7, (unsigned char)6, (unsigned char)9, (EOrder)136>(CRGB*, int, int)::c
 *fill*         0x20000178        0x8 
 .bss.descriptor_section
                0x20000180       0xc0 Sketch.o
                0x20000180                descriptor_section
 .bss.fft       0x20000240        0x1 Sketch.o
                0x20000240                fft
 *fill*         0x20000241        0xf 
 .bss.wrb       0x20000250       0xc0 Sketch.o
                0x20000250                wrb
 .bss.dmadone   0x20000310        0x4 Sketch.o
                0x20000310                dmadone
 *fill*         0x20000314        0xc 
 .bss.descriptor
                0x20000320       0x10 Sketch.o
                0x20000320                descriptor
 .bss.h         0x20000330        0x1 Sketch.o
                0x20000330                h
 *fill*         0x20000331        0x3 
 .bss.adcbuf    0x20000334      0x200 Sketch.o
                0x20000334                adcbuf
 .bss.leds      0x20000534       0xb4 Sketch.o
                0x20000534                leds
 .bss.usb_isr   0x200005e8        0x4 C:\tmp\idpa\atmel\dma_debug\dma_debug\ArduinoCore\Debug\libArduinoCore.a(cortex_handlers.o)
 .bss._ulTickCount
                0x200005ec        0x4 C:\tmp\idpa\atmel\dma_debug\dma_debug\ArduinoCore\Debug\libArduinoCore.a(delay.o)
 .bss.Serial    0x200005f0       0x1c C:\tmp\idpa\atmel\dma_debug\dma_debug\ArduinoCore\Debug\libArduinoCore.a(CDC.o)
                0x200005f0                Serial
 .bss._ZL14isEndpointHalt
                0x2000060c        0x1 C:\tmp\idpa\atmel\dma_debug\dma_debug\ArduinoCore\Debug\libArduinoCore.a(USBCore.o)
 *fill*         0x2000060d        0x3 
 .bss._pack_buffer
                0x20000610      0x100 C:\tmp\idpa\atmel\dma_debug\dma_debug\ArduinoCore\Debug\libArduinoCore.a(USBCore.o)
                0x20000610                _pack_buffer
 .bss._ZL20LastTransmitTimedOut
                0x20000710        0x7 C:\tmp\idpa\atmel\dma_debug\dma_debug\ArduinoCore\Debug\libArduinoCore.a(USBCore.o)
 .bss._pack_message
                0x20000717        0x1 C:\tmp\idpa\atmel\dma_debug\dma_debug\ArduinoCore\Debug\libArduinoCore.a(USBCore.o)
                0x20000717                _pack_message
 .bss._ZL23udd_ep_out_cache_buffer
                0x20000718      0x1c0 C:\tmp\idpa\atmel\dma_debug\dma_debug\ArduinoCore\Debug\libArduinoCore.a(USBCore.o)
 .bss._ZL22udd_ep_in_cache_buffer
                0x200008d8      0x1c0 C:\tmp\idpa\atmel\dma_debug\dma_debug\ArduinoCore\Debug\libArduinoCore.a(USBCore.o)
 .bss._pack_size
                0x20000a98        0x2 C:\tmp\idpa\atmel\dma_debug\dma_debug\ArduinoCore\Debug\libArduinoCore.a(USBCore.o)
                0x20000a98                _pack_size
 .bss._ZL10txLEDPulse
                0x20000a9a        0x1 C:\tmp\idpa\atmel\dma_debug\dma_debug\ArduinoCore\Debug\libArduinoCore.a(USBCore.o)
 *fill*         0x20000a9b        0x1 
 .bss._ZL10epHandlers
                0x20000a9c       0x1c C:\tmp\idpa\atmel\dma_debug\dma_debug\ArduinoCore\Debug\libArduinoCore.a(USBCore.o)
 .bss._ZL21isRemoteWakeUpEnabled
                0x20000ab8        0x1 C:\tmp\idpa\atmel\dma_debug\dma_debug\ArduinoCore\Debug\libArduinoCore.a(USBCore.o)
 *fill*         0x20000ab9        0x3 
 .bss._usbSetInterface
                0x20000abc        0x4 C:\tmp\idpa\atmel\dma_debug\dma_debug\ArduinoCore\Debug\libArduinoCore.a(USBCore.o)
                0x20000abc                _usbSetInterface
 .bss._dry_run  0x20000ac0        0x1 C:\tmp\idpa\atmel\dma_debug\dma_debug\ArduinoCore\Debug\libArduinoCore.a(USBCore.o)
                0x20000ac0                _dry_run
 *fill*         0x20000ac1        0x3 
 .bss.USBDevice
                0x20000ac4        0x1 C:\tmp\idpa\atmel\dma_debug\dma_debug\ArduinoCore\Debug\libArduinoCore.a(USBCore.o)
                0x20000ac4                USBDevice
 .bss._ZL10rxLEDPulse
                0x20000ac5        0x1 C:\tmp\idpa\atmel\dma_debug\dma_debug\ArduinoCore\Debug\libArduinoCore.a(USBCore.o)
 *fill*         0x20000ac6        0x2 
 .bss.usbd      0x20000ac8      0x104 C:\tmp\idpa\atmel\dma_debug\dma_debug\ArduinoCore\Debug\libArduinoCore.a(USBCore.o)
                0x20000ac8                usbd
 .bss._usbConfiguration
                0x20000bcc        0x4 C:\tmp\idpa\atmel\dma_debug\dma_debug\ArduinoCore\Debug\libArduinoCore.a(USBCore.o)
                0x20000bcc                _usbConfiguration
 .bss.FastLED   0x20000bd0       0x10 C:\tmp\idpa\atmel\dma_debug\dma_debug\ArduinoCore\Debug\libArduinoCore.a(FastLED.o)
                0x20000bd0                FastLED
 .bss._ZN14CLEDController7m_pHeadE
                0x20000be0        0x4 C:\tmp\idpa\atmel\dma_debug\dma_debug\ArduinoCore\Debug\libArduinoCore.a(FastLED.o)
                0x20000be0                CLEDController::m_pHead
 .bss._ZZN8CFastLED8countFPSEiE2br
                0x20000be4        0x4 C:\tmp\idpa\atmel\dma_debug\dma_debug\ArduinoCore\Debug\libArduinoCore.a(FastLED.o)
 .bss._ZL8lastshow
                0x20000be8        0x4 C:\tmp\idpa\atmel\dma_debug\dma_debug\ArduinoCore\Debug\libArduinoCore.a(FastLED.o)
 .bss._ZZN8CFastLED8countFPSEiE9lastframe
                0x20000bec        0x4 C:\tmp\idpa\atmel\dma_debug\dma_debug\ArduinoCore\Debug\libArduinoCore.a(FastLED.o)
 .bss._ZN14CLEDController7m_pTailE
                0x20000bf0        0x4 C:\tmp\idpa\atmel\dma_debug\dma_debug\ArduinoCore\Debug\libArduinoCore.a(FastLED.o)
                0x20000bf0                CLEDController::m_pTail
 .bss._ZL30gMaxPowerIndicatorLEDPinNumber
                0x20000bf4        0x1 C:\tmp\idpa\atmel\dma_debug\dma_debug\ArduinoCore\Debug\libArduinoCore.a(power_mgt.o)
 *fill*         0x20000bf5        0x3 
 .bss.Serial1   0x20000bf8       0xc4 C:\tmp\idpa\atmel\dma_debug\dma_debug\ArduinoCore\Debug\libArduinoCore.a(variant.o)
                0x20000bf8                Serial1
 .bss.Serial5   0x20000cbc       0xc4 C:\tmp\idpa\atmel\dma_debug\dma_debug\ArduinoCore\Debug\libArduinoCore.a(variant.o)
                0x20000cbc                Serial5
 .bss.sercom0   0x20000d80        0x4 C:\tmp\idpa\atmel\dma_debug\dma_debug\ArduinoCore\Debug\libArduinoCore.a(variant.o)
                0x20000d80                sercom0
 .bss.sercom1   0x20000d84        0x4 C:\tmp\idpa\atmel\dma_debug\dma_debug\ArduinoCore\Debug\libArduinoCore.a(variant.o)
                0x20000d84                sercom1
 .bss.sercom2   0x20000d88        0x4 C:\tmp\idpa\atmel\dma_debug\dma_debug\ArduinoCore\Debug\libArduinoCore.a(variant.o)
                0x20000d88                sercom2
 .bss.sercom3   0x20000d8c        0x4 C:\tmp\idpa\atmel\dma_debug\dma_debug\ArduinoCore\Debug\libArduinoCore.a(variant.o)
                0x20000d8c                sercom3
 .bss.sercom4   0x20000d90        0x4 C:\tmp\idpa\atmel\dma_debug\dma_debug\ArduinoCore\Debug\libArduinoCore.a(variant.o)
                0x20000d90                sercom4
 .bss.sercom5   0x20000d94        0x4 C:\tmp\idpa\atmel\dma_debug\dma_debug\ArduinoCore\Debug\libArduinoCore.a(variant.o)
                0x20000d94                sercom5
 .bss._ZZ12PluggableUSBvE3obj
                0x20000d98        0x8 C:\tmp\idpa\atmel\dma_debug\dma_debug\ArduinoCore\Debug\libArduinoCore.a(PluggableUSB.o)
 .bss._ZGVZ12PluggableUSBvE3obj
                0x20000da0        0x4 C:\tmp\idpa\atmel\dma_debug\dma_debug\ArduinoCore\Debug\libArduinoCore.a(PluggableUSB.o)
 .bss.__malloc_sbrk_start
                0x20000da4        0x4 c:/program files (x86)/atmel/studio/7.0/toolchain/arm/arm-gnu-toolchain/bin/../lib/gcc/arm-none-eabi/5.3.1/../../../../arm-none-eabi/lib/armv6-m\libc_nano.a(lib_a-nano-mallocr.o)
                0x20000da4                __malloc_sbrk_start
 .bss.__malloc_free_list
                0x20000da8        0x4 c:/program files (x86)/atmel/studio/7.0/toolchain/arm/arm-gnu-toolchain/bin/../lib/gcc/arm-none-eabi/5.3.1/../../../../arm-none-eabi/lib/armv6-m\libc_nano.a(lib_a-nano-mallocr.o)
                0x20000da8                __malloc_free_list
 .bss.heap_end.4167
                0x20000dac        0x4 c:/program files (x86)/atmel/studio/7.0/toolchain/arm/arm-gnu-toolchain/bin/../lib/gcc/arm-none-eabi/5.3.1/../../../../arm-none-eabi/lib/armv6-m\libnosys.a(sbrk.o)
 *(COMMON)
 COMMON         0x20000db0        0x4 c:/program files (x86)/atmel/studio/7.0/toolchain/arm/arm-gnu-toolchain/bin/../lib/gcc/arm-none-eabi/5.3.1/../../../../arm-none-eabi/lib/armv6-m\libc_nano.a(lib_a-reent.o)
                0x20000db0                errno
                0x20000db4                . = ALIGN (0x4)
                0x20000db4                __bss_end__ = .

.heap           0x20000db4        0x0
                0x20000db4                __end__ = .
                0x20000db4                PROVIDE (end, .)
 *(.heap*)
                0x20000db4                __HeapLimit = .

.stack_dummy    0x20000db4        0x0
 *(.stack*)
                0x20008000                __StackTop = (ORIGIN (RAM) + LENGTH (RAM))
                0x20008000                __StackLimit = (__StackTop - SIZEOF (.stack_dummy))
                0x20008000                PROVIDE (__stack, __StackTop)
                0x20007fff                __ram_end__ = ((ORIGIN (RAM) + LENGTH (RAM)) - 0x1)
                0x00000001                ASSERT ((__StackLimit >= __HeapLimit), region RAM overflowed with stack)
OUTPUT(2_side_test.elf elf32-littlearm)

.ARM.attributes
                0x00000000       0x28
 .ARM.attributes
                0x00000000       0x1e c:/program files (x86)/atmel/studio/7.0/toolchain/arm/arm-gnu-toolchain/bin/../lib/gcc/arm-none-eabi/5.3.1/armv6-m/crti.o
 .ARM.attributes
                0x0000001e       0x2c c:/program files (x86)/atmel/studio/7.0/toolchain/arm/arm-gnu-toolchain/bin/../lib/gcc/arm-none-eabi/5.3.1/armv6-m/crtbegin.o
 .ARM.attributes
                0x0000004a       0x32 Sketch.o
 .ARM.attributes
                0x0000007c       0x32 C:\tmp\idpa\atmel\dma_debug\dma_debug\ArduinoCore\Debug\libArduinoCore.a(abi.o)
 .ARM.attributes
                0x000000ae       0x32 C:\tmp\idpa\atmel\dma_debug\dma_debug\ArduinoCore\Debug\libArduinoCore.a(cortex_handlers.o)
 .ARM.attributes
                0x000000e0       0x32 C:\tmp\idpa\atmel\dma_debug\dma_debug\ArduinoCore\Debug\libArduinoCore.a(delay.o)
 .ARM.attributes
                0x00000112       0x32 C:\tmp\idpa\atmel\dma_debug\dma_debug\ArduinoCore\Debug\libArduinoCore.a(hooks.o)
 .ARM.attributes
                0x00000144       0x32 C:\tmp\idpa\atmel\dma_debug\dma_debug\ArduinoCore\Debug\libArduinoCore.a(main.o)
 .ARM.attributes
                0x00000176       0x32 C:\tmp\idpa\atmel\dma_debug\dma_debug\ArduinoCore\Debug\libArduinoCore.a(Print.o)
 .ARM.attributes
                0x000001a8       0x32 C:\tmp\idpa\atmel\dma_debug\dma_debug\ArduinoCore\Debug\libArduinoCore.a(Reset.o)
 .ARM.attributes
                0x000001da       0x32 C:\tmp\idpa\atmel\dma_debug\dma_debug\ArduinoCore\Debug\libArduinoCore.a(startup.o)
 .ARM.attributes
                0x0000020c       0x32 C:\tmp\idpa\atmel\dma_debug\dma_debug\ArduinoCore\Debug\libArduinoCore.a(CDC.o)
 .ARM.attributes
                0x0000023e       0x32 C:\tmp\idpa\atmel\dma_debug\dma_debug\ArduinoCore\Debug\libArduinoCore.a(USBCore.o)
 .ARM.attributes
                0x00000270       0x32 C:\tmp\idpa\atmel\dma_debug\dma_debug\ArduinoCore\Debug\libArduinoCore.a(wiring.o)
 .ARM.attributes
                0x000002a2       0x32 C:\tmp\idpa\atmel\dma_debug\dma_debug\ArduinoCore\Debug\libArduinoCore.a(wiring_analog.o)
 .ARM.attributes
                0x000002d4       0x32 C:\tmp\idpa\atmel\dma_debug\dma_debug\ArduinoCore\Debug\libArduinoCore.a(wiring_digital.o)
 .ARM.attributes
                0x00000306       0x32 C:\tmp\idpa\atmel\dma_debug\dma_debug\ArduinoCore\Debug\libArduinoCore.a(wiring_private.o)
 .ARM.attributes
                0x00000338       0x32 C:\tmp\idpa\atmel\dma_debug\dma_debug\ArduinoCore\Debug\libArduinoCore.a(arduinoFFT.o)
 .ARM.attributes
                0x0000036a       0x32 C:\tmp\idpa\atmel\dma_debug\dma_debug\ArduinoCore\Debug\libArduinoCore.a(colorutils.o)
 .ARM.attributes
                0x0000039c       0x32 C:\tmp\idpa\atmel\dma_debug\dma_debug\ArduinoCore\Debug\libArduinoCore.a(FastLED.o)
 .ARM.attributes
                0x000003ce       0x32 C:\tmp\idpa\atmel\dma_debug\dma_debug\ArduinoCore\Debug\libArduinoCore.a(hsv2rgb.o)
 .ARM.attributes
                0x00000400       0x32 C:\tmp\idpa\atmel\dma_debug\dma_debug\ArduinoCore\Debug\libArduinoCore.a(power_mgt.o)
 .ARM.attributes
                0x00000432       0x32 C:\tmp\idpa\atmel\dma_debug\dma_debug\ArduinoCore\Debug\libArduinoCore.a(variant.o)
 .ARM.attributes
                0x00000464       0x32 C:\tmp\idpa\atmel\dma_debug\dma_debug\ArduinoCore\Debug\libArduinoCore.a(new.o)
 .ARM.attributes
                0x00000496       0x32 C:\tmp\idpa\atmel\dma_debug\dma_debug\ArduinoCore\Debug\libArduinoCore.a(SERCOM.o)
 .ARM.attributes
                0x000004c8       0x32 C:\tmp\idpa\atmel\dma_debug\dma_debug\ArduinoCore\Debug\libArduinoCore.a(Uart.o)
 .ARM.attributes
                0x000004fa       0x32 C:\tmp\idpa\atmel\dma_debug\dma_debug\ArduinoCore\Debug\libArduinoCore.a(PluggableUSB.o)
 .ARM.attributes
                0x0000052c       0x32 C:\tmp\idpa\atmel\dma_debug\dma_debug\ArduinoCore\Debug\libArduinoCore.a(RingBuffer.o)
 .ARM.attributes
                0x0000055e       0x2c c:/program files (x86)/atmel/studio/7.0/toolchain/arm/arm-gnu-toolchain/bin/../lib/gcc/arm-none-eabi/5.3.1/../../../../arm-none-eabi/lib/armv6-m\libstdc++_nano.a(atexit_arm.o)
 .ARM.attributes
                0x0000058a       0x2c c:/program files (x86)/atmel/studio/7.0/toolchain/arm/arm-gnu-toolchain/bin/../lib/gcc/arm-none-eabi/5.3.1/../../../../arm-none-eabi/lib/armv6-m\libm.a(lib_a-s_cos.o)
 .ARM.attributes
                0x000005b6       0x2c c:/program files (x86)/atmel/studio/7.0/toolchain/arm/arm-gnu-toolchain/bin/../lib/gcc/arm-none-eabi/5.3.1/../../../../arm-none-eabi/lib/armv6-m\libm.a(lib_a-w_sqrt.o)
 .ARM.attributes
                0x000005e2       0x2c c:/program files (x86)/atmel/studio/7.0/toolchain/arm/arm-gnu-toolchain/bin/../lib/gcc/arm-none-eabi/5.3.1/../../../../arm-none-eabi/lib/armv6-m\libm.a(lib_a-e_rem_pio2.o)
 .ARM.attributes
                0x0000060e       0x2c c:/program files (x86)/atmel/studio/7.0/toolchain/arm/arm-gnu-toolchain/bin/../lib/gcc/arm-none-eabi/5.3.1/../../../../arm-none-eabi/lib/armv6-m\libm.a(lib_a-e_sqrt.o)
 .ARM.attributes
                0x0000063a       0x2c c:/program files (x86)/atmel/studio/7.0/toolchain/arm/arm-gnu-toolchain/bin/../lib/gcc/arm-none-eabi/5.3.1/../../../../arm-none-eabi/lib/armv6-m\libm.a(lib_a-k_cos.o)
 .ARM.attributes
                0x00000666       0x2c c:/program files (x86)/atmel/studio/7.0/toolchain/arm/arm-gnu-toolchain/bin/../lib/gcc/arm-none-eabi/5.3.1/../../../../arm-none-eabi/lib/armv6-m\libm.a(lib_a-k_rem_pio2.o)
 .ARM.attributes
                0x00000692       0x2c c:/program files (x86)/atmel/studio/7.0/toolchain/arm/arm-gnu-toolchain/bin/../lib/gcc/arm-none-eabi/5.3.1/../../../../arm-none-eabi/lib/armv6-m\libm.a(lib_a-k_sin.o)
 .ARM.attributes
                0x000006be       0x2c c:/program files (x86)/atmel/studio/7.0/toolchain/arm/arm-gnu-toolchain/bin/../lib/gcc/arm-none-eabi/5.3.1/../../../../arm-none-eabi/lib/armv6-m\libm.a(lib_a-s_fabs.o)
 .ARM.attributes
                0x000006ea       0x2c c:/program files (x86)/atmel/studio/7.0/toolchain/arm/arm-gnu-toolchain/bin/../lib/gcc/arm-none-eabi/5.3.1/../../../../arm-none-eabi/lib/armv6-m\libm.a(lib_a-s_floor.o)
 .ARM.attributes
                0x00000716       0x2c c:/program files (x86)/atmel/studio/7.0/toolchain/arm/arm-gnu-toolchain/bin/../lib/gcc/arm-none-eabi/5.3.1/../../../../arm-none-eabi/lib/armv6-m\libm.a(lib_a-s_lib_ver.o)
 .ARM.attributes
                0x00000742       0x2c c:/program files (x86)/atmel/studio/7.0/toolchain/arm/arm-gnu-toolchain/bin/../lib/gcc/arm-none-eabi/5.3.1/../../../../arm-none-eabi/lib/armv6-m\libm.a(lib_a-s_matherr.o)
 .ARM.attributes
                0x0000076e       0x2c c:/program files (x86)/atmel/studio/7.0/toolchain/arm/arm-gnu-toolchain/bin/../lib/gcc/arm-none-eabi/5.3.1/../../../../arm-none-eabi/lib/armv6-m\libm.a(lib_a-s_scalbn.o)
 .ARM.attributes
                0x0000079a       0x2c c:/program files (x86)/atmel/studio/7.0/toolchain/arm/arm-gnu-toolchain/bin/../lib/gcc/arm-none-eabi/5.3.1/../../../../arm-none-eabi/lib/armv6-m\libm.a(lib_a-s_copysign.o)
 .ARM.attributes
                0x000007c6       0x1e c:/program files (x86)/atmel/studio/7.0/toolchain/arm/arm-gnu-toolchain/bin/../lib/gcc/arm-none-eabi/5.3.1/armv6-m\libgcc.a(_udivsi3.o)
 .ARM.attributes
                0x000007e4       0x1e c:/program files (x86)/atmel/studio/7.0/toolchain/arm/arm-gnu-toolchain/bin/../lib/gcc/arm-none-eabi/5.3.1/armv6-m\libgcc.a(_divsi3.o)
 .ARM.attributes
                0x00000802       0x1e c:/program files (x86)/atmel/studio/7.0/toolchain/arm/arm-gnu-toolchain/bin/../lib/gcc/arm-none-eabi/5.3.1/armv6-m\libgcc.a(_dvmd_tls.o)
 .ARM.attributes
                0x00000820       0x1e c:/program files (x86)/atmel/studio/7.0/toolchain/arm/arm-gnu-toolchain/bin/../lib/gcc/arm-none-eabi/5.3.1/armv6-m\libgcc.a(_arm_cmpdf2.o)
 .ARM.attributes
                0x0000083e       0x2c c:/program files (x86)/atmel/studio/7.0/toolchain/arm/arm-gnu-toolchain/bin/../lib/gcc/arm-none-eabi/5.3.1/armv6-m\libgcc.a(_fixunsdfsi.o)
 .ARM.attributes
                0x0000086a       0x2c c:/program files (x86)/atmel/studio/7.0/toolchain/arm/arm-gnu-toolchain/bin/../lib/gcc/arm-none-eabi/5.3.1/armv6-m\libgcc.a(adddf3.o)
 .ARM.attributes
                0x00000896       0x2c c:/program files (x86)/atmel/studio/7.0/toolchain/arm/arm-gnu-toolchain/bin/../lib/gcc/arm-none-eabi/5.3.1/armv6-m\libgcc.a(divdf3.o)
 .ARM.attributes
                0x000008c2       0x2c c:/program files (x86)/atmel/studio/7.0/toolchain/arm/arm-gnu-toolchain/bin/../lib/gcc/arm-none-eabi/5.3.1/armv6-m\libgcc.a(eqdf2.o)
 .ARM.attributes
                0x000008ee       0x2c c:/program files (x86)/atmel/studio/7.0/toolchain/arm/arm-gnu-toolchain/bin/../lib/gcc/arm-none-eabi/5.3.1/armv6-m\libgcc.a(gedf2.o)
 .ARM.attributes
                0x0000091a       0x2c c:/program files (x86)/atmel/studio/7.0/toolchain/arm/arm-gnu-toolchain/bin/../lib/gcc/arm-none-eabi/5.3.1/armv6-m\libgcc.a(ledf2.o)
 .ARM.attributes
                0x00000946       0x2c c:/program files (x86)/atmel/studio/7.0/toolchain/arm/arm-gnu-toolchain/bin/../lib/gcc/arm-none-eabi/5.3.1/armv6-m\libgcc.a(muldf3.o)
 .ARM.attributes
                0x00000972       0x2c c:/program files (x86)/atmel/studio/7.0/toolchain/arm/arm-gnu-toolchain/bin/../lib/gcc/arm-none-eabi/5.3.1/armv6-m\libgcc.a(subdf3.o)
 .ARM.attributes
                0x0000099e       0x2c c:/program files (x86)/atmel/studio/7.0/toolchain/arm/arm-gnu-toolchain/bin/../lib/gcc/arm-none-eabi/5.3.1/armv6-m\libgcc.a(unorddf2.o)
 .ARM.attributes
                0x000009ca       0x2c c:/program files (x86)/atmel/studio/7.0/toolchain/arm/arm-gnu-toolchain/bin/../lib/gcc/arm-none-eabi/5.3.1/armv6-m\libgcc.a(fixdfsi.o)
 .ARM.attributes
                0x000009f6       0x2c c:/program files (x86)/atmel/studio/7.0/toolchain/arm/arm-gnu-toolchain/bin/../lib/gcc/arm-none-eabi/5.3.1/armv6-m\libgcc.a(floatsidf.o)
 .ARM.attributes
                0x00000a22       0x2c c:/program files (x86)/atmel/studio/7.0/toolchain/arm/arm-gnu-toolchain/bin/../lib/gcc/arm-none-eabi/5.3.1/armv6-m\libgcc.a(floatunsidf.o)
 .ARM.attributes
                0x00000a4e       0x1e c:/program files (x86)/atmel/studio/7.0/toolchain/arm/arm-gnu-toolchain/bin/../lib/gcc/arm-none-eabi/5.3.1/armv6-m\libgcc.a(_clzsi2.o)
 .ARM.attributes
                0x00000a6c       0x2c c:/program files (x86)/atmel/studio/7.0/toolchain/arm/arm-gnu-toolchain/bin/../lib/gcc/arm-none-eabi/5.3.1/../../../../arm-none-eabi/lib/armv6-m\libc_nano.a(lib_a-cxa_atexit.o)
 .ARM.attributes
                0x00000a98       0x2c c:/program files (x86)/atmel/studio/7.0/toolchain/arm/arm-gnu-toolchain/bin/../lib/gcc/arm-none-eabi/5.3.1/../../../../arm-none-eabi/lib/armv6-m\libc_nano.a(lib_a-errno.o)
 .ARM.attributes
                0x00000ac4       0x2c c:/program files (x86)/atmel/studio/7.0/toolchain/arm/arm-gnu-toolchain/bin/../lib/gcc/arm-none-eabi/5.3.1/../../../../arm-none-eabi/lib/armv6-m\libc_nano.a(lib_a-impure.o)
 .ARM.attributes
                0x00000af0       0x2c c:/program files (x86)/atmel/studio/7.0/toolchain/arm/arm-gnu-toolchain/bin/../lib/gcc/arm-none-eabi/5.3.1/../../../../arm-none-eabi/lib/armv6-m\libc_nano.a(lib_a-init.o)
 .ARM.attributes
                0x00000b1c       0x2c c:/program files (x86)/atmel/studio/7.0/toolchain/arm/arm-gnu-toolchain/bin/../lib/gcc/arm-none-eabi/5.3.1/../../../../arm-none-eabi/lib/armv6-m\libc_nano.a(lib_a-malloc.o)
 .ARM.attributes
                0x00000b48       0x2c c:/program files (x86)/atmel/studio/7.0/toolchain/arm/arm-gnu-toolchain/bin/../lib/gcc/arm-none-eabi/5.3.1/../../../../arm-none-eabi/lib/armv6-m\libc_nano.a(lib_a-memcpy-stub.o)
 .ARM.attributes
                0x00000b74       0x2c c:/program files (x86)/atmel/studio/7.0/toolchain/arm/arm-gnu-toolchain/bin/../lib/gcc/arm-none-eabi/5.3.1/../../../../arm-none-eabi/lib/armv6-m\libc_nano.a(lib_a-memset.o)
 .ARM.attributes
                0x00000ba0       0x2c c:/program files (x86)/atmel/studio/7.0/toolchain/arm/arm-gnu-toolchain/bin/../lib/gcc/arm-none-eabi/5.3.1/../../../../arm-none-eabi/lib/armv6-m\libc_nano.a(lib_a-nano-freer.o)
 .ARM.attributes
                0x00000bcc       0x2c c:/program files (x86)/atmel/studio/7.0/toolchain/arm/arm-gnu-toolchain/bin/../lib/gcc/arm-none-eabi/5.3.1/../../../../arm-none-eabi/lib/armv6-m\libc_nano.a(lib_a-nano-mallocr.o)
 .ARM.attributes
                0x00000bf8       0x2c c:/program files (x86)/atmel/studio/7.0/toolchain/arm/arm-gnu-toolchain/bin/../lib/gcc/arm-none-eabi/5.3.1/../../../../arm-none-eabi/lib/armv6-m\libc_nano.a(lib_a-sbrkr.o)
 .ARM.attributes
                0x00000c24       0x1c c:/program files (x86)/atmel/studio/7.0/toolchain/arm/arm-gnu-toolchain/bin/../lib/gcc/arm-none-eabi/5.3.1/../../../../arm-none-eabi/lib/armv6-m\libc_nano.a(lib_a-strlen.o)
 .ARM.attributes
                0x00000c40       0x2c c:/program files (x86)/atmel/studio/7.0/toolchain/arm/arm-gnu-toolchain/bin/../lib/gcc/arm-none-eabi/5.3.1/../../../../arm-none-eabi/lib/armv6-m\libc_nano.a(lib_a-reent.o)
 .ARM.attributes
                0x00000c6c       0x2c c:/program files (x86)/atmel/studio/7.0/toolchain/arm/arm-gnu-toolchain/bin/../lib/gcc/arm-none-eabi/5.3.1/../../../../arm-none-eabi/lib/armv6-m\libnosys.a(sbrk.o)
 .ARM.attributes
                0x00000c98       0x2c c:/program files (x86)/atmel/studio/7.0/toolchain/arm/arm-gnu-toolchain/bin/../lib/gcc/arm-none-eabi/5.3.1/armv6-m/crtend.o
 .ARM.attributes
                0x00000cc4       0x1e c:/program files (x86)/atmel/studio/7.0/toolchain/arm/arm-gnu-toolchain/bin/../lib/gcc/arm-none-eabi/5.3.1/armv6-m/crtn.o

.comment        0x00000000       0x59
 .comment       0x00000000       0x59 Sketch.o
                                 0x5a (size before relaxing)
 .comment       0x00000059       0x5a C:\tmp\idpa\atmel\dma_debug\dma_debug\ArduinoCore\Debug\libArduinoCore.a(abi.o)
 .comment       0x00000059       0x5a C:\tmp\idpa\atmel\dma_debug\dma_debug\ArduinoCore\Debug\libArduinoCore.a(cortex_handlers.o)
 .comment       0x00000059       0x5a C:\tmp\idpa\atmel\dma_debug\dma_debug\ArduinoCore\Debug\libArduinoCore.a(delay.o)
 .comment       0x00000059       0x5a C:\tmp\idpa\atmel\dma_debug\dma_debug\ArduinoCore\Debug\libArduinoCore.a(hooks.o)
 .comment       0x00000059       0x5a C:\tmp\idpa\atmel\dma_debug\dma_debug\ArduinoCore\Debug\libArduinoCore.a(main.o)
 .comment       0x00000059       0x5a C:\tmp\idpa\atmel\dma_debug\dma_debug\ArduinoCore\Debug\libArduinoCore.a(Print.o)
 .comment       0x00000059       0x5a C:\tmp\idpa\atmel\dma_debug\dma_debug\ArduinoCore\Debug\libArduinoCore.a(Reset.o)
 .comment       0x00000059       0x5a C:\tmp\idpa\atmel\dma_debug\dma_debug\ArduinoCore\Debug\libArduinoCore.a(startup.o)
 .comment       0x00000059       0x5a C:\tmp\idpa\atmel\dma_debug\dma_debug\ArduinoCore\Debug\libArduinoCore.a(CDC.o)
 .comment       0x00000059       0x5a C:\tmp\idpa\atmel\dma_debug\dma_debug\ArduinoCore\Debug\libArduinoCore.a(USBCore.o)
 .comment       0x00000059       0x5a C:\tmp\idpa\atmel\dma_debug\dma_debug\ArduinoCore\Debug\libArduinoCore.a(wiring.o)
 .comment       0x00000059       0x5a C:\tmp\idpa\atmel\dma_debug\dma_debug\ArduinoCore\Debug\libArduinoCore.a(wiring_analog.o)
 .comment       0x00000059       0x5a C:\tmp\idpa\atmel\dma_debug\dma_debug\ArduinoCore\Debug\libArduinoCore.a(wiring_digital.o)
 .comment       0x00000059       0x5a C:\tmp\idpa\atmel\dma_debug\dma_debug\ArduinoCore\Debug\libArduinoCore.a(wiring_private.o)
 .comment       0x00000059       0x5a C:\tmp\idpa\atmel\dma_debug\dma_debug\ArduinoCore\Debug\libArduinoCore.a(arduinoFFT.o)
 .comment       0x00000059       0x5a C:\tmp\idpa\atmel\dma_debug\dma_debug\ArduinoCore\Debug\libArduinoCore.a(colorutils.o)
 .comment       0x00000059       0x5a C:\tmp\idpa\atmel\dma_debug\dma_debug\ArduinoCore\Debug\libArduinoCore.a(FastLED.o)
 .comment       0x00000059       0x5a C:\tmp\idpa\atmel\dma_debug\dma_debug\ArduinoCore\Debug\libArduinoCore.a(hsv2rgb.o)
 .comment       0x00000059       0x5a C:\tmp\idpa\atmel\dma_debug\dma_debug\ArduinoCore\Debug\libArduinoCore.a(power_mgt.o)
 .comment       0x00000059       0x5a C:\tmp\idpa\atmel\dma_debug\dma_debug\ArduinoCore\Debug\libArduinoCore.a(variant.o)
 .comment       0x00000059       0x5a C:\tmp\idpa\atmel\dma_debug\dma_debug\ArduinoCore\Debug\libArduinoCore.a(new.o)
 .comment       0x00000059       0x5a C:\tmp\idpa\atmel\dma_debug\dma_debug\ArduinoCore\Debug\libArduinoCore.a(SERCOM.o)
 .comment       0x00000059       0x5a C:\tmp\idpa\atmel\dma_debug\dma_debug\ArduinoCore\Debug\libArduinoCore.a(Uart.o)
 .comment       0x00000059       0x5a C:\tmp\idpa\atmel\dma_debug\dma_debug\ArduinoCore\Debug\libArduinoCore.a(PluggableUSB.o)
 .comment       0x00000059       0x5a C:\tmp\idpa\atmel\dma_debug\dma_debug\ArduinoCore\Debug\libArduinoCore.a(RingBuffer.o)

.debug_info     0x00000000    0x54738
 .debug_info    0x00000000    0x11fec Sketch.o
 .debug_info    0x00011fec       0xb8 C:\tmp\idpa\atmel\dma_debug\dma_debug\ArduinoCore\Debug\libArduinoCore.a(abi.o)
 .debug_info    0x000120a4      0x5cd C:\tmp\idpa\atmel\dma_debug\dma_debug\ArduinoCore\Debug\libArduinoCore.a(cortex_handlers.o)
 .debug_info    0x00012671      0x3bb C:\tmp\idpa\atmel\dma_debug\dma_debug\ArduinoCore\Debug\libArduinoCore.a(delay.o)
 .debug_info    0x00012a2c       0x73 C:\tmp\idpa\atmel\dma_debug\dma_debug\ArduinoCore\Debug\libArduinoCore.a(hooks.o)
 .debug_info    0x00012a9f      0x8df C:\tmp\idpa\atmel\dma_debug\dma_debug\ArduinoCore\Debug\libArduinoCore.a(main.o)
 .debug_info    0x0001337e     0x3d0a C:\tmp\idpa\atmel\dma_debug\dma_debug\ArduinoCore\Debug\libArduinoCore.a(Print.o)
 .debug_info    0x00017088      0x92f C:\tmp\idpa\atmel\dma_debug\dma_debug\ArduinoCore\Debug\libArduinoCore.a(Reset.o)
 .debug_info    0x000179b7     0x2c0c C:\tmp\idpa\atmel\dma_debug\dma_debug\ArduinoCore\Debug\libArduinoCore.a(startup.o)
 .debug_info    0x0001a5c3     0x308e C:\tmp\idpa\atmel\dma_debug\dma_debug\ArduinoCore\Debug\libArduinoCore.a(CDC.o)
 .debug_info    0x0001d651     0xb034 C:\tmp\idpa\atmel\dma_debug\dma_debug\ArduinoCore\Debug\libArduinoCore.a(USBCore.o)
 .debug_info    0x00028685     0x1fa4 C:\tmp\idpa\atmel\dma_debug\dma_debug\ArduinoCore\Debug\libArduinoCore.a(wiring.o)
 .debug_info    0x0002a629     0x48f5 C:\tmp\idpa\atmel\dma_debug\dma_debug\ArduinoCore\Debug\libArduinoCore.a(wiring_analog.o)
 .debug_info    0x0002ef1e      0xc48 C:\tmp\idpa\atmel\dma_debug\dma_debug\ArduinoCore\Debug\libArduinoCore.a(wiring_digital.o)
 .debug_info    0x0002fb66      0xc27 C:\tmp\idpa\atmel\dma_debug\dma_debug\ArduinoCore\Debug\libArduinoCore.a(wiring_private.o)
 .debug_info    0x0003078d      0xa6e C:\tmp\idpa\atmel\dma_debug\dma_debug\ArduinoCore\Debug\libArduinoCore.a(arduinoFFT.o)
 .debug_info    0x000311fb     0x8e04 C:\tmp\idpa\atmel\dma_debug\dma_debug\ArduinoCore\Debug\libArduinoCore.a(colorutils.o)
 .debug_info    0x00039fff     0x3644 C:\tmp\idpa\atmel\dma_debug\dma_debug\ArduinoCore\Debug\libArduinoCore.a(FastLED.o)
 .debug_info    0x0003d643     0x2ead C:\tmp\idpa\atmel\dma_debug\dma_debug\ArduinoCore\Debug\libArduinoCore.a(hsv2rgb.o)
 .debug_info    0x000404f0     0x2c4a C:\tmp\idpa\atmel\dma_debug\dma_debug\ArduinoCore\Debug\libArduinoCore.a(power_mgt.o)
 .debug_info    0x0004313a     0x7660 C:\tmp\idpa\atmel\dma_debug\dma_debug\ArduinoCore\Debug\libArduinoCore.a(variant.o)
 .debug_info    0x0004a79a      0x15d C:\tmp\idpa\atmel\dma_debug\dma_debug\ArduinoCore\Debug\libArduinoCore.a(new.o)
 .debug_info    0x0004a8f7     0x3eeb C:\tmp\idpa\atmel\dma_debug\dma_debug\ArduinoCore\Debug\libArduinoCore.a(SERCOM.o)
 .debug_info    0x0004e7e2     0x52c4 C:\tmp\idpa\atmel\dma_debug\dma_debug\ArduinoCore\Debug\libArduinoCore.a(Uart.o)
 .debug_info    0x00053aa6      0x836 C:\tmp\idpa\atmel\dma_debug\dma_debug\ArduinoCore\Debug\libArduinoCore.a(PluggableUSB.o)
 .debug_info    0x000542dc      0x45c C:\tmp\idpa\atmel\dma_debug\dma_debug\ArduinoCore\Debug\libArduinoCore.a(RingBuffer.o)

.debug_abbrev   0x00000000     0x6b9d
 .debug_abbrev  0x00000000      0xe06 Sketch.o
 .debug_abbrev  0x00000e06       0x4f C:\tmp\idpa\atmel\dma_debug\dma_debug\ArduinoCore\Debug\libArduinoCore.a(abi.o)
 .debug_abbrev  0x00000e55      0x1ab C:\tmp\idpa\atmel\dma_debug\dma_debug\ArduinoCore\Debug\libArduinoCore.a(cortex_handlers.o)
 .debug_abbrev  0x00001000      0x14c C:\tmp\idpa\atmel\dma_debug\dma_debug\ArduinoCore\Debug\libArduinoCore.a(delay.o)
 .debug_abbrev  0x0000114c       0x65 C:\tmp\idpa\atmel\dma_debug\dma_debug\ArduinoCore\Debug\libArduinoCore.a(hooks.o)
 .debug_abbrev  0x000011b1      0x276 C:\tmp\idpa\atmel\dma_debug\dma_debug\ArduinoCore\Debug\libArduinoCore.a(main.o)
 .debug_abbrev  0x00001427      0x49b C:\tmp\idpa\atmel\dma_debug\dma_debug\ArduinoCore\Debug\libArduinoCore.a(Print.o)
 .debug_abbrev  0x000018c2      0x2b6 C:\tmp\idpa\atmel\dma_debug\dma_debug\ArduinoCore\Debug\libArduinoCore.a(Reset.o)
 .debug_abbrev  0x00001b78      0x17f C:\tmp\idpa\atmel\dma_debug\dma_debug\ArduinoCore\Debug\libArduinoCore.a(startup.o)
 .debug_abbrev  0x00001cf7      0x66b C:\tmp\idpa\atmel\dma_debug\dma_debug\ArduinoCore\Debug\libArduinoCore.a(CDC.o)
 .debug_abbrev  0x00002362      0x908 C:\tmp\idpa\atmel\dma_debug\dma_debug\ArduinoCore\Debug\libArduinoCore.a(USBCore.o)
 .debug_abbrev  0x00002c6a      0x26b C:\tmp\idpa\atmel\dma_debug\dma_debug\ArduinoCore\Debug\libArduinoCore.a(wiring.o)
 .debug_abbrev  0x00002ed5      0x3c1 C:\tmp\idpa\atmel\dma_debug\dma_debug\ArduinoCore\Debug\libArduinoCore.a(wiring_analog.o)
 .debug_abbrev  0x00003296      0x22d C:\tmp\idpa\atmel\dma_debug\dma_debug\ArduinoCore\Debug\libArduinoCore.a(wiring_digital.o)
 .debug_abbrev  0x000034c3      0x232 C:\tmp\idpa\atmel\dma_debug\dma_debug\ArduinoCore\Debug\libArduinoCore.a(wiring_private.o)
 .debug_abbrev  0x000036f5      0x307 C:\tmp\idpa\atmel\dma_debug\dma_debug\ArduinoCore\Debug\libArduinoCore.a(arduinoFFT.o)
 .debug_abbrev  0x000039fc      0x7ad C:\tmp\idpa\atmel\dma_debug\dma_debug\ArduinoCore\Debug\libArduinoCore.a(colorutils.o)
 .debug_abbrev  0x000041a9      0x768 C:\tmp\idpa\atmel\dma_debug\dma_debug\ArduinoCore\Debug\libArduinoCore.a(FastLED.o)
 .debug_abbrev  0x00004911      0x508 C:\tmp\idpa\atmel\dma_debug\dma_debug\ArduinoCore\Debug\libArduinoCore.a(hsv2rgb.o)
 .debug_abbrev  0x00004e19      0x651 C:\tmp\idpa\atmel\dma_debug\dma_debug\ArduinoCore\Debug\libArduinoCore.a(power_mgt.o)
 .debug_abbrev  0x0000546a      0x5fa C:\tmp\idpa\atmel\dma_debug\dma_debug\ArduinoCore\Debug\libArduinoCore.a(variant.o)
 .debug_abbrev  0x00005a64       0xd5 C:\tmp\idpa\atmel\dma_debug\dma_debug\ArduinoCore\Debug\libArduinoCore.a(new.o)
 .debug_abbrev  0x00005b39      0x515 C:\tmp\idpa\atmel\dma_debug\dma_debug\ArduinoCore\Debug\libArduinoCore.a(SERCOM.o)
 .debug_abbrev  0x0000604e      0x5d5 C:\tmp\idpa\atmel\dma_debug\dma_debug\ArduinoCore\Debug\libArduinoCore.a(Uart.o)
 .debug_abbrev  0x00006623      0x374 C:\tmp\idpa\atmel\dma_debug\dma_debug\ArduinoCore\Debug\libArduinoCore.a(PluggableUSB.o)
 .debug_abbrev  0x00006997      0x206 C:\tmp\idpa\atmel\dma_debug\dma_debug\ArduinoCore\Debug\libArduinoCore.a(RingBuffer.o)

.debug_loc      0x00000000    0x1d756
 .debug_loc     0x00000000     0x1e9d Sketch.o
 .debug_loc     0x00001e9d       0x60 C:\tmp\idpa\atmel\dma_debug\dma_debug\ArduinoCore\Debug\libArduinoCore.a(cortex_handlers.o)
 .debug_loc     0x00001efd      0x18b C:\tmp\idpa\atmel\dma_debug\dma_debug\ArduinoCore\Debug\libArduinoCore.a(delay.o)
 .debug_loc     0x00002088       0x20 C:\tmp\idpa\atmel\dma_debug\dma_debug\ArduinoCore\Debug\libArduinoCore.a(main.o)
 .debug_loc     0x000020a8     0x3c3c C:\tmp\idpa\atmel\dma_debug\dma_debug\ArduinoCore\Debug\libArduinoCore.a(Print.o)
 .debug_loc     0x00005ce4       0x20 C:\tmp\idpa\atmel\dma_debug\dma_debug\ArduinoCore\Debug\libArduinoCore.a(Reset.o)
 .debug_loc     0x00005d04       0xae C:\tmp\idpa\atmel\dma_debug\dma_debug\ArduinoCore\Debug\libArduinoCore.a(startup.o)
 .debug_loc     0x00005db2      0x87d C:\tmp\idpa\atmel\dma_debug\dma_debug\ArduinoCore\Debug\libArduinoCore.a(CDC.o)
 .debug_loc     0x0000662f     0x6a85 C:\tmp\idpa\atmel\dma_debug\dma_debug\ArduinoCore\Debug\libArduinoCore.a(USBCore.o)
 .debug_loc     0x0000d0b4       0xcb C:\tmp\idpa\atmel\dma_debug\dma_debug\ArduinoCore\Debug\libArduinoCore.a(wiring.o)
 .debug_loc     0x0000d17f      0x718 C:\tmp\idpa\atmel\dma_debug\dma_debug\ArduinoCore\Debug\libArduinoCore.a(wiring_analog.o)
 .debug_loc     0x0000d897      0x140 C:\tmp\idpa\atmel\dma_debug\dma_debug\ArduinoCore\Debug\libArduinoCore.a(wiring_digital.o)
 .debug_loc     0x0000d9d7      0x146 C:\tmp\idpa\atmel\dma_debug\dma_debug\ArduinoCore\Debug\libArduinoCore.a(wiring_private.o)
 .debug_loc     0x0000db1d      0xd2c C:\tmp\idpa\atmel\dma_debug\dma_debug\ArduinoCore\Debug\libArduinoCore.a(arduinoFFT.o)
 .debug_loc     0x0000e849     0x8c14 C:\tmp\idpa\atmel\dma_debug\dma_debug\ArduinoCore\Debug\libArduinoCore.a(colorutils.o)
 .debug_loc     0x0001745d      0xec9 C:\tmp\idpa\atmel\dma_debug\dma_debug\ArduinoCore\Debug\libArduinoCore.a(FastLED.o)
 .debug_loc     0x00018326     0x2d1f C:\tmp\idpa\atmel\dma_debug\dma_debug\ArduinoCore\Debug\libArduinoCore.a(hsv2rgb.o)
 .debug_loc     0x0001b045      0xa21 C:\tmp\idpa\atmel\dma_debug\dma_debug\ArduinoCore\Debug\libArduinoCore.a(power_mgt.o)
 .debug_loc     0x0001ba66       0xeb C:\tmp\idpa\atmel\dma_debug\dma_debug\ArduinoCore\Debug\libArduinoCore.a(variant.o)