Archive member included to satisfy reference by file (symbol)

C:\tmp\idpa\atmel\test\test\ArduinoCore\Debug\libArduinoCore.a(abi.o)
                              Sketch.o (__cxa_pure_virtual)
C:\tmp\idpa\atmel\test\test\ArduinoCore\Debug\libArduinoCore.a(cortex_handlers.o)
                              (Reset_Handler)
C:\tmp\idpa\atmel\test\test\ArduinoCore\Debug\libArduinoCore.a(delay.o)
                              Sketch.o (delay)
C:\tmp\idpa\atmel\test\test\ArduinoCore\Debug\libArduinoCore.a(hooks.o)
                              C:\tmp\idpa\atmel\test\test\ArduinoCore\Debug\libArduinoCore.a(delay.o) (yield)
C:\tmp\idpa\atmel\test\test\ArduinoCore\Debug\libArduinoCore.a(main.o)
                              c:/program files (x86)/atmel/studio/7.0/toolchain/arm/arm-gnu-toolchain/bin/../lib/gcc/arm-none-eabi/5.3.1/../../../../arm-none-eabi/lib/armv6-m/crt0.o (main)
C:\tmp\idpa\atmel\test\test\ArduinoCore\Debug\libArduinoCore.a(Reset.o)
                              C:\tmp\idpa\atmel\test\test\ArduinoCore\Debug\libArduinoCore.a(delay.o) (tickReset)
C:\tmp\idpa\atmel\test\test\ArduinoCore\Debug\libArduinoCore.a(startup.o)
                              C:\tmp\idpa\atmel\test\test\ArduinoCore\Debug\libArduinoCore.a(cortex_handlers.o) (SystemInit)
C:\tmp\idpa\atmel\test\test\ArduinoCore\Debug\libArduinoCore.a(USBCore.o)
                              C:\tmp\idpa\atmel\test\test\ArduinoCore\Debug\libArduinoCore.a(main.o) (USBDevice)
C:\tmp\idpa\atmel\test\test\ArduinoCore\Debug\libArduinoCore.a(wiring.o)
                              C:\tmp\idpa\atmel\test\test\ArduinoCore\Debug\libArduinoCore.a(startup.o) (SystemCoreClock)
C:\tmp\idpa\atmel\test\test\ArduinoCore\Debug\libArduinoCore.a(wiring_analog.o)
                              C:\tmp\idpa\atmel\test\test\ArduinoCore\Debug\libArduinoCore.a(wiring.o) (analogReference)
C:\tmp\idpa\atmel\test\test\ArduinoCore\Debug\libArduinoCore.a(wiring_digital.o)
                              Sketch.o (pinMode)
C:\tmp\idpa\atmel\test\test\ArduinoCore\Debug\libArduinoCore.a(wiring_private.o)
                              C:\tmp\idpa\atmel\test\test\ArduinoCore\Debug\libArduinoCore.a(wiring_analog.o) (pinPeripheral)
C:\tmp\idpa\atmel\test\test\ArduinoCore\Debug\libArduinoCore.a(colorutils.o)
                              Sketch.o (fill_solid(CRGB*, int, CRGB const&))
C:\tmp\idpa\atmel\test\test\ArduinoCore\Debug\libArduinoCore.a(FastLED.o)
                              Sketch.o (CLEDController::m_pHead)
C:\tmp\idpa\atmel\test\test\ArduinoCore\Debug\libArduinoCore.a(hsv2rgb.o)
                              Sketch.o (hsv2rgb_rainbow(CHSV const&, CRGB&))
C:\tmp\idpa\atmel\test\test\ArduinoCore\Debug\libArduinoCore.a(power_mgt.o)
                              Sketch.o (calculate_max_brightness_for_power_mW(unsigned char, unsigned long))
C:\tmp\idpa\atmel\test\test\ArduinoCore\Debug\libArduinoCore.a(variant.o)
                              Sketch.o (g_APinDescription)
C:\tmp\idpa\atmel\test\test\ArduinoCore\Debug\libArduinoCore.a(new.o)
                              C:\tmp\idpa\atmel\test\test\ArduinoCore\Debug\libArduinoCore.a(USBCore.o) (operator new(unsigned int))
C:\tmp\idpa\atmel\test\test\ArduinoCore\Debug\libArduinoCore.a(Print.o)
                              C:\tmp\idpa\atmel\test\test\ArduinoCore\Debug\libArduinoCore.a(variant.o) (Print::write(unsigned char const*, unsigned int))
C:\tmp\idpa\atmel\test\test\ArduinoCore\Debug\libArduinoCore.a(SERCOM.o)
                              C:\tmp\idpa\atmel\test\test\ArduinoCore\Debug\libArduinoCore.a(variant.o) (SERCOM::SERCOM(Sercom*))
C:\tmp\idpa\atmel\test\test\ArduinoCore\Debug\libArduinoCore.a(Uart.o)
                              C:\tmp\idpa\atmel\test\test\ArduinoCore\Debug\libArduinoCore.a(variant.o) (vtable for Uart)
C:\tmp\idpa\atmel\test\test\ArduinoCore\Debug\libArduinoCore.a(CDC.o)
                              C:\tmp\idpa\atmel\test\test\ArduinoCore\Debug\libArduinoCore.a(USBCore.o) (CDC_GetInterface(unsigned char*))
C:\tmp\idpa\atmel\test\test\ArduinoCore\Debug\libArduinoCore.a(PluggableUSB.o)
                              C:\tmp\idpa\atmel\test\test\ArduinoCore\Debug\libArduinoCore.a(USBCore.o) (PluggableUSB_::getInterface(unsigned char*))
C:\tmp\idpa\atmel\test\test\ArduinoCore\Debug\libArduinoCore.a(RingBuffer.o)
                              C:\tmp\idpa\atmel\test\test\ArduinoCore\Debug\libArduinoCore.a(Uart.o) (RingBuffer::clear())
c:/program files (x86)/atmel/studio/7.0/toolchain/arm/arm-gnu-toolchain/bin/../lib/gcc/arm-none-eabi/5.3.1/../../../../arm-none-eabi/lib/armv6-m\libstdc++_nano.a(atexit_arm.o)
                              C:\tmp\idpa\atmel\test\test\ArduinoCore\Debug\libArduinoCore.a(variant.o) (__aeabi_atexit)
c:/program files (x86)/atmel/studio/7.0/toolchain/arm/arm-gnu-toolchain/bin/../lib/gcc/arm-none-eabi/5.3.1/../../../../arm-none-eabi/lib/armv6-m\libm.a(lib_a-w_pow.o)
                              C:\tmp\idpa\atmel\test\test\ArduinoCore\Debug\libArduinoCore.a(colorutils.o) (pow)
[...]
Memory Configuration

Name             Origin             Length             Attributes
FLASH            0x00000000         0x00040000         xr
RAM              0x20000000         0x00008000         xrw
*default*        0x00000000         0xffffffff

Linker script and memory map

LOAD c:/program files (x86)/atmel/studio/7.0/toolchain/arm/arm-gnu-toolchain/bin/../lib/gcc/arm-none-eabi/5.3.1/armv6-m/crti.o
LOAD c:/program files (x86)/atmel/studio/7.0/toolchain/arm/arm-gnu-toolchain/bin/../lib/gcc/arm-none-eabi/5.3.1/armv6-m/crtbegin.o
LOAD c:/program files (x86)/atmel/studio/7.0/toolchain/arm/arm-gnu-toolchain/bin/../lib/gcc/arm-none-eabi/5.3.1/../../../../arm-none-eabi/lib/armv6-m/crt0.o
LOAD Sketch.o
START GROUP
LOAD C:\tmp\idpa\atmel\test\test\ArduinoCore\Debug\libArduinoCore.a
END GROUP
LOAD c:/program files (x86)/atmel/studio/7.0/toolchain/arm/arm-gnu-toolchain/bin/../lib/gcc/arm-none-eabi/5.3.1/../../../../arm-none-eabi/lib/armv6-m\libstdc++_nano.a
LOAD c:/program files (x86)/atmel/studio/7.0/toolchain/arm/arm-gnu-toolchain/bin/../lib/gcc/arm-none-eabi/5.3.1/../../../../arm-none-eabi/lib/armv6-m\libm.a
START GROUP
LOAD c:/program files (x86)/atmel/studio/7.0/toolchain/arm/arm-gnu-toolchain/bin/../lib/gcc/arm-none-eabi/5.3.1/armv6-m\libgcc.a
LOAD c:/program files (x86)/atmel/studio/7.0/toolchain/arm/arm-gnu-toolchain/bin/../lib/gcc/arm-none-eabi/5.3.1/../../../../arm-none-eabi/lib/armv6-m\libc_nano.a
END GROUP
START GROUP
LOAD c:/program files (x86)/atmel/studio/7.0/toolchain/arm/arm-gnu-toolchain/bin/../lib/gcc/arm-none-eabi/5.3.1/armv6-m\libgcc.a
LOAD c:/program files (x86)/atmel/studio/7.0/toolchain/arm/arm-gnu-toolchain/bin/../lib/gcc/arm-none-eabi/5.3.1/../../../../arm-none-eabi/lib/armv6-m\libc_nano.a
LOAD c:/program files (x86)/atmel/studio/7.0/toolchain/arm/arm-gnu-toolchain/bin/../lib/gcc/arm-none-eabi/5.3.1/../../../../arm-none-eabi/lib/armv6-m\libnosys.a
END GROUP
START GROUP
LOAD c:/program files (x86)/atmel/studio/7.0/toolchain/arm/arm-gnu-toolchain/bin/../lib/gcc/arm-none-eabi/5.3.1/armv6-m\libgcc.a
LOAD c:/program files (x86)/atmel/studio/7.0/toolchain/arm/arm-gnu-toolchain/bin/../lib/gcc/arm-none-eabi/5.3.1/../../../../arm-none-eabi/lib/armv6-m\libc_nano.a
LOAD c:/program files (x86)/atmel/studio/7.0/toolchain/arm/arm-gnu-toolchain/bin/../lib/gcc/arm-none-eabi/5.3.1/../../../../arm-none-eabi/lib/armv6-m\libnosys.a
END GROUP
LOAD c:/program files (x86)/atmel/studio/7.0/toolchain/arm/arm-gnu-toolchain/bin/../lib/gcc/arm-none-eabi/5.3.1/armv6-m/crtend.o
LOAD c:/program files (x86)/atmel/studio/7.0/toolchain/arm/arm-gnu-toolchain/bin/../lib/gcc/arm-none-eabi/5.3.1/armv6-m/crtn.o

.text           0x00000000     0x7c14
                0x00000000                __text_start__ = .
 *(.isr_vector)
 .isr_vector    0x00000000       0xb4 C:\tmp\idpa\atmel\test\test\ArduinoCore\Debug\libArduinoCore.a(cortex_handlers.o)
                0x00000000                exception_table
 *(.text*)
 .text          0x000000b4       0x60 c:/program files (x86)/atmel/studio/7.0/toolchain/arm/arm-gnu-toolchain/bin/../lib/gcc/arm-none-eabi/5.3.1/armv6-m/crtbegin.o
 .text._ZN14CLEDControllerC2Ev
                0x00000114       0xb0 Sketch.o
                0x00000114                CLEDController::CLEDController()
                0x00000114                CLEDController::CLEDController()
 .text._ZN14CLEDController9clearLedsEi
                0x000001c4       0x48 Sketch.o
                0x000001c4                CLEDController::clearLeds(int)
 .text._ZN14CLEDController9showColorERK4CRGBih
                0x0000020c       0x3c Sketch.o
                0x0000020c                CLEDController::showColor(CRGB const&, int, unsigned char)
 .text._ZN14CLEDController4sizeEv
                0x00000248       0x14 Sketch.o
                0x00000248                CLEDController::size()
 .text._ZN14CLEDController9getDitherEv
                0x0000025c       0x14 Sketch.o
                0x0000025c                CLEDController::getDither()
 .text._ZN14CLEDController13setCorrectionE18LEDColorCorrection
                0x00000270       0x3c Sketch.o
                0x00000270                CLEDController::setCorrection(LEDColorCorrection)
 .text._ZN14CLEDController13getAdjustmentEh
                0x000002ac       0x30 Sketch.o
                0x000002ac                CLEDController::getAdjustment(unsigned char)
 .text._ZN14CLEDController17computeAdjustmentEhRK4CRGBS2_
                0x000002dc       0xe8 Sketch.o
                0x000002dc                CLEDController::computeAdjustment(unsigned char, CRGB const&, CRGB const&)
 .text._ZNK14CLEDController17getMaxRefreshRateEv
                0x000003c4       0x14 Sketch.o
                0x000003c4                CLEDController::getMaxRefreshRate() const
 .text._ZN8CFastLED13setBrightnessEh
                0x000003d8       0x20 Sketch.o
                0x000003d8                CFastLED::setBrightness(unsigned char)
 .text._ZN8CFastLED30setMaxPowerInVoltsAndMilliampsEhm
                0x000003f8       0x30 Sketch.o
                0x000003f8                CFastLED::setMaxPowerInVoltsAndMilliamps(unsigned char, unsigned long)
 .text._ZN8CFastLED23setMaxPowerInMilliWattsEm
                0x00000428       0x24 Sketch.o
                0x00000428                CFastLED::setMaxPowerInMilliWatts(unsigned long)
 .text._ZN8CFastLED4showEv
                0x0000044c       0x20 Sketch.o
                0x0000044c                CFastLED::show()
 .text._ZNSt5arrayI4CRGBLj60EEC2Ev
                0x0000046c       0x24 Sketch.o
                0x0000046c                std::array<CRGB, 60u>::array()
                0x0000046c                std::array<CRGB, 60u>::array()
 .text.setup    0x00000490       0xc4 Sketch.o
                0x00000490                setup
 .text.loop     0x00000554      0x124 Sketch.o
                0x00000554                loop
 .text._ZNSt14__array_traitsI4CRGBLj60EE6_S_ptrERA60_KS0_
                0x00000678       0x14 Sketch.o
                0x00000678                std::__array_traits<CRGB, 60u>::_S_ptr(CRGB const (&) [60])
 .text._ZNSt5arrayI4CRGBLj60EE4dataEv
                0x0000068c       0x1c Sketch.o
                0x0000068c                std::array<CRGB, 60u>::data()
 .text._ZNKSt5arrayI4CRGBLj60EE4sizeEv
                0x000006a8       0x14 Sketch.o
                0x000006a8                std::array<CRGB, 60u>::size() const
 .text._ZN8CFastLED7addLedsIL12ESPIChipsets7ELh6ELh9EL6EOrder136EEER14CLEDControllerP4CRGBii
                0x000006bc       0x44 Sketch.o
                0x000006bc                CLEDController& CFastLED::addLeds<(ESPIChipsets)7, (unsigned char)6, (unsigned char)9, (EOrder)136>(CRGB*, int, int)
 .text._ZNSt14__array_traitsI4CRGBLj60EE6_S_refERA60_KS0_j
                0x00000700       0x20 Sketch.o
                0x00000700                std::__array_traits<CRGB, 60u>::_S_ref(CRGB const (&) [60], unsigned int)
 .text._ZNSt5arrayI4CRGBLj60EEixEj
                0x00000720       0x20 Sketch.o
                0x00000720                std::array<CRGB, 60u>::operator[](unsigned int)
 .text._ZN9SPIOutputILh6ELh9ELh4EEC2Ev
                0x00000740       0x1c Sketch.o
                0x00000740                SPIOutput<(unsigned char)6, (unsigned char)9, (unsigned char)4>::SPIOutput()
                0x00000740                SPIOutput<(unsigned char)6, (unsigned char)9, (unsigned char)4>::SPIOutput()
 .text._ZN16APA102ControllerILh6ELh9EL6EOrder136ELh4EEC2Ev
                0x0000075c       0x30 Sketch.o
                0x0000075c                APA102Controller<(unsigned char)6, (unsigned char)9, (EOrder)136, (unsigned char)4>::APA102Controller()
                0x0000075c                APA102Controller<(unsigned char)6, (unsigned char)9, (EOrder)136, (unsigned char)4>::APA102Controller()
 .text._ZN19CPixelLEDControllerIL6EOrder136ELi1ELm4294967295EEC2Ev
                0x0000078c       0x24 Sketch.o
                0x0000078c                CPixelLEDController<(EOrder)136, 1, 4294967295ul>::CPixelLEDController()
                0x0000078c                CPixelLEDController<(EOrder)136, 1, 4294967295ul>::CPixelLEDController()
 .text._ZN20AVRSoftwareSPIOutputILh6ELh9ELh4EEC2Ev
                0x000007b0       0x18 Sketch.o
                0x000007b0                AVRSoftwareSPIOutput<(unsigned char)6, (unsigned char)9, (unsigned char)4>::AVRSoftwareSPIOutput()
                0x000007b0                AVRSoftwareSPIOutput<(unsigned char)6, (unsigned char)9, (unsigned char)4>::AVRSoftwareSPIOutput()
 .text._Z41__static_initialization_and_destruction_0ii
                0x000007c8       0x30 Sketch.o
 .text._ZN19CPixelLEDControllerIL6EOrder136ELi1ELm4294967295EE9showColorERK4CRGBiS2_
                0x000007f8       0x44 Sketch.o
                0x000007f8                CPixelLEDController<(EOrder)136, 1, 4294967295ul>::showColor(CRGB const&, int, CRGB)
 .text._ZN19CPixelLEDControllerIL6EOrder136ELi1ELm4294967295EE4showEPK4CRGBiS2_
                0x0000083c       0x44 Sketch.o
                0x0000083c                CPixelLEDController<(EOrder)136, 1, 4294967295ul>::show(CRGB const*, int, CRGB)
 .text._ZN16APA102ControllerILh6ELh9EL6EOrder136ELh4EE4initEv
                0x00000880       0x1c Sketch.o
                0x00000880                APA102Controller<(unsigned char)6, (unsigned char)9, (EOrder)136, (unsigned char)4>::init()
 .text._ZN16APA102ControllerILh6ELh9EL6EOrder136ELh4EE10showPixelsER15PixelControllerILS0_136ELi1ELm4294967295EE
                0x0000089c      0x310 Sketch.o
                0x0000089c                APA102Controller<(unsigned char)6, (unsigned char)9, (EOrder)136, (unsigned char)4>::showPixels(PixelController<(EOrder)136, 1, 4294967295ul>&)
 .text._ZN15PixelControllerIL6EOrder136ELi1ELm4294967295EEC2ERK4CRGBiRS2_h
                0x00000bac       0x70 Sketch.o
                0x00000bac                PixelController<(EOrder)136, 1, 4294967295ul>::PixelController(CRGB const&, int, CRGB&, unsigned char)
                0x00000bac                PixelController<(EOrder)136, 1, 4294967295ul>::PixelController(CRGB const&, int, CRGB&, unsigned char)
 .text._ZN15PixelControllerIL6EOrder136ELi1ELm4294967295EEC2EPK4CRGBiRS2_h
                0x00000c1c       0x70 Sketch.o
                0x00000c1c                PixelController<(EOrder)136, 1, 4294967295ul>::PixelController(CRGB const*, int, CRGB&, unsigned char)
                0x00000c1c                PixelController<(EOrder)136, 1, 4294967295ul>::PixelController(CRGB const*, int, CRGB&, unsigned char)
 .text._ZN20AVRSoftwareSPIOutputILh6ELh9ELh4EE4initEv
                0x00000c8c       0x20 Sketch.o
                0x00000c8c                AVRSoftwareSPIOutput<(unsigned char)6, (unsigned char)9, (unsigned char)4>::init()
 .text._ZN20AVRSoftwareSPIOutputILh6ELh9ELh4EE6selectEv
                0x00000cac       0x28 Sketch.o
                0x00000cac                AVRSoftwareSPIOutput<(unsigned char)6, (unsigned char)9, (unsigned char)4>::select()
 .text._ZN16APA102ControllerILh6ELh9EL6EOrder136ELh4EE13startBoundaryEv
                0x00000cd4       0x5c Sketch.o
                0x00000cd4                APA102Controller<(unsigned char)6, (unsigned char)9, (EOrder)136, (unsigned char)4>::startBoundary()
 .text._ZN16APA102ControllerILh6ELh9EL6EOrder136ELh4EE11endBoundaryEi
                0x00000d30       0x48 Sketch.o
                0x00000d30                APA102Controller<(unsigned char)6, (unsigned char)9, (EOrder)136, (unsigned char)4>::endBoundary(int)
 .text._ZN20AVRSoftwareSPIOutputILh6ELh9ELh4EE7releaseEv
                0x00000d78       0x2c Sketch.o
                0x00000d78                AVRSoftwareSPIOutput<(unsigned char)6, (unsigned char)9, (unsigned char)4>::release()
 .text._ZN15PixelControllerIL6EOrder136ELi1ELm4294967295EE16enable_ditheringEh
                0x00000da4       0x58 Sketch.o
                0x00000da4                PixelController<(EOrder)136, 1, 4294967295ul>::enable_dithering(unsigned char)
 .text._ZN15PixelControllerIL6EOrder136ELi1ELm4294967295EE11initOffsetsEi
                0x00000dfc       0x50 Sketch.o
                0x00000dfc                PixelController<(EOrder)136, 1, 4294967295ul>::initOffsets(int)
 .text._ZN7FastPinILh6EE9setOutputEv
                0x00000e4c       0x18 Sketch.o
                0x00000e4c                FastPin<(unsigned char)6>::setOutput()
 .text._ZN7FastPinILh9EE9setOutputEv
                0x00000e64       0x18 Sketch.o
                0x00000e64                FastPin<(unsigned char)9>::setOutput()
 .text._ZN20AVRSoftwareSPIOutputILh6ELh9ELh4EE9writeByteEh
                0x00000e7c      0x484 Sketch.o
                0x00000e7c                AVRSoftwareSPIOutput<(unsigned char)6, (unsigned char)9, (unsigned char)4>::writeByte(unsigned char)
 .text._ZN15PixelControllerIL6EOrder136ELi1ELm4294967295EE21init_binary_ditheringEv
                0x00001300      0x240 Sketch.o
                0x00001300                PixelController<(EOrder)136, 1, 4294967295ul>::init_binary_dithering()
 .text._ZN7FastPinILh6EE5_initEv
                0x00001540       0x5c Sketch.o
                0x00001540                FastPin<(unsigned char)6>::_init()
 .text._ZN7FastPinILh9EE5_initEv
                0x0000159c       0x5c Sketch.o
                0x0000159c                FastPin<(unsigned char)9>::_init()
 .text._GLOBAL__sub_I_leds
                0x000015f8       0x18 Sketch.o
 .text.__cxa_pure_virtual
                0x00001610        0x8 C:\tmp\idpa\atmel\test\test\ArduinoCore\Debug\libArduinoCore.a(abi.o)
                0x00001610                __cxa_pure_virtual
 .text.Dummy_Handler
                0x00001618        0x8 C:\tmp\idpa\atmel\test\test\ArduinoCore\Debug\libArduinoCore.a(cortex_handlers.o)
                0x00001618                DMAC_Handler
                0x00001618                HardFault_Handler
                0x00001618                AC_Handler
                0x00001618                PendSV_Handler
                0x00001618                NMI_Handler
                0x00001618                TC7_Handler
                0x00001618                SERCOM1_Handler
                0x00001618                ADC_Handler
                0x00001618                TCC1_Handler
                0x00001618                SERCOM2_Handler
                0x00001618                TCC0_Handler
                0x00001618                RTC_Handler
                0x00001618                EIC_Handler
                0x00001618                TC6_Handler
                0x00001618                WDT_Handler
                0x00001618                TC4_Handler
                0x00001618                TC3_Handler
                0x00001618                Dummy_Handler
                0x00001618                PM_Handler
                0x00001618                SVC_Handler
                0x00001618                TCC2_Handler
                0x00001618                EVSYS_Handler
                0x00001618                SERCOM3_Handler
                0x00001618                SERCOM4_Handler
                0x00001618                I2S_Handler
                0x00001618                NVMCTRL_Handler
                0x00001618                DAC_Handler
                0x00001618                PTC_Handler
                0x00001618                SYSCTRL_Handler
 .text.Reset_Handler
                0x00001620       0x84 C:\tmp\idpa\atmel\test\test\ArduinoCore\Debug\libArduinoCore.a(cortex_handlers.o)
                0x00001620                Reset_Handler
 .text.SysTick_Handler
                0x000016a4       0x18 C:\tmp\idpa\atmel\test\test\ArduinoCore\Debug\libArduinoCore.a(cortex_handlers.o)
                0x000016a4                SysTick_Handler
 .text.USB_Handler
                0x000016bc       0x1c C:\tmp\idpa\atmel\test\test\ArduinoCore\Debug\libArduinoCore.a(cortex_handlers.o)
                0x000016bc                USB_Handler
 .text.USB_SetHandler
                0x000016d8       0x1c C:\tmp\idpa\atmel\test\test\ArduinoCore\Debug\libArduinoCore.a(cortex_handlers.o)
                0x000016d8                USB_SetHandler
 .text.millis   0x000016f4       0x14 C:\tmp\idpa\atmel\test\test\ArduinoCore\Debug\libArduinoCore.a(delay.o)
                0x000016f4                millis
 .text.micros   0x00001708       0x9c C:\tmp\idpa\atmel\test\test\ArduinoCore\Debug\libArduinoCore.a(delay.o)
                0x00001708                micros
 .text.delay    0x000017a4       0x34 C:\tmp\idpa\atmel\test\test\ArduinoCore\Debug\libArduinoCore.a(delay.o)
                0x000017a4                delay
 .text.SysTick_DefaultHandler
                0x000017d8       0x1c C:\tmp\idpa\atmel\test\test\ArduinoCore\Debug\libArduinoCore.a(delay.o)
                0x000017d8                SysTick_DefaultHandler
 .text.__empty  0x000017f4        0xc C:\tmp\idpa\atmel\test\test\ArduinoCore\Debug\libArduinoCore.a(hooks.o)
                0x000017f4                yield
 .text.__false  0x00001800        0xc C:\tmp\idpa\atmel\test\test\ArduinoCore\Debug\libArduinoCore.a(hooks.o)
                0x00001800                sysTickHook
 .text._Z11initVariantv
                0x0000180c        0xc C:\tmp\idpa\atmel\test\test\ArduinoCore\Debug\libArduinoCore.a(main.o)
                0x0000180c                initVariant()
 .text.main     0x00001818       0x44 C:\tmp\idpa\atmel\test\test\ArduinoCore\Debug\libArduinoCore.a(main.o)
                0x00001818                main
 .text.NVIC_SystemReset
                0x0000185c       0x1c C:\tmp\idpa\atmel\test\test\ArduinoCore\Debug\libArduinoCore.a(Reset.o)
 .text.nvmReady
                0x00001878       0x20 C:\tmp\idpa\atmel\test\test\ArduinoCore\Debug\libArduinoCore.a(Reset.o)
 .text.initiateReset
                0x00001898       0x1c C:\tmp\idpa\atmel\test\test\ArduinoCore\Debug\libArduinoCore.a(Reset.o)
                0x00001898                initiateReset
 .text.cancelReset
                0x000018b4       0x18 C:\tmp\idpa\atmel\test\test\ArduinoCore\Debug\libArduinoCore.a(Reset.o)
                0x000018b4                cancelReset
 .text.tickReset
                0x000018cc       0x34 C:\tmp\idpa\atmel\test\test\ArduinoCore\Debug\libArduinoCore.a(Reset.o)
                0x000018cc                tickReset
 .text.SystemInit
                0x00001900      0x21c C:\tmp\idpa\atmel\test\test\ArduinoCore\Debug\libArduinoCore.a(startup.o)
                0x00001900                SystemInit
 .text.NVIC_EnableIRQ
                0x00001b1c       0x2c C:\tmp\idpa\atmel\test\test\ArduinoCore\Debug\libArduinoCore.a(USBCore.o)
 .text.NVIC_SetPriority
                0x00001b48       0xdc C:\tmp\idpa\atmel\test\test\ArduinoCore\Debug\libArduinoCore.a(USBCore.o)
 .text._ZN14USBDeviceClassC2Ev
                0x00001c24       0x14 C:\tmp\idpa\atmel\test\test\ArduinoCore\Debug\libArduinoCore.a(USBCore.o)
                0x00001c24                USBDeviceClass::USBDeviceClass()
                0x00001c24                USBDeviceClass::USBDeviceClass()
 .text._ZN17UsbDeviceDescBankC2Ev
                0x00001c38       0x14 C:\tmp\idpa\atmel\test\test\ArduinoCore\Debug\libArduinoCore.a(USBCore.o)
                0x00001c38                UsbDeviceDescBank::UsbDeviceDescBank()
                0x00001c38                UsbDeviceDescBank::UsbDeviceDescBank()
 .text._ZN19UsbDeviceDescriptorC2Ev
                0x00001c4c       0x28 C:\tmp\idpa\atmel\test\test\ArduinoCore\Debug\libArduinoCore.a(USBCore.o)
                0x00001c4c                UsbDeviceDescriptor::UsbDeviceDescriptor()
                0x00001c4c                UsbDeviceDescriptor::UsbDeviceDescriptor()
 .text._ZN20USBDevice_SAMD21G18xC2Ev
                0x00001c74       0x34 C:\tmp\idpa\atmel\test\test\ArduinoCore\Debug\libArduinoCore.a(USBCore.o)
                0x00001c74                USBDevice_SAMD21G18x::USBDevice_SAMD21G18x()
                0x00001c74                USBDevice_SAMD21G18x::USBDevice_SAMD21G18x()
 .text._ZN20USBDevice_SAMD21G18x6enableEv
                0x00001ca8       0x1c C:\tmp\idpa\atmel\test\test\ArduinoCore\Debug\libArduinoCore.a(USBCore.o)
                0x00001ca8                USBDevice_SAMD21G18x::enable()
 .text._ZN20USBDevice_SAMD21G18x16setUSBDeviceModeEv
                0x00001cc4       0x1c C:\tmp\idpa\atmel\test\test\ArduinoCore\Debug\libArduinoCore.a(USBCore.o)
                0x00001cc4                USBDevice_SAMD21G18x::setUSBDeviceMode()
 .text._ZN20USBDevice_SAMD21G18x12runInStandbyEv
                0x00001ce0       0x1c C:\tmp\idpa\atmel\test\test\ArduinoCore\Debug\libArduinoCore.a(USBCore.o)
                0x00001ce0                USBDevice_SAMD21G18x::runInStandby()
 .text._ZN20USBDevice_SAMD21G18x12setFullSpeedEv
                0x00001cfc       0x1c C:\tmp\idpa\atmel\test\test\ArduinoCore\Debug\libArduinoCore.a(USBCore.o)
                0x00001cfc                USBDevice_SAMD21G18x::setFullSpeed()
 .text._ZN20USBDevice_SAMD21G18x6attachEv
                0x00001d18       0x1c C:\tmp\idpa\atmel\test\test\ArduinoCore\Debug\libArduinoCore.a(USBCore.o)
                0x00001d18                USBDevice_SAMD21G18x::attach()
 .text._ZN20USBDevice_SAMD21G18x21isEndOfResetInterruptEv
                0x00001d34       0x1c C:\tmp\idpa\atmel\test\test\ArduinoCore\Debug\libArduinoCore.a(USBCore.o)
                0x00001d34                USBDevice_SAMD21G18x::isEndOfResetInterrupt()
 .text._ZN20USBDevice_SAMD21G18x22ackEndOfResetInterruptEv
                0x00001d50       0x18 C:\tmp\idpa\atmel\test\test\ArduinoCore\Debug\libArduinoCore.a(USBCore.o)
                0x00001d50                USBDevice_SAMD21G18x::ackEndOfResetInterrupt()
 .text._ZN20USBDevice_SAMD21G18x25enableEndOfResetInterruptEv
                0x00001d68       0x1c C:\tmp\idpa\atmel\test\test\ArduinoCore\Debug\libArduinoCore.a(USBCore.o)
                0x00001d68                USBDevice_SAMD21G18x::enableEndOfResetInterrupt()
 .text._ZN20USBDevice_SAMD21G18x23isStartOfFrameInterruptEv
                0x00001d84       0x1c C:\tmp\idpa\atmel\test\test\ArduinoCore\Debug\libArduinoCore.a(USBCore.o)
                0x00001d84                USBDevice_SAMD21G18x::isStartOfFrameInterrupt()
 .text._ZN20USBDevice_SAMD21G18x24ackStartOfFrameInterruptEv
                0x00001da0       0x18 C:\tmp\idpa\atmel\test\test\ArduinoCore\Debug\libArduinoCore.a(USBCore.o)
                0x00001da0                USBDevice_SAMD21G18x::ackStartOfFrameInterrupt()
 .text._ZN20USBDevice_SAMD21G18x27enableStartOfFrameInterruptEv
                0x00001db8       0x1c C:\tmp\idpa\atmel\test\test\ArduinoCore\Debug\libArduinoCore.a(USBCore.o)
                0x00001db8                USBDevice_SAMD21G18x::enableStartOfFrameInterrupt()
 .text._ZN20USBDevice_SAMD21G18x14epBank0SetTypeEhh
                0x00001dd4       0x48 C:\tmp\idpa\atmel\test\test\ArduinoCore\Debug\libArduinoCore.a(USBCore.o)
                0x00001dd4                USBDevice_SAMD21G18x::epBank0SetType(unsigned char, unsigned char)
 .text._ZN20USBDevice_SAMD21G18x14epBank1SetTypeEhh
                0x00001e1c       0x4c C:\tmp\idpa\atmel\test\test\ArduinoCore\Debug\libArduinoCore.a(USBCore.o)
                0x00001e1c                USBDevice_SAMD21G18x::epBank1SetType(unsigned char, unsigned char)
 .text._ZN20USBDevice_SAMD21G18x18epInterruptSummaryEv
                0x00001e68       0x18 C:\tmp\idpa\atmel\test\test\ArduinoCore\Debug\libArduinoCore.a(USBCore.o)
                0x00001e68                USBDevice_SAMD21G18x::epInterruptSummary()
 .text._ZN20USBDevice_SAMD21G18x22epBank0IsSetupReceivedEh
                0x00001e80       0x2c C:\tmp\idpa\atmel\test\test\ArduinoCore\Debug\libArduinoCore.a(USBCore.o)
                0x00001e80                USBDevice_SAMD21G18x::epBank0IsSetupReceived(unsigned char)
 .text._ZN20USBDevice_SAMD21G18x16epBank1IsStalledEh
                0x00001eac       0x2c C:\tmp\idpa\atmel\test\test\ArduinoCore\Debug\libArduinoCore.a(USBCore.o)
                0x00001eac                USBDevice_SAMD21G18x::epBank1IsStalled(unsigned char)
 .text._ZN20USBDevice_SAMD21G18x25epBank0IsTransferCompleteEh
                0x00001ed8       0x2c C:\tmp\idpa\atmel\test\test\ArduinoCore\Debug\libArduinoCore.a(USBCore.o)
                0x00001ed8                USBDevice_SAMD21G18x::epBank0IsTransferComplete(unsigned char)
 .text._ZN20USBDevice_SAMD21G18x25epBank1IsTransferCompleteEh
                0x00001f04       0x2c C:\tmp\idpa\atmel\test\test\ArduinoCore\Debug\libArduinoCore.a(USBCore.o)
                0x00001f04                USBDevice_SAMD21G18x::epBank1IsTransferComplete(unsigned char)
 .text._ZN20USBDevice_SAMD21G18x23epBank0AckSetupReceivedEh
                0x00001f30       0x2c C:\tmp\idpa\atmel\test\test\ArduinoCore\Debug\libArduinoCore.a(USBCore.o)
                0x00001f30                USBDevice_SAMD21G18x::epBank0AckSetupReceived(unsigned char)
 .text._ZN20USBDevice_SAMD21G18x17epBank1AckStalledEh
                0x00001f5c       0x2c C:\tmp\idpa\atmel\test\test\ArduinoCore\Debug\libArduinoCore.a(USBCore.o)
                0x00001f5c                USBDevice_SAMD21G18x::epBank1AckStalled(unsigned char)
 .text._ZN20USBDevice_SAMD21G18x26epBank0AckTransferCompleteEh
                0x00001f88       0x2c C:\tmp\idpa\atmel\test\test\ArduinoCore\Debug\libArduinoCore.a(USBCore.o)
                0x00001f88                USBDevice_SAMD21G18x::epBank0AckTransferComplete(unsigned char)
 .text._ZN20USBDevice_SAMD21G18x26epBank1AckTransferCompleteEh
                0x00001fb4       0x2c C:\tmp\idpa\atmel\test\test\ArduinoCore\Debug\libArduinoCore.a(USBCore.o)
                0x00001fb4                USBDevice_SAMD21G18x::epBank1AckTransferComplete(unsigned char)
 .text._ZN20USBDevice_SAMD21G18x26epBank0EnableSetupReceivedEh
                0x00001fe0       0x30 C:\tmp\idpa\atmel\test\test\ArduinoCore\Debug\libArduinoCore.a(USBCore.o)
                0x00001fe0                USBDevice_SAMD21G18x::epBank0EnableSetupReceived(unsigned char)
 .text._ZN20USBDevice_SAMD21G18x29epBank0EnableTransferCompleteEh
                0x00002010       0x30 C:\tmp\idpa\atmel\test\test\ArduinoCore\Debug\libArduinoCore.a(USBCore.o)
                0x00002010                USBDevice_SAMD21G18x::epBank0EnableTransferComplete(unsigned char)
 .text._ZN20USBDevice_SAMD21G18x29epBank1EnableTransferCompleteEh
                0x00002040       0x30 C:\tmp\idpa\atmel\test\test\ArduinoCore\Debug\libArduinoCore.a(USBCore.o)
                0x00002040                USBDevice_SAMD21G18x::epBank1EnableTransferComplete(unsigned char)
 .text._ZN20USBDevice_SAMD21G18x21epBank1DisableStalledEh
                0x00002070       0x30 C:\tmp\idpa\atmel\test\test\ArduinoCore\Debug\libArduinoCore.a(USBCore.o)
                0x00002070                USBDevice_SAMD21G18x::epBank1DisableStalled(unsigned char)
 .text._ZN20USBDevice_SAMD21G18x30epBank0DisableTransferCompleteEh
                0x000020a0       0x30 C:\tmp\idpa\atmel\test\test\ArduinoCore\Debug\libArduinoCore.a(USBCore.o)
                0x000020a0                USBDevice_SAMD21G18x::epBank0DisableTransferComplete(unsigned char)
 .text._ZN20USBDevice_SAMD21G18x14epBank0IsReadyEh
                0x000020d0       0x2c C:\tmp\idpa\atmel\test\test\ArduinoCore\Debug\libArduinoCore.a(USBCore.o)
                0x000020d0                USBDevice_SAMD21G18x::epBank0IsReady(unsigned char)
 .text._ZN20USBDevice_SAMD21G18x14epBank1IsReadyEh
                0x000020fc       0x2c C:\tmp\idpa\atmel\test\test\ArduinoCore\Debug\libArduinoCore.a(USBCore.o)
                0x000020fc                USBDevice_SAMD21G18x::epBank1IsReady(unsigned char)
 .text._ZN20USBDevice_SAMD21G18x15epBank0SetReadyEh
                0x00002128       0x2c C:\tmp\idpa\atmel\test\test\ArduinoCore\Debug\libArduinoCore.a(USBCore.o)
                0x00002128                USBDevice_SAMD21G18x::epBank0SetReady(unsigned char)
 .text._ZN20USBDevice_SAMD21G18x15epBank1SetReadyEh
                0x00002154       0x30 C:\tmp\idpa\atmel\test\test\ArduinoCore\Debug\libArduinoCore.a(USBCore.o)
                0x00002154                USBDevice_SAMD21G18x::epBank1SetReady(unsigned char)
 .text._ZN20USBDevice_SAMD21G18x17epBank0ResetReadyEh
                0x00002184       0x2c C:\tmp\idpa\atmel\test\test\ArduinoCore\Debug\libArduinoCore.a(USBCore.o)
                0x00002184                USBDevice_SAMD21G18x::epBank0ResetReady(unsigned char)
 .text._ZN20USBDevice_SAMD21G18x17epBank1ResetReadyEh
                0x000021b0       0x30 C:\tmp\idpa\atmel\test\test\ArduinoCore\Debug\libArduinoCore.a(USBCore.o)
                0x000021b0                USBDevice_SAMD21G18x::epBank1ResetReady(unsigned char)
 .text._ZN20USBDevice_SAMD21G18x16epBank0ByteCountEh
                0x000021e0       0x28 C:\tmp\idpa\atmel\test\test\ArduinoCore\Debug\libArduinoCore.a(USBCore.o)
                0x000021e0                USBDevice_SAMD21G18x::epBank0ByteCount(unsigned char)
 .text._ZN20USBDevice_SAMD21G18x19epBank0SetByteCountEht
                0x00002208       0x44 C:\tmp\idpa\atmel\test\test\ArduinoCore\Debug\libArduinoCore.a(USBCore.o)
                0x00002208                USBDevice_SAMD21G18x::epBank0SetByteCount(unsigned char, unsigned short)
 .text._ZN20USBDevice_SAMD21G18x19epBank1SetByteCountEht
                0x0000224c       0x44 C:\tmp\idpa\atmel\test\test\ArduinoCore\Debug\libArduinoCore.a(USBCore.o)
                0x0000224c                USBDevice_SAMD21G18x::epBank1SetByteCount(unsigned char, unsigned short)
 .text._ZN20USBDevice_SAMD21G18x25epBank0SetMultiPacketSizeEht
                0x00002290       0x48 C:\tmp\idpa\atmel\test\test\ArduinoCore\Debug\libArduinoCore.a(USBCore.o)
                0x00002290                USBDevice_SAMD21G18x::epBank0SetMultiPacketSize(unsigned char, unsigned short)
 .text._ZN20USBDevice_SAMD21G18x25epBank1SetMultiPacketSizeEht
                0x000022d8       0x4c C:\tmp\idpa\atmel\test\test\ArduinoCore\Debug\libArduinoCore.a(USBCore.o)
                0x000022d8                USBDevice_SAMD21G18x::epBank1SetMultiPacketSize(unsigned char, unsigned short)
 .text._ZN20USBDevice_SAMD21G18x17epBank0SetAddressEhPv
                0x00002324       0x2c C:\tmp\idpa\atmel\test\test\ArduinoCore\Debug\libArduinoCore.a(USBCore.o)
                0x00002324                USBDevice_SAMD21G18x::epBank0SetAddress(unsigned char, void*)
 .text._ZN20USBDevice_SAMD21G18x17epBank1SetAddressEhPv
                0x00002350       0x2c C:\tmp\idpa\atmel\test\test\ArduinoCore\Debug\libArduinoCore.a(USBCore.o)
                0x00002350                USBDevice_SAMD21G18x::epBank1SetAddress(unsigned char, void*)
 .text._ZN20USBDevice_SAMD21G18x14epBank0SetSizeEht
                0x0000237c       0x58 C:\tmp\idpa\atmel\test\test\ArduinoCore\Debug\libArduinoCore.a(USBCore.o)
                0x0000237c                USBDevice_SAMD21G18x::epBank0SetSize(unsigned char, unsigned short)
 .text._ZN20USBDevice_SAMD21G18x14epBank1SetSizeEht
                0x000023d4       0x58 C:\tmp\idpa\atmel\test\test\ArduinoCore\Debug\libArduinoCore.a(USBCore.o)
                0x000023d4                USBDevice_SAMD21G18x::epBank1SetSize(unsigned char, unsigned short)
 .text._ZN20USBDevice_SAMD21G18x15EP_PCKSIZE_SIZEEt
                0x0000242c       0x7c C:\tmp\idpa\atmel\test\test\ArduinoCore\Debug\libArduinoCore.a(USBCore.o)
                0x0000242c                USBDevice_SAMD21G18x::EP_PCKSIZE_SIZE(unsigned short)
 .text._ZN20USBDevice_SAMD21G18x5resetEv
                0x000024a8       0x48 C:\tmp\idpa\atmel\test\test\ArduinoCore\Debug\libArduinoCore.a(USBCore.o)
                0x000024a8                USBDevice_SAMD21G18x::reset()
 .text._ZN20USBDevice_SAMD21G18x9calibrateEv
                0x000024f0       0xdc C:\tmp\idpa\atmel\test\test\ArduinoCore\Debug\libArduinoCore.a(USBCore.o)
                0x000024f0                USBDevice_SAMD21G18x::calibrate()
 .text._ZN7__GuardC2Ev
                0x000025cc       0x28 C:\tmp\idpa\atmel\test\test\ArduinoCore\Debug\libArduinoCore.a(USBCore.o)
                0x000025cc                __Guard::__Guard()
                0x000025cc                __Guard::__Guard()
 .text._ZN7__GuardD2Ev
                0x000025f4       0x20 C:\tmp\idpa\atmel\test\test\ArduinoCore\Debug\libArduinoCore.a(USBCore.o)
                0x000025f4                __Guard::~__Guard()
                0x000025f4                __Guard::~__Guard()
 .text._ZN7__Guard5enterEv
                0x00002614       0x1c C:\tmp\idpa\atmel\test\test\ArduinoCore\Debug\libArduinoCore.a(USBCore.o)
                0x00002614                __Guard::enter()
 .text._ZN9EPHandlerC2Ev
                0x00002630       0x1c C:\tmp\idpa\atmel\test\test\ArduinoCore\Debug\libArduinoCore.a(USBCore.o)
                0x00002630                EPHandler::EPHandler()
                0x00002630                EPHandler::EPHandler()
 .text._ZN26DoubleBufferedEPOutHandlerC2ER20USBDevice_SAMD21G18xmm
                0x0000264c       0xdc C:\tmp\idpa\atmel\test\test\ArduinoCore\Debug\libArduinoCore.a(USBCore.o)
                0x0000264c                DoubleBufferedEPOutHandler::DoubleBufferedEPOutHandler(USBDevice_SAMD21G18x&, unsigned long, unsigned long)
                0x0000264c                DoubleBufferedEPOutHandler::DoubleBufferedEPOutHandler(USBDevice_SAMD21G18x&, unsigned long, unsigned long)
 .text._ZN26DoubleBufferedEPOutHandler4recvEPvm
                0x00002728      0x22c C:\tmp\idpa\atmel\test\test\ArduinoCore\Debug\libArduinoCore.a(USBCore.o)
                0x00002728                DoubleBufferedEPOutHandler::recv(void*, unsigned long)
 .text._ZN26DoubleBufferedEPOutHandler14handleEndpointEv
                0x00002954      0x16c C:\tmp\idpa\atmel\test\test\ArduinoCore\Debug\libArduinoCore.a(USBCore.o)
                0x00002954                DoubleBufferedEPOutHandler::handleEndpoint()
 .text._ZNK26DoubleBufferedEPOutHandler9availableEv
                0x00002ac0       0xcc C:\tmp\idpa\atmel\test\test\ArduinoCore\Debug\libArduinoCore.a(USBCore.o)
                0x00002ac0                DoubleBufferedEPOutHandler::available() const
 .text._ZN26DoubleBufferedEPOutHandler7releaseEv
                0x00002b8c       0x5c C:\tmp\idpa\atmel\test\test\ArduinoCore\Debug\libArduinoCore.a(USBCore.o)
                0x00002b8c                DoubleBufferedEPOutHandler::release()
 .text.UDD_Handler
                0x00002be8       0x18 C:\tmp\idpa\atmel\test\test\ArduinoCore\Debug\libArduinoCore.a(USBCore.o)
                0x00002be8                UDD_Handler
 .text._ZN14USBDeviceClass20sendStringDescriptorEPKhh
                0x00002c00      0x158 C:\tmp\idpa\atmel\test\test\ArduinoCore\Debug\libArduinoCore.a(USBCore.o)
                0x00002c00                USBDeviceClass::sendStringDescriptor(unsigned char const*, unsigned char)
 .text._ZN14USBDeviceClass12packMessagesEb
                0x00002d58       0x50 C:\tmp\idpa\atmel\test\test\ArduinoCore\Debug\libArduinoCore.a(USBCore.o)
                0x00002d58                USBDeviceClass::packMessages(bool)
 .text._ZN14USBDeviceClass14SendInterfacesEPm
                0x00002da8       0x54 C:\tmp\idpa\atmel\test\test\ArduinoCore\Debug\libArduinoCore.a(USBCore.o)
                0x00002da8                USBDeviceClass::SendInterfaces(unsigned long*)
 .text._ZN14USBDeviceClass17sendConfigurationEm
                0x00002dfc       0xe0 C:\tmp\idpa\atmel\test\test\ArduinoCore\Debug\libArduinoCore.a(USBCore.o)
                0x00002dfc                USBDeviceClass::sendConfiguration(unsigned long)
 .text._ZN14USBDeviceClass14sendDescriptorER8USBSetup
                0x00002edc      0x19c C:\tmp\idpa\atmel\test\test\ArduinoCore\Debug\libArduinoCore.a(USBCore.o)
                0x00002edc                USBDeviceClass::sendDescriptor(USBSetup&)
 .text._ZN14USBDeviceClass14handleEndpointEh
                0x00003078       0x54 C:\tmp\idpa\atmel\test\test\ArduinoCore\Debug\libArduinoCore.a(USBCore.o)
                0x00003078                USBDeviceClass::handleEndpoint(unsigned char)
 .text._ZN14USBDeviceClass4initEv
                0x000030cc      0x134 C:\tmp\idpa\atmel\test\test\ArduinoCore\Debug\libArduinoCore.a(USBCore.o)
                0x000030cc                USBDeviceClass::init()
 .text._ZN14USBDeviceClass6attachEv
                0x00003200       0x4c C:\tmp\idpa\atmel\test\test\ArduinoCore\Debug\libArduinoCore.a(USBCore.o)
                0x00003200                USBDeviceClass::attach()
 .text._ZN14USBDeviceClass10setAddressEm
                0x0000324c       0x80 C:\tmp\idpa\atmel\test\test\ArduinoCore\Debug\libArduinoCore.a(USBCore.o)
                0x0000324c                USBDeviceClass::setAddress(unsigned long)
 .text._ZN14USBDeviceClass25handleClassInterfaceSetupER8USBSetup
                0x000032cc       0x84 C:\tmp\idpa\atmel\test\test\ArduinoCore\Debug\libArduinoCore.a(USBCore.o)
                0x000032cc                USBDeviceClass::handleClassInterfaceSetup(USBSetup&)
 .text._ZN14USBDeviceClass13initEndpointsEv
                0x00003350       0x60 C:\tmp\idpa\atmel\test\test\ArduinoCore\Debug\libArduinoCore.a(USBCore.o)
                0x00003350                USBDeviceClass::initEndpoints()
 .text._ZN14USBDeviceClass6initEPEmm
                0x000033b0      0x154 C:\tmp\idpa\atmel\test\test\ArduinoCore\Debug\libArduinoCore.a(USBCore.o)
                0x000033b0                USBDeviceClass::initEP(unsigned long, unsigned long)
 .text._ZN14USBDeviceClass5flushEm
                0x00003504       0x4c C:\tmp\idpa\atmel\test\test\ArduinoCore\Debug\libArduinoCore.a(USBCore.o)
                0x00003504                USBDeviceClass::flush(unsigned long)
 .text._ZN14USBDeviceClass5stallEm
                0x00003550       0x28 C:\tmp\idpa\atmel\test\test\ArduinoCore\Debug\libArduinoCore.a(USBCore.o)
                0x00003550                USBDeviceClass::stall(unsigned long)
 .text._ZN14USBDeviceClass11recvControlEPvm
                0x00003578       0x70 C:\tmp\idpa\atmel\test\test\ArduinoCore\Debug\libArduinoCore.a(USBCore.o)
                0x00003578                USBDeviceClass::recvControl(void*, unsigned long)
 .text._ZN14USBDeviceClass9availableEm
                0x000035e8       0x54 C:\tmp\idpa\atmel\test\test\ArduinoCore\Debug\libArduinoCore.a(USBCore.o)
                0x000035e8                USBDeviceClass::available(unsigned long)
 .text._ZN14USBDeviceClass4recvEmPvm
                0x0000363c      0x12c C:\tmp\idpa\atmel\test\test\ArduinoCore\Debug\libArduinoCore.a(USBCore.o)
                0x0000363c                USBDeviceClass::recv(unsigned long, void*, unsigned long)
 .text._ZN14USBDeviceClass4recvEm
                0x00003768       0x3c C:\tmp\idpa\atmel\test\test\ArduinoCore\Debug\libArduinoCore.a(USBCore.o)
                0x00003768                USBDeviceClass::recv(unsigned long)
 .text._ZN14USBDeviceClass14armRecvCtrlOUTEm
                0x000037a4       0xa8 C:\tmp\idpa\atmel\test\test\ArduinoCore\Debug\libArduinoCore.a(USBCore.o)
                0x000037a4                USBDeviceClass::armRecvCtrlOUT(unsigned long)
 .text._ZN14USBDeviceClass7armRecvEm
                0x0000384c       0x70 C:\tmp\idpa\atmel\test\test\ArduinoCore\Debug\libArduinoCore.a(USBCore.o)
                0x0000384c                USBDeviceClass::armRecv(unsigned long)
 .text._ZN14USBDeviceClass4sendEmPKvm
                0x000038bc      0x19c C:\tmp\idpa\atmel\test\test\ArduinoCore\Debug\libArduinoCore.a(USBCore.o)
                0x000038bc                USBDeviceClass::send(unsigned long, void const*, unsigned long)
 .text._ZN14USBDeviceClass7armSendEmPKvm
                0x00003a58       0x64 C:\tmp\idpa\atmel\test\test\ArduinoCore\Debug\libArduinoCore.a(USBCore.o)
                0x00003a58                USBDeviceClass::armSend(unsigned long, void const*, unsigned long)
 .text._ZN14USBDeviceClass11sendControlEPKvm
                0x00003abc       0xa0 C:\tmp\idpa\atmel\test\test\ArduinoCore\Debug\libArduinoCore.a(USBCore.o)
                0x00003abc                USBDeviceClass::sendControl(void const*, unsigned long)
 .text._ZN14USBDeviceClass7sendZlpEm
                0x00003b5c       0x24 C:\tmp\idpa\atmel\test\test\ArduinoCore\Debug\libArduinoCore.a(USBCore.o)
                0x00003b5c                USBDeviceClass::sendZlp(unsigned long)
 .text._ZN14USBDeviceClass19handleStandardSetupER8USBSetup
                0x00003b80      0x1d4 C:\tmp\idpa\atmel\test\test\ArduinoCore\Debug\libArduinoCore.a(USBCore.o)
                0x00003b80                USBDeviceClass::handleStandardSetup(USBSetup&)
 .text._ZN14USBDeviceClass10ISRHandlerEv
                0x00003d54      0x278 C:\tmp\idpa\atmel\test\test\ArduinoCore\Debug\libArduinoCore.a(USBCore.o)
                0x00003d54                USBDeviceClass::ISRHandler()
 .text._Z41__static_initialization_and_destruction_0ii
                0x00003fcc       0x3c C:\tmp\idpa\atmel\test\test\ArduinoCore\Debug\libArduinoCore.a(USBCore.o)
 .text._GLOBAL__sub_I__ZN20USBDevice_SAMD21G18x5resetEv
                0x00004008       0x18 C:\tmp\idpa\atmel\test\test\ArduinoCore\Debug\libArduinoCore.a(USBCore.o)
 .text.NVIC_SetPriority
                0x00004020       0xdc C:\tmp\idpa\atmel\test\test\ArduinoCore\Debug\libArduinoCore.a(wiring.o)
 .text.SysTick_Config
                0x000040fc       0x48 C:\tmp\idpa\atmel\test\test\ArduinoCore\Debug\libArduinoCore.a(wiring.o)
 .text.init     0x00004144      0x118 C:\tmp\idpa\atmel\test\test\ArduinoCore\Debug\libArduinoCore.a(wiring.o)
                0x00004144                init
 .text.analogReference
                0x0000425c       0xc8 C:\tmp\idpa\atmel\test\test\ArduinoCore\Debug\libArduinoCore.a(wiring_analog.o)
                0x0000425c                analogReference
 .text.pinMode  0x00004324      0x254 C:\tmp\idpa\atmel\test\test\ArduinoCore\Debug\libArduinoCore.a(wiring_digital.o)
                0x00004324                pinMode
 .text.digitalWrite
                0x00004578       0xe4 C:\tmp\idpa\atmel\test\test\ArduinoCore\Debug\libArduinoCore.a(wiring_digital.o)
                0x00004578                digitalWrite
 .text.pinPeripheral
                0x0000465c      0x29c C:\tmp\idpa\atmel\test\test\ArduinoCore\Debug\libArduinoCore.a(wiring_private.o)
                0x0000465c                pinPeripheral
 .text._Z10fill_solidP4CRGBiRKS_
                0x000048f8       0x54 C:\tmp\idpa\atmel\test\test\ArduinoCore\Debug\libArduinoCore.a(colorutils.o)
                0x000048f8                fill_solid(CRGB*, int, CRGB const&)
 .text._ZN14CLEDController8showLedsEh
                0x0000494c       0x44 C:\tmp\idpa\atmel\test\test\ArduinoCore\Debug\libArduinoCore.a(FastLED.o)
                0x0000494c                CLEDController::showLeds(unsigned char)
 .text._ZN14CLEDController4headEv
                0x00004990       0x14 C:\tmp\idpa\atmel\test\test\ArduinoCore\Debug\libArduinoCore.a(FastLED.o)
                0x00004990                CLEDController::head()
 .text._ZN14CLEDController4nextEv
                0x000049a4       0x14 C:\tmp\idpa\atmel\test\test\ArduinoCore\Debug\libArduinoCore.a(FastLED.o)
                0x000049a4                CLEDController::next()
 .text._ZN14CLEDController7setLedsEP4CRGBi
                0x000049b8       0x24 C:\tmp\idpa\atmel\test\test\ArduinoCore\Debug\libArduinoCore.a(FastLED.o)
                0x000049b8                CLEDController::setLeds(CRGB*, int)
 .text._ZN14CLEDController9setDitherEh
                0x000049dc       0x20 C:\tmp\idpa\atmel\test\test\ArduinoCore\Debug\libArduinoCore.a(FastLED.o)
                0x000049dc                CLEDController::setDither(unsigned char)
 .text._ZN8CFastLEDC2Ev
                0x000049fc       0x2c C:\tmp\idpa\atmel\test\test\ArduinoCore\Debug\libArduinoCore.a(FastLED.o)
                0x000049fc                CFastLED::CFastLED()
                0x000049fc                CFastLED::CFastLED()
 .text._ZN8CFastLED7addLedsEP14CLEDControllerP4CRGBii
                0x00004a28       0x78 C:\tmp\idpa\atmel\test\test\ArduinoCore\Debug\libArduinoCore.a(FastLED.o)
                0x00004a28                CFastLED::addLeds(CLEDController*, CRGB*, int, int)
 .text._ZN8CFastLED4showEh
                0x00004aa0       0xd0 C:\tmp\idpa\atmel\test\test\ArduinoCore\Debug\libArduinoCore.a(FastLED.o)
                0x00004aa0                CFastLED::show(unsigned char)
 .text._ZN8CFastLED8countFPSEi
                0x00004b70       0x74 C:\tmp\idpa\atmel\test\test\ArduinoCore\Debug\libArduinoCore.a(FastLED.o)
                0x00004b70                CFastLED::countFPS(int)
 .text._ZN8CFastLED17setMaxRefreshRateEtb
                0x00004be4       0x7c C:\tmp\idpa\atmel\test\test\ArduinoCore\Debug\libArduinoCore.a(FastLED.o)
                0x00004be4                CFastLED::setMaxRefreshRate(unsigned short, bool)
 .text._Z41__static_initialization_and_destruction_0ii
                0x00004c60       0x30 C:\tmp\idpa\atmel\test\test\ArduinoCore\Debug\libArduinoCore.a(FastLED.o)
 .text._GLOBAL__sub_I_pSmartMatrix
                0x00004c90       0x18 C:\tmp\idpa\atmel\test\test\ArduinoCore\Debug\libArduinoCore.a(FastLED.o)
 .text._Z15hsv2rgb_rainbowRK4CHSVR4CRGB
                0x00004ca8      0x580 C:\tmp\idpa\atmel\test\test\ArduinoCore\Debug\libArduinoCore.a(hsv2rgb.o)
                0x00004ca8                hsv2rgb_rainbow(CHSV const&, CRGB&)
 .text._ZN14CLEDController4ledsEv
                0x00005228       0x14 C:\tmp\idpa\atmel\test\test\ArduinoCore\Debug\libArduinoCore.a(power_mgt.o)
                0x00005228                CLEDController::leds()
 .text._Z27calculate_unscaled_power_mWPK4CRGBt
                0x0000523c       0xc8 C:\tmp\idpa\atmel\test\test\ArduinoCore\Debug\libArduinoCore.a(power_mgt.o)
                0x0000523c                calculate_unscaled_power_mW(CRGB const*, unsigned short)
 .text._Z37calculate_max_brightness_for_power_mWhm
                0x00005304       0xc8 C:\tmp\idpa\atmel\test\test\ArduinoCore\Debug\libArduinoCore.a(power_mgt.o)
                0x00005304                calculate_max_brightness_for_power_mW(unsigned char, unsigned long)
 .text._ZN14HardwareSerialD2Ev
                0x000053cc       0x2c C:\tmp\idpa\atmel\test\test\ArduinoCore\Debug\libArduinoCore.a(variant.o)
                0x000053cc                HardwareSerial::~HardwareSerial()
                0x000053cc                HardwareSerial::~HardwareSerial()
 .text._ZN14HardwareSerialD0Ev
                0x000053f8       0x24 C:\tmp\idpa\atmel\test\test\ArduinoCore\Debug\libArduinoCore.a(variant.o)
                0x000053f8                HardwareSerial::~HardwareSerial()
 .text._ZN14HardwareSerial5beginEm
                0x0000541c       0x14 C:\tmp\idpa\atmel\test\test\ArduinoCore\Debug\libArduinoCore.a(variant.o)
                0x0000541c                HardwareSerial::begin(unsigned long)
 .text._ZN14HardwareSerial5beginEmt
                0x00005430       0x18 C:\tmp\idpa\atmel\test\test\ArduinoCore\Debug\libArduinoCore.a(variant.o)
                0x00005430                HardwareSerial::begin(unsigned long, unsigned short)
 .text._ZN14HardwareSerial3endEv
                0x00005448       0x10 C:\tmp\idpa\atmel\test\test\ArduinoCore\Debug\libArduinoCore.a(variant.o)
                0x00005448                HardwareSerial::end()
 .text.SERCOM0_Handler
                0x00005458       0x18 C:\tmp\idpa\atmel\test\test\ArduinoCore\Debug\libArduinoCore.a(variant.o)
                0x00005458                SERCOM0_Handler
 .text.SERCOM5_Handler
                0x00005470       0x18 C:\tmp\idpa\atmel\test\test\ArduinoCore\Debug\libArduinoCore.a(variant.o)
                0x00005470                SERCOM5_Handler
 .text._ZN4UartD2Ev
                0x00005488       0x34 C:\tmp\idpa\atmel\test\test\ArduinoCore\Debug\libArduinoCore.a(variant.o)
                0x00005488                Uart::~Uart()
                0x00005488                Uart::~Uart()
 .text._ZN4UartD0Ev
                0x000054bc       0x24 C:\tmp\idpa\atmel\test\test\ArduinoCore\Debug\libArduinoCore.a(variant.o)
                0x000054bc                Uart::~Uart()
 .text._Z41__static_initialization_and_destruction_0ii
                0x000054e0       0xec C:\tmp\idpa\atmel\test\test\ArduinoCore\Debug\libArduinoCore.a(variant.o)
 .text._GLOBAL__sub_I_g_APinDescription
                0x000055cc       0x18 C:\tmp\idpa\atmel\test\test\ArduinoCore\Debug\libArduinoCore.a(variant.o)
 .text._Znwj    0x000055e4       0x1c C:\tmp\idpa\atmel\test\test\ArduinoCore\Debug\libArduinoCore.a(new.o)
                0x000055e4                operator new(unsigned int)
 .text._ZdlPv   0x00005600       0x18 C:\tmp\idpa\atmel\test\test\ArduinoCore\Debug\libArduinoCore.a(new.o)
                0x00005600                operator delete(void*)
 .text._ZN5Print5writeEPKhj
                0x00005618       0x54 C:\tmp\idpa\atmel\test\test\ArduinoCore\Debug\libArduinoCore.a(Print.o)
                0x00005618                Print::write(unsigned char const*, unsigned int)
 .text.NVIC_EnableIRQ
                0x0000566c       0x2c C:\tmp\idpa\atmel\test\test\ArduinoCore\Debug\libArduinoCore.a(SERCOM.o)
 .text.NVIC_SetPriority
                0x00005698       0xdc C:\tmp\idpa\atmel\test\test\ArduinoCore\Debug\libArduinoCore.a(SERCOM.o)
 .text._ZN6SERCOMC2EP6Sercom
                0x00005774       0x1c C:\tmp\idpa\atmel\test\test\ArduinoCore\Debug\libArduinoCore.a(SERCOM.o)
                0x00005774                SERCOM::SERCOM(Sercom*)
                0x00005774                SERCOM::SERCOM(Sercom*)
 .text._ZN6SERCOM8initUARTE14SercomUartMode20SercomUartSampleRatem
                0x00005790       0xe8 C:\tmp\idpa\atmel\test\test\ArduinoCore\Debug\libArduinoCore.a(SERCOM.o)
                0x00005790                SERCOM::initUART(SercomUartMode, SercomUartSampleRate, unsigned long)
 .text._ZN6SERCOM9initFrameE18SercomUartCharSize15SercomDataOrder16SercomParityMode19SercomNumberStopBit
                0x00005878       0x88 C:\tmp\idpa\atmel\test\test\ArduinoCore\Debug\libArduinoCore.a(SERCOM.o)
                0x00005878                SERCOM::initFrame(SercomUartCharSize, SercomDataOrder, SercomParityMode, SercomNumberStopBit)
 .text._ZN6SERCOM8initPadsE15SercomUartTXPad11SercomRXPad
                0x00005900       0x60 C:\tmp\idpa\atmel\test\test\ArduinoCore\Debug\libArduinoCore.a(SERCOM.o)
                0x00005900                SERCOM::initPads(SercomUartTXPad, SercomRXPad)
 .text._ZN6SERCOM9resetUARTEv
                0x00005960       0x48 C:\tmp\idpa\atmel\test\test\ArduinoCore\Debug\libArduinoCore.a(SERCOM.o)
                0x00005960                SERCOM::resetUART()
 .text._ZN6SERCOM10enableUARTEv
                0x000059a8       0x30 C:\tmp\idpa\atmel\test\test\ArduinoCore\Debug\libArduinoCore.a(SERCOM.o)
                0x000059a8                SERCOM::enableUART()
 .text._ZN6SERCOM9flushUARTEv
                0x000059d8       0x34 C:\tmp\idpa\atmel\test\test\ArduinoCore\Debug\libArduinoCore.a(SERCOM.o)
                0x000059d8                SERCOM::flushUART()
 .text._ZN6SERCOM15clearStatusUARTEv
                0x00005a0c       0x18 C:\tmp\idpa\atmel\test\test\ArduinoCore\Debug\libArduinoCore.a(SERCOM.o)
                0x00005a0c                SERCOM::clearStatusUART()
 .text._ZN6SERCOM17availableDataUARTEv
                0x00005a24       0x1c C:\tmp\idpa\atmel\test\test\ArduinoCore\Debug\libArduinoCore.a(SERCOM.o)
                0x00005a24                SERCOM::availableDataUART()
 .text._ZN6SERCOM11isUARTErrorEv
                0x00005a40       0x1c C:\tmp\idpa\atmel\test\test\ArduinoCore\Debug\libArduinoCore.a(SERCOM.o)
                0x00005a40                SERCOM::isUARTError()
 .text._ZN6SERCOM20acknowledgeUARTErrorEv
                0x00005a5c       0x20 C:\tmp\idpa\atmel\test\test\ArduinoCore\Debug\libArduinoCore.a(SERCOM.o)
                0x00005a5c                SERCOM::acknowledgeUARTError()
 .text._ZN6SERCOM23isDataRegisterEmptyUARTEv
                0x00005a7c       0x1c C:\tmp\idpa\atmel\test\test\ArduinoCore\Debug\libArduinoCore.a(SERCOM.o)
                0x00005a7c                SERCOM::isDataRegisterEmptyUART()
 .text._ZN6SERCOM12readDataUARTEv
                0x00005a98       0x20 C:\tmp\idpa\atmel\test\test\ArduinoCore\Debug\libArduinoCore.a(SERCOM.o)
                0x00005a98                SERCOM::readDataUART()
 .text._ZN6SERCOM13writeDataUARTEh
                0x00005ab8       0x3c C:\tmp\idpa\atmel\test\test\ArduinoCore\Debug\libArduinoCore.a(SERCOM.o)
                0x00005ab8                SERCOM::writeDataUART(unsigned char)
 .text._ZN6SERCOM13initClockNVICEv
                0x00005af4      0x13c C:\tmp\idpa\atmel\test\test\ArduinoCore\Debug\libArduinoCore.a(SERCOM.o)
                0x00005af4                SERCOM::initClockNVIC()
 .text._ZN5PrintC2Ev
                0x00005c30       0x24 C:\tmp\idpa\atmel\test\test\ArduinoCore\Debug\libArduinoCore.a(Uart.o)
                0x00005c30                Print::Print()
                0x00005c30                Print::Print()
 .text._ZN6StreamC2Ev
                0x00005c54       0x2c C:\tmp\idpa\atmel\test\test\ArduinoCore\Debug\libArduinoCore.a(Uart.o)
                0x00005c54                Stream::Stream()
                0x00005c54                Stream::Stream()
 .text._ZN14HardwareSerialC2Ev
                0x00005c80       0x24 C:\tmp\idpa\atmel\test\test\ArduinoCore\Debug\libArduinoCore.a(Uart.o)
                0x00005c80                HardwareSerial::HardwareSerial()
                0x00005c80                HardwareSerial::HardwareSerial()
 .text._ZN4UartcvbEv
                0x00005ca4       0x14 C:\tmp\idpa\atmel\test\test\ArduinoCore\Debug\libArduinoCore.a(Uart.o)
                0x00005ca4                Uart::operator bool()
 .text._ZN4UartC2EP6SERCOMhh11SercomRXPad15SercomUartTXPad
                0x00005cb8       0x70 C:\tmp\idpa\atmel\test\test\ArduinoCore\Debug\libArduinoCore.a(Uart.o)
                0x00005cb8                Uart::Uart(SERCOM*, unsigned char, unsigned char, SercomRXPad, SercomUartTXPad)
                0x00005cb8                Uart::Uart(SERCOM*, unsigned char, unsigned char, SercomRXPad, SercomUartTXPad)
 .text._ZN4Uart5beginEm
                0x00005d28       0x28 C:\tmp\idpa\atmel\test\test\ArduinoCore\Debug\libArduinoCore.a(Uart.o)
                0x00005d28                Uart::begin(unsigned long)
 .text._ZN4Uart5beginEmt
                0x00005d50       0xe0 C:\tmp\idpa\atmel\test\test\ArduinoCore\Debug\libArduinoCore.a(Uart.o)
                0x00005d50                Uart::begin(unsigned long, unsigned short)
 .text._ZN4Uart3endEv
                0x00005e30       0x24 C:\tmp\idpa\atmel\test\test\ArduinoCore\Debug\libArduinoCore.a(Uart.o)
                0x00005e30                Uart::end()
 .text._ZN4Uart5flushEv
                0x00005e54       0x1c C:\tmp\idpa\atmel\test\test\ArduinoCore\Debug\libArduinoCore.a(Uart.o)
                0x00005e54                Uart::flush()
 .text._ZN4Uart10IrqHandlerEv
                0x00005e70       0x5c C:\tmp\idpa\atmel\test\test\ArduinoCore\Debug\libArduinoCore.a(Uart.o)
                0x00005e70                Uart::IrqHandler()
 .text._ZN4Uart9availableEv
                0x00005ecc       0x1c C:\tmp\idpa\atmel\test\test\ArduinoCore\Debug\libArduinoCore.a(Uart.o)
                0x00005ecc                Uart::available()
 .text._ZN4Uart4peekEv
                0x00005ee8       0x1c C:\tmp\idpa\atmel\test\test\ArduinoCore\Debug\libArduinoCore.a(Uart.o)
                0x00005ee8                Uart::peek()
 .text._ZN4Uart4readEv
                0x00005f04       0x1c C:\tmp\idpa\atmel\test\test\ArduinoCore\Debug\libArduinoCore.a(Uart.o)
                0x00005f04                Uart::read()
 .text._ZN4Uart5writeEh
                0x00005f20       0x28 C:\tmp\idpa\atmel\test\test\ArduinoCore\Debug\libArduinoCore.a(Uart.o)
                0x00005f20                Uart::write(unsigned char)
 .text._ZN4Uart16extractNbStopBitEt
                0x00005f48       0x28 C:\tmp\idpa\atmel\test\test\ArduinoCore\Debug\libArduinoCore.a(Uart.o)
                0x00005f48                Uart::extractNbStopBit(unsigned short)
 .text._ZN4Uart15extractCharSizeEt
                0x00005f70       0x48 C:\tmp\idpa\atmel\test\test\ArduinoCore\Debug\libArduinoCore.a(Uart.o)
                0x00005f70                Uart::extractCharSize(unsigned short)
 .text._ZN4Uart13extractParityEt
                0x00005fb8       0x30 C:\tmp\idpa\atmel\test\test\ArduinoCore\Debug\libArduinoCore.a(Uart.o)
                0x00005fb8                Uart::extractParity(unsigned short)
 .text._ZN5Print13setWriteErrorEi
                0x00005fe8       0x18 C:\tmp\idpa\atmel\test\test\ArduinoCore\Debug\libArduinoCore.a(CDC.o)
                0x00005fe8                Print::setWriteError(int)
 .text._ZN7Serial_C2ER14USBDeviceClass
                0x00006000       0x34 C:\tmp\idpa\atmel\test\test\ArduinoCore\Debug\libArduinoCore.a(CDC.o)
                0x00006000                Serial_::Serial_(USBDeviceClass&)
                0x00006000                Serial_::Serial_(USBDeviceClass&)
 .text._Z16CDC_GetInterfacePh
                0x00006034       0x34 C:\tmp\idpa\atmel\test\test\ArduinoCore\Debug\libArduinoCore.a(CDC.o)
                0x00006034                CDC_GetInterface(unsigned char*)
 .text._Z9CDC_SetupR8USBSetup
                0x00006068       0xf0 C:\tmp\idpa\atmel\test\test\ArduinoCore\Debug\libArduinoCore.a(CDC.o)
                0x00006068                CDC_Setup(USBSetup&)
 .text._ZN7Serial_9availableEv
                0x00006158       0x20 C:\tmp\idpa\atmel\test\test\ArduinoCore\Debug\libArduinoCore.a(CDC.o)
                0x00006158                Serial_::available()
 .text._ZN7Serial_17availableForWriteEv
                0x00006178       0x14 C:\tmp\idpa\atmel\test\test\ArduinoCore\Debug\libArduinoCore.a(CDC.o)
                0x00006178                Serial_::availableForWrite()
 .text._ZN7Serial_4peekEv
                0x0000618c       0x3c C:\tmp\idpa\atmel\test\test\ArduinoCore\Debug\libArduinoCore.a(CDC.o)
                0x0000618c                Serial_::peek()
 .text._ZN7Serial_4readEv
                0x000061c8       0x3c C:\tmp\idpa\atmel\test\test\ArduinoCore\Debug\libArduinoCore.a(CDC.o)
                0x000061c8                Serial_::read()
 .text._ZN7Serial_5flushEv
                0x00006204       0x1c C:\tmp\idpa\atmel\test\test\ArduinoCore\Debug\libArduinoCore.a(CDC.o)
                0x00006204                Serial_::flush()
 .text._ZN7Serial_5writeEPKhj
                0x00006220       0x3c C:\tmp\idpa\atmel\test\test\ArduinoCore\Debug\libArduinoCore.a(CDC.o)
                0x00006220                Serial_::write(unsigned char const*, unsigned int)
 .text._ZN7Serial_5writeEh
                0x0000625c       0x28 C:\tmp\idpa\atmel\test\test\ArduinoCore\Debug\libArduinoCore.a(CDC.o)
                0x0000625c                Serial_::write(unsigned char)
 .text._Z41__static_initialization_and_destruction_0ii
                0x00006284       0x38 C:\tmp\idpa\atmel\test\test\ArduinoCore\Debug\libArduinoCore.a(CDC.o)
 .text._GLOBAL__sub_I__Z17_CDC_GetInterfacev
                0x000062bc       0x18 C:\tmp\idpa\atmel\test\test\ArduinoCore\Debug\libArduinoCore.a(CDC.o)
 .text._ZN13PluggableUSB_12getInterfaceEPh
                0x000062d4       0x54 C:\tmp\idpa\atmel\test\test\ArduinoCore\Debug\libArduinoCore.a(PluggableUSB.o)
                0x000062d4                PluggableUSB_::getInterface(unsigned char*)
 .text._ZN13PluggableUSB_13getDescriptorER8USBSetup
                0x00006328       0x48 C:\tmp\idpa\atmel\test\test\ArduinoCore\Debug\libArduinoCore.a(PluggableUSB.o)
                0x00006328                PluggableUSB_::getDescriptor(USBSetup&)
 .text._ZN13PluggableUSB_12getShortNameEPc
                0x00006370       0x48 C:\tmp\idpa\atmel\test\test\ArduinoCore\Debug\libArduinoCore.a(PluggableUSB.o)
                0x00006370                PluggableUSB_::getShortName(char*)
 .text._ZN13PluggableUSB_5setupER8USBSetup
                0x000063b8       0x40 C:\tmp\idpa\atmel\test\test\ArduinoCore\Debug\libArduinoCore.a(PluggableUSB.o)
                0x000063b8                PluggableUSB_::setup(USBSetup&)
 .text._Z12PluggableUSBv
                0x000063f8       0x2c C:\tmp\idpa\atmel\test\test\ArduinoCore\Debug\libArduinoCore.a(PluggableUSB.o)
                0x000063f8                PluggableUSB()
 .text._ZN13PluggableUSB_C2Ev
                0x00006424       0x24 C:\tmp\idpa\atmel\test\test\ArduinoCore\Debug\libArduinoCore.a(PluggableUSB.o)
                0x00006424                PluggableUSB_::PluggableUSB_()
                0x00006424                PluggableUSB_::PluggableUSB_()
 .text._ZN10RingBufferC2Ev
                0x00006448       0x28 C:\tmp\idpa\atmel\test\test\ArduinoCore\Debug\libArduinoCore.a(RingBuffer.o)
                0x00006448                RingBuffer::RingBuffer()
                0x00006448                RingBuffer::RingBuffer()
 .text._ZN10RingBuffer10store_charEh
                0x00006470       0x4c C:\tmp\idpa\atmel\test\test\ArduinoCore\Debug\libArduinoCore.a(RingBuffer.o)
                0x00006470                RingBuffer::store_char(unsigned char)
 .text._ZN10RingBuffer5clearEv
                0x000064bc       0x20 C:\tmp\idpa\atmel\test\test\ArduinoCore\Debug\libArduinoCore.a(RingBuffer.o)
                0x000064bc                RingBuffer::clear()
 .text._ZN10RingBuffer9read_charEv
                0x000064dc       0x54 C:\tmp\idpa\atmel\test\test\ArduinoCore\Debug\libArduinoCore.a(RingBuffer.o)
                0x000064dc                RingBuffer::read_char()
 .text._ZN10RingBuffer9availableEv
                0x00006530       0x30 C:\tmp\idpa\atmel\test\test\ArduinoCore\Debug\libArduinoCore.a(RingBuffer.o)
                0x00006530                RingBuffer::available()
 .text._ZN10RingBuffer4peekEv
                0x00006560       0x30 C:\tmp\idpa\atmel\test\test\ArduinoCore\Debug\libArduinoCore.a(RingBuffer.o)
                0x00006560                RingBuffer::peek()
 .text._ZN10RingBuffer9nextIndexEi
                0x00006590       0x20 C:\tmp\idpa\atmel\test\test\ArduinoCore\Debug\libArduinoCore.a(RingBuffer.o)
                0x00006590                RingBuffer::nextIndex(int)
 .text.__aeabi_atexit
                0x000065b0        0xe c:/program files (x86)/atmel/studio/7.0/toolchain/arm/arm-gnu-toolchain/bin/../lib/gcc/arm-none-eabi/5.3.1/../../../../arm-none-eabi/lib/armv6-m\libstdc++_nano.a(atexit_arm.o)
                0x000065b0                __aeabi_atexit
 *fill*         0x000065be        0x2 
 .text          0x000065c0      0x114 c:/program files (x86)/atmel/studio/7.0/toolchain/arm/arm-gnu-toolchain/bin/../lib/gcc/arm-none-eabi/5.3.1/armv6-m\libgcc.a(_udivsi3.o)
                0x000065c0                __aeabi_uidiv
                0x000065c0                __udivsi3
                0x000066cc                __aeabi_uidivmod
 .text          0x000066d4      0x1d4 c:/program files (x86)/atmel/studio/7.0/toolchain/arm/arm-gnu-toolchain/bin/../lib/gcc/arm-none-eabi/5.3.1/armv6-m\libgcc.a(_divsi3.o)
                0x000066d4                __divsi3
                0x000066d4                __aeabi_idiv
                0x000068a0                __aeabi_idivmod
 .text          0x000068a8        0x4 c:/program files (x86)/atmel/studio/7.0/toolchain/arm/arm-gnu-toolchain/bin/../lib/gcc/arm-none-eabi/5.3.1/armv6-m\libgcc.a(_dvmd_tls.o)
                0x000068a8                __aeabi_idiv0
                0x000068a8                __aeabi_ldiv0
 .text          0x000068ac       0x7c c:/program files (x86)/atmel/studio/7.0/toolchain/arm/arm-gnu-toolchain/bin/../lib/gcc/arm-none-eabi/5.3.1/armv6-m\libgcc.a(_arm_cmpdf2.o)
                0x000068ac                __aeabi_cdrcmple
                0x000068bc                __aeabi_cdcmple
                0x000068bc                __aeabi_cdcmpeq
                0x000068cc                __aeabi_dcmpeq
                0x000068d8                __aeabi_dcmplt
                0x000068ec                __aeabi_dcmple
                0x00006900                __aeabi_dcmpgt
                0x00006914                __aeabi_dcmpge
 .text          0x00006928       0x3c c:/program files (x86)/atmel/studio/7.0/toolchain/arm/arm-gnu-toolchain/bin/../lib/gcc/arm-none-eabi/5.3.1/armv6-m\libgcc.a(_fixunsdfsi.o)
                0x00006928                __aeabi_d2uiz
                0x00006928                __fixunsdfsi
 .text          0x00006964       0x80 c:/program files (x86)/atmel/studio/7.0/toolchain/arm/arm-gnu-toolchain/bin/../lib/gcc/arm-none-eabi/5.3.1/armv6-m\libgcc.a(eqdf2.o)
                0x00006964                __nedf2
                0x00006964                __eqdf2
 .text          0x000069e4       0xc8 c:/program files (x86)/atmel/studio/7.0/toolchain/arm/arm-gnu-toolchain/bin/../lib/gcc/arm-none-eabi/5.3.1/armv6-m\libgcc.a(gedf2.o)
                0x000069e4                __gedf2
                0x000069e4                __gtdf2
 .text          0x00006aac       0xd4 c:/program files (x86)/atmel/studio/7.0/toolchain/arm/arm-gnu-toolchain/bin/../lib/gcc/arm-none-eabi/5.3.1/armv6-m\libgcc.a(ledf2.o)
                0x00006aac                __ledf2
                0x00006aac                __ltdf2
 .text          0x00006b80      0x6a8 c:/program files (x86)/atmel/studio/7.0/toolchain/arm/arm-gnu-toolchain/bin/../lib/gcc/arm-none-eabi/5.3.1/armv6-m\libgcc.a(subdf3.o)
                0x00006b80                __aeabi_dsub
 .text          0x00007228       0x6c c:/program files (x86)/atmel/studio/7.0/toolchain/arm/arm-gnu-toolchain/bin/../lib/gcc/arm-none-eabi/5.3.1/armv6-m\libgcc.a(fixdfsi.o)
                0x00007228                __aeabi_d2iz
 .text          0x00007294       0x84 c:/program files (x86)/atmel/studio/7.0/toolchain/arm/arm-gnu-toolchain/bin/../lib/gcc/arm-none-eabi/5.3.1/armv6-m\libgcc.a(floatsidf.o)
                0x00007294                __aeabi_i2d
 .text          0x00007318       0x3c c:/program files (x86)/atmel/studio/7.0/toolchain/arm/arm-gnu-toolchain/bin/../lib/gcc/arm-none-eabi/5.3.1/armv6-m\libgcc.a(_clzsi2.o)
                0x00007318                __clzsi2
 .text.__cxa_atexit
                0x00007354       0x1c c:/program files (x86)/atmel/studio/7.0/toolchain/arm/arm-gnu-toolchain/bin/../lib/gcc/arm-none-eabi/5.3.1/../../../../arm-none-eabi/lib/armv6-m\libc_nano.a(lib_a-cxa_atexit.o)
                0x00007354                __cxa_atexit
 .text.__libc_init_array
                0x00007370       0x4c c:/program files (x86)/atmel/studio/7.0/toolchain/arm/arm-gnu-toolchain/bin/../lib/gcc/arm-none-eabi/5.3.1/../../../../arm-none-eabi/lib/armv6-m\libc_nano.a(lib_a-init.o)
                0x00007370                __libc_init_array
 .text.malloc   0x000073bc       0x14 c:/program files (x86)/atmel/studio/7.0/toolchain/arm/arm-gnu-toolchain/bin/../lib/gcc/arm-none-eabi/5.3.1/../../../../arm-none-eabi/lib/armv6-m\libc_nano.a(lib_a-malloc.o)
                0x000073bc                malloc
 .text.free     0x000073d0       0x14 c:/program files (x86)/atmel/studio/7.0/toolchain/arm/arm-gnu-toolchain/bin/../lib/gcc/arm-none-eabi/5.3.1/../../../../arm-none-eabi/lib/armv6-m\libc_nano.a(lib_a-malloc.o)
                0x000073d0                free
 .text.memcpy   0x000073e4       0x12 c:/program files (x86)/atmel/studio/7.0/toolchain/arm/arm-gnu-toolchain/bin/../lib/gcc/arm-none-eabi/5.3.1/../../../../arm-none-eabi/lib/armv6-m\libc_nano.a(lib_a-memcpy-stub.o)
                0x000073e4                memcpy
 .text.memset   0x000073f6       0x10 c:/program files (x86)/atmel/studio/7.0/toolchain/arm/arm-gnu-toolchain/bin/../lib/gcc/arm-none-eabi/5.3.1/../../../../arm-none-eabi/lib/armv6-m\libc_nano.a(lib_a-memset.o)
                0x000073f6                memset
 *fill*         0x00007406        0x2 
 .text._free_r  0x00007408       0x8c c:/program files (x86)/atmel/studio/7.0/toolchain/arm/arm-gnu-toolchain/bin/../lib/gcc/arm-none-eabi/5.3.1/../../../../arm-none-eabi/lib/armv6-m\libc_nano.a(lib_a-nano-freer.o)
                0x00007408                _free_r
 .text._malloc_r
                0x00007494       0xac c:/program files (x86)/atmel/studio/7.0/toolchain/arm/arm-gnu-toolchain/bin/../lib/gcc/arm-none-eabi/5.3.1/../../../../arm-none-eabi/lib/armv6-m\libc_nano.a(lib_a-nano-mallocr.o)
                0x00007494                _malloc_r
 .text._sbrk_r  0x00007540       0x24 c:/program files (x86)/atmel/studio/7.0/toolchain/arm/arm-gnu-toolchain/bin/../lib/gcc/arm-none-eabi/5.3.1/../../../../arm-none-eabi/lib/armv6-m\libc_nano.a(lib_a-sbrkr.o)
                0x00007540                _sbrk_r
 .text          0x00007564        0xe c:/program files (x86)/atmel/studio/7.0/toolchain/arm/arm-gnu-toolchain/bin/../lib/gcc/arm-none-eabi/5.3.1/../../../../arm-none-eabi/lib/armv6-m\libc_nano.a(lib_a-strlen.o)
                0x00007564                strlen
 *fill*         0x00007572        0x2 
 .text._sbrk    0x00007574       0x1c c:/program files (x86)/atmel/studio/7.0/toolchain/arm/arm-gnu-toolchain/bin/../lib/gcc/arm-none-eabi/5.3.1/../../../../arm-none-eabi/lib/armv6-m\libnosys.a(sbrk.o)
                0x00007574                _sbrk
 *(.init)
 .init          0x00007590        0x4 c:/program files (x86)/atmel/studio/7.0/toolchain/arm/arm-gnu-toolchain/bin/../lib/gcc/arm-none-eabi/5.3.1/armv6-m/crti.o
                0x00007590                _init
 .init          0x00007594        0x8 c:/program files (x86)/atmel/studio/7.0/toolchain/arm/arm-gnu-toolchain/bin/../lib/gcc/arm-none-eabi/5.3.1/armv6-m/crtn.o
 *(.fini)
 .fini          0x0000759c        0x4 c:/program files (x86)/atmel/studio/7.0/toolchain/arm/arm-gnu-toolchain/bin/../lib/gcc/arm-none-eabi/5.3.1/armv6-m/crti.o
                0x0000759c                _fini
 .fini          0x000075a0        0x8 c:/program files (x86)/atmel/studio/7.0/toolchain/arm/arm-gnu-toolchain/bin/../lib/gcc/arm-none-eabi/5.3.1/armv6-m/crtn.o
 *crtbegin.o(.ctors)
 *crtbegin?.o(.ctors)
 *(EXCLUDE_FILE(*crtend.o *crtend?.o) .ctors)
 *(SORT(.ctors.*))
 *(.ctors)
 *crtbegin.o(.dtors)
 *crtbegin?.o(.dtors)
 *(EXCLUDE_FILE(*crtend.o *crtend?.o) .dtors)
 *(SORT(.dtors.*))
 *(.dtors)
 *(.rodata*)
 .rodata._ZTV16APA102ControllerILh6ELh9EL6EOrder136ELh4EE
                0x000075a8       0x24 Sketch.o
                0x000075a8                vtable for APA102Controller<(unsigned char)6, (unsigned char)9, (EOrder)136, (unsigned char)4>
 .rodata._ZTV19CPixelLEDControllerIL6EOrder136ELi1ELm4294967295EE
                0x000075cc       0x24 Sketch.o
                0x000075cc                vtable for CPixelLEDController<(EOrder)136, 1, 4294967295ul>
 .rodata._ZTV14CLEDController
                0x000075f0       0x20 Sketch.o
                0x000075f0                vtable for CLEDController
 .rodata._ZL15STRING_LANGUAGE
                0x00007610        0x4 C:\tmp\idpa\atmel\test\test\ArduinoCore\Debug\libArduinoCore.a(USBCore.o)
 .rodata._ZL14STRING_PRODUCT
                0x00007614        0xb C:\tmp\idpa\atmel\test\test\ArduinoCore\Debug\libArduinoCore.a(USBCore.o)
 *fill*         0x0000761f        0x1 
 .rodata._ZL19STRING_MANUFACTURER
                0x00007620        0x9 C:\tmp\idpa\atmel\test\test\ArduinoCore\Debug\libArduinoCore.a(USBCore.o)
 *fill*         0x00007629        0x3 
 .rodata._ZL21USB_DeviceDescriptorB
                0x0000762c       0x12 C:\tmp\idpa\atmel\test\test\ArduinoCore\Debug\libArduinoCore.a(USBCore.o)
 *fill*         0x0000763e        0x2 
 .rodata._ZL20USB_DeviceDescriptor
                0x00007640       0x12 C:\tmp\idpa\atmel\test\test\ArduinoCore\Debug\libArduinoCore.a(USBCore.o)
 *fill*         0x00007652        0x2 
 .rodata._ZN14USBDeviceClass19handleStandardSetupER8USBSetup
                0x00007654       0x30 C:\tmp\idpa\atmel\test\test\ArduinoCore\Debug\libArduinoCore.a(USBCore.o)
 .rodata._ZTV26DoubleBufferedEPOutHandler
                0x00007684       0x14 C:\tmp\idpa\atmel\test\test\ArduinoCore\Debug\libArduinoCore.a(USBCore.o)
                0x00007684                vtable for DoubleBufferedEPOutHandler
 .rodata._ZTV9EPHandler
                0x00007698       0x14 C:\tmp\idpa\atmel\test\test\ArduinoCore\Debug\libArduinoCore.a(USBCore.o)
                0x00007698                vtable for EPHandler
 .rodata.analogReference
                0x000076ac       0x18 C:\tmp\idpa\atmel\test\test\ArduinoCore\Debug\libArduinoCore.a(wiring_analog.o)
 .rodata.pinPeripheral
                0x000076c4       0x34 C:\tmp\idpa\atmel\test\test\ArduinoCore\Debug\libArduinoCore.a(wiring_private.o)
 .rodata.g_APinDescription
                0x000076f8      0x450 C:\tmp\idpa\atmel\test\test\ArduinoCore\Debug\libArduinoCore.a(variant.o)
                0x000076f8                g_APinDescription
 .rodata._ZTV14HardwareSerial
                0x00007b48       0x38 C:\tmp\idpa\atmel\test\test\ArduinoCore\Debug\libArduinoCore.a(variant.o)
                0x00007b48                vtable for HardwareSerial
 .rodata._ZTV5Print
                0x00007b80       0x10 C:\tmp\idpa\atmel\test\test\ArduinoCore\Debug\libArduinoCore.a(Print.o)
                0x00007b80                vtable for Print
 .rodata._ZTV4Uart
                0x00007b90       0x38 C:\tmp\idpa\atmel\test\test\ArduinoCore\Debug\libArduinoCore.a(Uart.o)
                0x00007b90                vtable for Uart
 .rodata._ZTV6Stream
                0x00007bc8       0x20 C:\tmp\idpa\atmel\test\test\ArduinoCore\Debug\libArduinoCore.a(Uart.o)
                0x00007bc8                vtable for Stream
 .rodata._ZTV7Serial_
                0x00007be8       0x24 C:\tmp\idpa\atmel\test\test\ArduinoCore\Debug\libArduinoCore.a(CDC.o)
                0x00007be8                vtable for Serial_
 .rodata.str1.1
                0x00007c0c        0x2 c:/program files (x86)/atmel/studio/7.0/toolchain/arm/arm-gnu-toolchain/bin/../lib/gcc/arm-none-eabi/5.3.1/../../../../arm-none-eabi/lib/armv6-m\libc_nano.a(lib_a-impure.o)
 *(.eh_frame*)
 *fill*         0x00007c0e        0x2 
 .eh_frame      0x00007c10        0x0 c:/program files (x86)/atmel/studio/7.0/toolchain/arm/arm-gnu-toolchain/bin/../lib/gcc/arm-none-eabi/5.3.1/armv6-m/crtbegin.o
 .eh_frame      0x00007c10        0x4 c:/program files (x86)/atmel/studio/7.0/toolchain/arm/arm-gnu-toolchain/bin/../lib/gcc/arm-none-eabi/5.3.1/armv6-m/crtend.o

.glue_7         0x00007c14        0x0
 .glue_7        0x00007c14        0x0 linker stubs

.glue_7t        0x00007c14        0x0
 .glue_7t       0x00007c14        0x0 linker stubs

.vfp11_veneer   0x00007c14        0x0
 .vfp11_veneer  0x00007c14        0x0 linker stubs

.v4_bx          0x00007c14        0x0
 .v4_bx         0x00007c14        0x0 linker stubs

.iplt           0x00007c14        0x0
 .iplt          0x00007c14        0x0 c:/program files (x86)/atmel/studio/7.0/toolchain/arm/arm-gnu-toolchain/bin/../lib/gcc/arm-none-eabi/5.3.1/armv6-m/crtbegin.o

.ramfunc        0x00007c14       0x74
 .ramfunc       0x00007c14       0x74 C:\tmp\idpa\atmel\test\test\ArduinoCore\Debug\libArduinoCore.a(Reset.o)

.rel.dyn        0x00007c88        0x0
 .rel.iplt      0x00007c88        0x0 c:/program files (x86)/atmel/studio/7.0/toolchain/arm/arm-gnu-toolchain/bin/../lib/gcc/arm-none-eabi/5.3.1/armv6-m/crtbegin.o

.ARM.extab
 *(.ARM.extab* .gnu.linkonce.armextab.*)
                0x00007c88                __exidx_start = .

.ARM.exidx
 *(.ARM.exidx* .gnu.linkonce.armexidx.*)
                0x00007c88                __exidx_end = .
                0x00007c88                __etext = .

.data           0x20000000      0x110 load address 0x00007c88
                0x20000000                __data_start__ = .
 *(vtable)
 *(.data*)
 .data          0x20000000        0x4 c:/program files (x86)/atmel/studio/7.0/toolchain/arm/arm-gnu-toolchain/bin/../lib/gcc/arm-none-eabi/5.3.1/armv6-m/crtbegin.o
                0x20000000                __dso_handle
 .data.color_flag
                0x20000004        0x1 Sketch.o
                0x20000004                color_flag
 *fill*         0x20000005        0x3 
 .data._ZL5ticks
                0x20000008        0x4 C:\tmp\idpa\atmel\test\test\ArduinoCore\Debug\libArduinoCore.a(Reset.o)
 .data.EndPoints
                0x2000000c       0x28 C:\tmp\idpa\atmel\test\test\ArduinoCore\Debug\libArduinoCore.a(USBCore.o)
                0x2000000c                EndPoints
 .data.SystemCoreClock
                0x20000034        0x4 C:\tmp\idpa\atmel\test\test\ArduinoCore\Debug\libArduinoCore.a(wiring.o)
                0x20000034                SystemCoreClock
 .data._ZL12_usbLineInfo
                0x20000038        0x8 C:\tmp\idpa\atmel\test\test\ArduinoCore\Debug\libArduinoCore.a(CDC.o)
 .data._ZL10breakValue
                0x20000040        0x4 C:\tmp\idpa\atmel\test\test\ArduinoCore\Debug\libArduinoCore.a(CDC.o)
 .data._ZL13_cdcInterface
                0x20000044       0x42 C:\tmp\idpa\atmel\test\test\ArduinoCore\Debug\libArduinoCore.a(CDC.o)
 *fill*         0x20000086        0x2 
 .data._serialPeek
                0x20000088        0x4 C:\tmp\idpa\atmel\test\test\ArduinoCore\Debug\libArduinoCore.a(CDC.o)
                0x20000088                _serialPeek
 .data.impure_data
                0x2000008c       0x60 c:/program files (x86)/atmel/studio/7.0/toolchain/arm/arm-gnu-toolchain/bin/../lib/gcc/arm-none-eabi/5.3.1/../../../../arm-none-eabi/lib/armv6-m\libc_nano.a(lib_a-impure.o)
 .data._impure_ptr
                0x200000ec        0x4 c:/program files (x86)/atmel/studio/7.0/toolchain/arm/arm-gnu-toolchain/bin/../lib/gcc/arm-none-eabi/5.3.1/../../../../arm-none-eabi/lib/armv6-m\libc_nano.a(lib_a-impure.o)
                0x200000ec                _impure_ptr
                0x200000f0                . = ALIGN (0x4)
                0x200000f0                PROVIDE (__preinit_array_start, .)
 *(.preinit_array)
                0x200000f0                PROVIDE (__preinit_array_end, .)
                0x200000f0                . = ALIGN (0x4)
                0x200000f0                PROVIDE (__init_array_start, .)
 *(SORT(.init_array.*))
 *(.init_array)
 .init_array    0x200000f0        0x4 c:/program files (x86)/atmel/studio/7.0/toolchain/arm/arm-gnu-toolchain/bin/../lib/gcc/arm-none-eabi/5.3.1/armv6-m/crtbegin.o
 .init_array    0x200000f4        0x4 Sketch.o
 .init_array    0x200000f8        0x4 C:\tmp\idpa\atmel\test\test\ArduinoCore\Debug\libArduinoCore.a(USBCore.o)
 .init_array    0x200000fc        0x4 C:\tmp\idpa\atmel\test\test\ArduinoCore\Debug\libArduinoCore.a(FastLED.o)
 .init_array    0x20000100        0x4 C:\tmp\idpa\atmel\test\test\ArduinoCore\Debug\libArduinoCore.a(variant.o)
 .init_array    0x20000104        0x4 C:\tmp\idpa\atmel\test\test\ArduinoCore\Debug\libArduinoCore.a(CDC.o)
                0x20000108                PROVIDE (__init_array_end, .)
                0x20000108                . = ALIGN (0x4)
                [!provide]                PROVIDE (__fini_array_start, .)
 *(SORT(.fini_array.*))
 *(.fini_array)
 .fini_array    0x20000108        0x4 c:/program files (x86)/atmel/studio/7.0/toolchain/arm/arm-gnu-toolchain/bin/../lib/gcc/arm-none-eabi/5.3.1/armv6-m/crtbegin.o
                [!provide]                PROVIDE (__fini_array_end, .)
 *(.jcr*)
 .jcr           0x2000010c        0x0 c:/program files (x86)/atmel/studio/7.0/toolchain/arm/arm-gnu-toolchain/bin/../lib/gcc/arm-none-eabi/5.3.1/armv6-m/crtbegin.o
 .jcr           0x2000010c        0x4 c:/program files (x86)/atmel/studio/7.0/toolchain/arm/arm-gnu-toolchain/bin/../lib/gcc/arm-none-eabi/5.3.1/armv6-m/crtend.o
                0x20000110                . = ALIGN (0x10)
                0x20000110                __data_end__ = .

.igot.plt       0x20000110        0x0 load address 0x00007d98
 .igot.plt      0x20000110        0x0 c:/program files (x86)/atmel/studio/7.0/toolchain/arm/arm-gnu-toolchain/bin/../lib/gcc/arm-none-eabi/5.3.1/armv6-m/crtbegin.o

.bss            0x20000110      0x8d4 load address 0x00007d98
                0x20000110                . = ALIGN (0x4)
                0x20000110                __bss_start__ = .
 *(.bss*)
 .bss           0x20000110       0x1c c:/program files (x86)/atmel/studio/7.0/toolchain/arm/arm-gnu-toolchain/bin/../lib/gcc/arm-none-eabi/5.3.1/armv6-m/crtbegin.o
 .bss.leds      0x2000012c       0xb4 Sketch.o
                0x2000012c                leds
 .bss.counter   0x200001e0        0x4 Sketch.o
                0x200001e0                counter
 .bss._ZZN8CFastLED7addLedsIL12ESPIChipsets7ELh6ELh9EL6EOrder136EEER14CLEDControllerP4CRGBiiE1c_4
                0x200001e4       0x1c Sketch.o
                0x200001e4                CLEDController& CFastLED::addLeds<(ESPIChipsets)7, (unsigned char)6, (unsigned char)9, (EOrder)136>(CRGB*, int, int)::c
 .bss._ZGVZN8CFastLED7addLedsIL12ESPIChipsets7ELh6ELh9EL6EOrder136EEER14CLEDControllerP4CRGBiiE1c_4
                0x20000200        0x4 Sketch.o
                0x20000200                guard variable for CLEDController& CFastLED::addLeds<(ESPIChipsets)7, (unsigned char)6, (unsigned char)9, (EOrder)136>(CRGB*, int, int)::c
 .bss._ZN7FastPinILh6EE8sPinMaskE
                0x20000204        0x4 Sketch.o
                0x20000204                FastPin<(unsigned char)6>::sPinMask
 .bss._ZN7FastPinILh6EE5sPortE
                0x20000208        0x4 Sketch.o
                0x20000208                FastPin<(unsigned char)6>::sPort
 .bss._ZN7FastPinILh6EE7sInPortE
                0x2000020c        0x4 Sketch.o
                0x2000020c                FastPin<(unsigned char)6>::sInPort
 .bss._ZN7FastPinILh9EE8sPinMaskE
                0x20000210        0x4 Sketch.o
                0x20000210                FastPin<(unsigned char)9>::sPinMask
 .bss._ZN7FastPinILh9EE5sPortE
                0x20000214        0x4 Sketch.o
                0x20000214                FastPin<(unsigned char)9>::sPort
 .bss._ZN7FastPinILh9EE7sInPortE
                0x20000218        0x4 Sketch.o
                0x20000218                FastPin<(unsigned char)9>::sInPort
 .bss._ZZN15PixelControllerIL6EOrder136ELi1ELm4294967295EE21init_binary_ditheringEvE1R
                0x2000021c        0x1 Sketch.o
                0x2000021c                PixelController<(EOrder)136, 1, 4294967295ul>::init_binary_dithering()::R
 *fill*         0x2000021d        0x3 
 .bss.usb_isr   0x20000220        0x4 C:\tmp\idpa\atmel\test\test\ArduinoCore\Debug\libArduinoCore.a(cortex_handlers.o)
 .bss._ulTickCount
                0x20000224        0x4 C:\tmp\idpa\atmel\test\test\ArduinoCore\Debug\libArduinoCore.a(delay.o)
 .bss.usbd      0x20000228      0x104 C:\tmp\idpa\atmel\test\test\ArduinoCore\Debug\libArduinoCore.a(USBCore.o)
                0x20000228                usbd
 .bss._ZL10txLEDPulse
                0x2000032c        0x1 C:\tmp\idpa\atmel\test\test\ArduinoCore\Debug\libArduinoCore.a(USBCore.o)
 .bss._ZL10rxLEDPulse
                0x2000032d        0x1 C:\tmp\idpa\atmel\test\test\ArduinoCore\Debug\libArduinoCore.a(USBCore.o)
 .bss._ZL21isRemoteWakeUpEnabled
                0x2000032e        0x1 C:\tmp\idpa\atmel\test\test\ArduinoCore\Debug\libArduinoCore.a(USBCore.o)
 .bss._ZL14isEndpointHalt
                0x2000032f        0x1 C:\tmp\idpa\atmel\test\test\ArduinoCore\Debug\libArduinoCore.a(USBCore.o)
 .bss._usbConfiguration
                0x20000330        0x4 C:\tmp\idpa\atmel\test\test\ArduinoCore\Debug\libArduinoCore.a(USBCore.o)
                0x20000330                _usbConfiguration
 .bss._usbSetInterface
                0x20000334        0x4 C:\tmp\idpa\atmel\test\test\ArduinoCore\Debug\libArduinoCore.a(USBCore.o)
                0x20000334                _usbSetInterface
 .bss._ZL23udd_ep_out_cache_buffer
                0x20000338      0x1c0 C:\tmp\idpa\atmel\test\test\ArduinoCore\Debug\libArduinoCore.a(USBCore.o)
 .bss._ZL22udd_ep_in_cache_buffer
                0x200004f8      0x1c0 C:\tmp\idpa\atmel\test\test\ArduinoCore\Debug\libArduinoCore.a(USBCore.o)
 .bss._ZL10epHandlers
                0x200006b8       0x1c C:\tmp\idpa\atmel\test\test\ArduinoCore\Debug\libArduinoCore.a(USBCore.o)
 .bss._dry_run  0x200006d4        0x1 C:\tmp\idpa\atmel\test\test\ArduinoCore\Debug\libArduinoCore.a(USBCore.o)
                0x200006d4                _dry_run
 .bss._pack_message
                0x200006d5        0x1 C:\tmp\idpa\atmel\test\test\ArduinoCore\Debug\libArduinoCore.a(USBCore.o)
                0x200006d5                _pack_message
 .bss._pack_size
                0x200006d6        0x2 C:\tmp\idpa\atmel\test\test\ArduinoCore\Debug\libArduinoCore.a(USBCore.o)
                0x200006d6                _pack_size
 .bss._pack_buffer
                0x200006d8      0x100 C:\tmp\idpa\atmel\test\test\ArduinoCore\Debug\libArduinoCore.a(USBCore.o)
                0x200006d8                _pack_buffer
 .bss._ZL20LastTransmitTimedOut
                0x200007d8        0x7 C:\tmp\idpa\atmel\test\test\ArduinoCore\Debug\libArduinoCore.a(USBCore.o)
 *fill*         0x200007df        0x1 
 .bss.USBDevice
                0x200007e0        0x1 C:\tmp\idpa\atmel\test\test\ArduinoCore\Debug\libArduinoCore.a(USBCore.o)
                0x200007e0                USBDevice
 *fill*         0x200007e1        0x3 
 .bss.FastLED   0x200007e4       0x10 C:\tmp\idpa\atmel\test\test\ArduinoCore\Debug\libArduinoCore.a(FastLED.o)
                0x200007e4                FastLED
 .bss._ZN14CLEDController7m_pHeadE
                0x200007f4        0x4 C:\tmp\idpa\atmel\test\test\ArduinoCore\Debug\libArduinoCore.a(FastLED.o)
                0x200007f4                CLEDController::m_pHead
 .bss._ZN14CLEDController7m_pTailE
                0x200007f8        0x4 C:\tmp\idpa\atmel\test\test\ArduinoCore\Debug\libArduinoCore.a(FastLED.o)
                0x200007f8                CLEDController::m_pTail
 .bss._ZL8lastshow
                0x200007fc        0x4 C:\tmp\idpa\atmel\test\test\ArduinoCore\Debug\libArduinoCore.a(FastLED.o)
 .bss._ZZN8CFastLED8countFPSEiE2br
                0x20000800        0x4 C:\tmp\idpa\atmel\test\test\ArduinoCore\Debug\libArduinoCore.a(FastLED.o)
 .bss._ZZN8CFastLED8countFPSEiE9lastframe
                0x20000804        0x4 C:\tmp\idpa\atmel\test\test\ArduinoCore\Debug\libArduinoCore.a(FastLED.o)
 .bss._ZL30gMaxPowerIndicatorLEDPinNumber
                0x20000808        0x1 C:\tmp\idpa\atmel\test\test\ArduinoCore\Debug\libArduinoCore.a(power_mgt.o)
 *fill*         0x20000809        0x3 
 .bss.sercom0   0x2000080c        0x4 C:\tmp\idpa\atmel\test\test\ArduinoCore\Debug\libArduinoCore.a(variant.o)
                0x2000080c                sercom0
 .bss.sercom1   0x20000810        0x4 C:\tmp\idpa\atmel\test\test\ArduinoCore\Debug\libArduinoCore.a(variant.o)
                0x20000810                sercom1
 .bss.sercom2   0x20000814        0x4 C:\tmp\idpa\atmel\test\test\ArduinoCore\Debug\libArduinoCore.a(variant.o)
                0x20000814                sercom2
 .bss.sercom3   0x20000818        0x4 C:\tmp\idpa\atmel\test\test\ArduinoCore\Debug\libArduinoCore.a(variant.o)
                0x20000818                sercom3
 .bss.sercom4   0x2000081c        0x4 C:\tmp\idpa\atmel\test\test\ArduinoCore\Debug\libArduinoCore.a(variant.o)
                0x2000081c                sercom4
 .bss.sercom5   0x20000820        0x4 C:\tmp\idpa\atmel\test\test\ArduinoCore\Debug\libArduinoCore.a(variant.o)
                0x20000820                sercom5
 .bss.Serial1   0x20000824       0xc4 C:\tmp\idpa\atmel\test\test\ArduinoCore\Debug\libArduinoCore.a(variant.o)
                0x20000824                Serial1
 .bss.Serial5   0x200008e8       0xc4 C:\tmp\idpa\atmel\test\test\ArduinoCore\Debug\libArduinoCore.a(variant.o)
                0x200008e8                Serial5
 .bss.Serial    0x200009ac       0x1c C:\tmp\idpa\atmel\test\test\ArduinoCore\Debug\libArduinoCore.a(CDC.o)
                0x200009ac                Serial
 .bss._ZGVZ12PluggableUSBvE3obj
                0x200009c8        0x4 C:\tmp\idpa\atmel\test\test\ArduinoCore\Debug\libArduinoCore.a(PluggableUSB.o)
 .bss._ZZ12PluggableUSBvE3obj
                0x200009cc        0x8 C:\tmp\idpa\atmel\test\test\ArduinoCore\Debug\libArduinoCore.a(PluggableUSB.o)
 .bss.__malloc_sbrk_start
                0x200009d4        0x4 c:/program files (x86)/atmel/studio/7.0/toolchain/arm/arm-gnu-toolchain/bin/../lib/gcc/arm-none-eabi/5.3.1/../../../../arm-none-eabi/lib/armv6-m\libc_nano.a(lib_a-nano-mallocr.o)
                0x200009d4                __malloc_sbrk_start
 .bss.__malloc_free_list
                0x200009d8        0x4 c:/program files (x86)/atmel/studio/7.0/toolchain/arm/arm-gnu-toolchain/bin/../lib/gcc/arm-none-eabi/5.3.1/../../../../arm-none-eabi/lib/armv6-m\libc_nano.a(lib_a-nano-mallocr.o)
                0x200009d8                __malloc_free_list
 .bss.heap_end.4167
                0x200009dc        0x4 c:/program files (x86)/atmel/studio/7.0/toolchain/arm/arm-gnu-toolchain/bin/../lib/gcc/arm-none-eabi/5.3.1/../../../../arm-none-eabi/lib/armv6-m\libnosys.a(sbrk.o)
 *(COMMON)
 COMMON         0x200009e0        0x4 c:/program files (x86)/atmel/studio/7.0/toolchain/arm/arm-gnu-toolchain/bin/../lib/gcc/arm-none-eabi/5.3.1/../../../../arm-none-eabi/lib/armv6-m\libc_nano.a(lib_a-reent.o)
                0x200009e0                errno
                0x200009e4                . = ALIGN (0x4)
                0x200009e4                __bss_end__ = .

.heap           0x200009e4        0x0
                0x200009e4                __end__ = .
                0x200009e4                PROVIDE (end, .)
 *(.heap*)
                0x200009e4                __HeapLimit = .

.stack_dummy    0x200009e4        0x0
 *(.stack*)
                0x20008000                __StackTop = (ORIGIN (RAM) + LENGTH (RAM))
                0x20008000                __StackLimit = (__StackTop - SIZEOF (.stack_dummy))
                0x20008000                PROVIDE (__stack, __StackTop)
                0x20007fff                __ram_end__ = ((ORIGIN (RAM) + LENGTH (RAM)) - 0x1)
                0x00000001                ASSERT ((__StackLimit >= __HeapLimit), region RAM overflowed with stack)
OUTPUT(sketch_jan19a.elf elf32-littlearm)

.ARM.attributes
                0x00000000       0x28
 .ARM.attributes
                0x00000000       0x1e c:/program files (x86)/atmel/studio/7.0/toolchain/arm/arm-gnu-toolchain/bin/../lib/gcc/arm-none-eabi/5.3.1/armv6-m/crti.o
 .ARM.attributes
                0x0000001e       0x2c c:/program files (x86)/atmel/studio/7.0/toolchain/arm/arm-gnu-toolchain/bin/../lib/gcc/arm-none-eabi/5.3.1/armv6-m/crtbegin.o
 .ARM.attributes
                0x0000004a       0x32 Sketch.o
 .ARM.attributes
                0x0000007c       0x32 C:\tmp\idpa\atmel\test\test\ArduinoCore\Debug\libArduinoCore.a(abi.o)
 .ARM.attributes
                0x000000ae       0x32 C:\tmp\idpa\atmel\test\test\ArduinoCore\Debug\libArduinoCore.a(cortex_handlers.o)
 .ARM.attributes
                0x000000e0       0x32 C:\tmp\idpa\atmel\test\test\ArduinoCore\Debug\libArduinoCore.a(delay.o)
 .ARM.attributes
                0x00000112       0x32 C:\tmp\idpa\atmel\test\test\ArduinoCore\Debug\libArduinoCore.a(hooks.o)
 .ARM.attributes
                0x00000144       0x32 C:\tmp\idpa\atmel\test\test\ArduinoCore\Debug\libArduinoCore.a(main.o)
 .ARM.attributes
                0x00000176       0x32 C:\tmp\idpa\atmel\test\test\ArduinoCore\Debug\libArduinoCore.a(Reset.o)
 .ARM.attributes
                0x000001a8       0x32 C:\tmp\idpa\atmel\test\test\ArduinoCore\Debug\libArduinoCore.a(startup.o)
 .ARM.attributes
                0x000001da       0x32 C:\tmp\idpa\atmel\test\test\ArduinoCore\Debug\libArduinoCore.a(USBCore.o)
 .ARM.attributes
                0x0000020c       0x32 C:\tmp\idpa\atmel\test\test\ArduinoCore\Debug\libArduinoCore.a(wiring.o)
 .ARM.attributes
                0x0000023e       0x32 C:\tmp\idpa\atmel\test\test\ArduinoCore\Debug\libArduinoCore.a(wiring_analog.o)
 .ARM.attributes
                0x00000270       0x32 C:\tmp\idpa\atmel\test\test\ArduinoCore\Debug\libArduinoCore.a(wiring_digital.o)
 .ARM.attributes
                0x000002a2       0x32 C:\tmp\idpa\atmel\test\test\ArduinoCore\Debug\libArduinoCore.a(wiring_private.o)
 .ARM.attributes
                0x000002d4       0x32 C:\tmp\idpa\atmel\test\test\ArduinoCore\Debug\libArduinoCore.a(colorutils.o)
 .ARM.attributes
                0x00000306       0x32 C:\tmp\idpa\atmel\test\test\ArduinoCore\Debug\libArduinoCore.a(FastLED.o)
 .ARM.attributes
                0x00000338       0x32 C:\tmp\idpa\atmel\test\test\ArduinoCore\Debug\libArduinoCore.a(hsv2rgb.o)
 .ARM.attributes
                0x0000036a       0x32 C:\tmp\idpa\atmel\test\test\ArduinoCore\Debug\libArduinoCore.a(power_mgt.o)
 .ARM.attributes
                0x0000039c       0x32 C:\tmp\idpa\atmel\test\test\ArduinoCore\Debug\libArduinoCore.a(variant.o)
 .ARM.attributes
                0x000003ce       0x32 C:\tmp\idpa\atmel\test\test\ArduinoCore\Debug\libArduinoCore.a(new.o)
 .ARM.attributes
                0x00000400       0x32 C:\tmp\idpa\atmel\test\test\ArduinoCore\Debug\libArduinoCore.a(Print.o)
 .ARM.attributes
                0x00000432       0x32 C:\tmp\idpa\atmel\test\test\ArduinoCore\Debug\libArduinoCore.a(SERCOM.o)
 .ARM.attributes
                0x00000464       0x32 C:\tmp\idpa\atmel\test\test\ArduinoCore\Debug\libArduinoCore.a(Uart.o)
 .ARM.attributes
                0x00000496       0x32 C:\tmp\idpa\atmel\test\test\ArduinoCore\Debug\libArduinoCore.a(CDC.o)
 .ARM.attributes
                0x000004c8       0x32 C:\tmp\idpa\atmel\test\test\ArduinoCore\Debug\libArduinoCore.a(PluggableUSB.o)
 .ARM.attributes
                0x000004fa       0x32 C:\tmp\idpa\atmel\test\test\ArduinoCore\Debug\libArduinoCore.a(RingBuffer.o)
 .ARM.attributes
                0x0000052c       0x2c c:/program files (x86)/atmel/studio/7.0/toolchain/arm/arm-gnu-toolchain/bin/../lib/gcc/arm-none-eabi/5.3.1/../../../../arm-none-eabi/lib/armv6-m\libstdc++_nano.a(atexit_arm.o)
 .ARM.attributes
                0x00000558       0x1e c:/program files (x86)/atmel/studio/7.0/toolchain/arm/arm-gnu-toolchain/bin/../lib/gcc/arm-none-eabi/5.3.1/armv6-m\libgcc.a(_udivsi3.o)
 .ARM.attributes
                0x00000576       0x1e c:/program files (x86)/atmel/studio/7.0/toolchain/arm/arm-gnu-toolchain/bin/../lib/gcc/arm-none-eabi/5.3.1/armv6-m\libgcc.a(_divsi3.o)
 .ARM.attributes
                0x00000594       0x1e c:/program files (x86)/atmel/studio/7.0/toolchain/arm/arm-gnu-toolchain/bin/../lib/gcc/arm-none-eabi/5.3.1/armv6-m\libgcc.a(_dvmd_tls.o)
 .ARM.attributes